 PREDICTAND GROUPS BY YEAR
197019711972197319741975197619771978197919801981198219831984198519861987198819891990199119921993199419951996199719981999200020012002200320042005200620072008200920102011201220132014201520162017201820192020
  1.  2.  2.  2.  1.  1.  2.  2.  1.  2.  2.  1.  2.  1.  2.  1.  2.  1.  2.  1.  1.  2.  2.  1.  1.  1.  2.  2.  2.  2.  1.  1.  2.  1.  2.  1.  1.  1.  1.  2.  2.  1.  1.  2.  1.  2.  1.  1.  1.  1.  2.
 TERCILE BOUNDARIES:    4.0000000       8.0000000      MEDIAN:    6.0000000    

FCST PERIOD: 1970 TO 2020

PREDICTOR BASE MONTH : 07
GROUP DATA BASE MONTH: 07

PREDICTAND - STATION:   1
1970 LEPS:  12.694 PROB GRP:  1  0.563 PROB GRP:  2  0.437 OBSERVED CAT:  1 MAXL:       -0.51 SD:        3.19 AV:        6.43 SN:  PROB GRP:  1  0.394 PROB GRP:  2  0.329 PROB GRP:  3  0.277
1971 LEPS: -11.178 PROB GRP:  1  0.556 PROB GRP:  2  0.444 OBSERVED CAT:  2 MAXL:       -0.45 SD:        3.19 AV:        6.43 SN:  PROB GRP:  1  0.386 PROB GRP:  2  0.330 PROB GRP:  3  0.283
1972 LEPS:   5.648 PROB GRP:  1  0.472 PROB GRP:  2  0.528 OBSERVED CAT:  2 MAXL:        0.23 SD:        3.19 AV:        6.43 SN:  PROB GRP:  1  0.308 PROB GRP:  2  0.333 PROB GRP:  3  0.360
1973 LEPS: -20.465 PROB GRP:  1  0.602 PROB GRP:  2  0.398 OBSERVED CAT:  2 MAXL:       -0.83 SD:        3.19 AV:        6.43 SN:  PROB GRP:  1  0.433 PROB GRP:  2  0.323 PROB GRP:  3  0.245
1974 LEPS:   7.709 PROB GRP:  1  0.538 PROB GRP:  2  0.462 OBSERVED CAT:  1 MAXL:       -0.31 SD:        3.19 AV:        6.43 SN:  PROB GRP:  1  0.370 PROB GRP:  2  0.332 PROB GRP:  3  0.298
1975 LEPS:  16.277 PROB GRP:  1  0.581 PROB GRP:  2  0.419 OBSERVED CAT:  1 MAXL:       -0.66 SD:        3.19 AV:        6.43 SN:  PROB GRP:  1  0.412 PROB GRP:  2  0.327 PROB GRP:  3  0.262
1976 LEPS:   1.653 PROB GRP:  1  0.492 PROB GRP:  2  0.508 OBSERVED CAT:  2 MAXL:        0.07 SD:        3.19 AV:        6.43 SN:  PROB GRP:  1  0.325 PROB GRP:  2  0.333 PROB GRP:  3  0.341
1977 LEPS:   2.146 PROB GRP:  1  0.489 PROB GRP:  2  0.511 OBSERVED CAT:  2 MAXL:        0.09 SD:        3.19 AV:        6.43 SN:  PROB GRP:  1  0.323 PROB GRP:  2  0.333 PROB GRP:  3  0.343
1978 LEPS:  -5.603 PROB GRP:  1  0.528 PROB GRP:  2  0.472 OBSERVED CAT:  2 MAXL:       -0.23 SD:        3.19 AV:        6.43 SN:  PROB GRP:  1  0.360 PROB GRP:  2  0.333 PROB GRP:  3  0.308
1979 LEPS:   0.278 PROB GRP:  1  0.499 PROB GRP:  2  0.501 OBSERVED CAT:  2 MAXL:        0.02 SD:        3.19 AV:        6.43 SN:  PROB GRP:  1  0.332 PROB GRP:  2  0.333 PROB GRP:  3  0.335
1980 LEPS:  -0.945 PROB GRP:  1  0.505 PROB GRP:  2  0.495 OBSERVED CAT:  2 MAXL:       -0.04 SD:        3.19 AV:        6.43 SN:  PROB GRP:  1  0.338 PROB GRP:  2  0.333 PROB GRP:  3  0.328
1981 LEPS:   4.733 PROB GRP:  1  0.524 PROB GRP:  2  0.476 OBSERVED CAT:  1 MAXL:       -0.19 SD:        3.19 AV:        6.43 SN:  PROB GRP:  1  0.355 PROB GRP:  2  0.333 PROB GRP:  3  0.312
1982 LEPS:   5.284 PROB GRP:  1  0.474 PROB GRP:  2  0.526 OBSERVED CAT:  2 MAXL:        0.21 SD:        3.19 AV:        6.43 SN:  PROB GRP:  1  0.309 PROB GRP:  2  0.333 PROB GRP:  3  0.358
1983 LEPS:   2.615 PROB GRP:  1  0.513 PROB GRP:  2  0.487 OBSERVED CAT:  1 MAXL:       -0.11 SD:        3.19 AV:        6.43 SN:  PROB GRP:  1  0.346 PROB GRP:  2  0.333 PROB GRP:  3  0.321
1984 LEPS:  -2.072 PROB GRP:  1  0.510 PROB GRP:  2  0.490 OBSERVED CAT:  2 MAXL:       -0.09 SD:        3.19 AV:        6.43 SN:  PROB GRP:  1  0.343 PROB GRP:  2  0.333 PROB GRP:  3  0.323
1985 LEPS:  -5.402 PROB GRP:  1  0.527 PROB GRP:  2  0.473 OBSERVED CAT:  2 MAXL:       -0.22 SD:        3.19 AV:        6.43 SN:  PROB GRP:  1  0.359 PROB GRP:  2  0.333 PROB GRP:  3  0.308
1986 LEPS:   2.688 PROB GRP:  1  0.487 PROB GRP:  2  0.513 OBSERVED CAT:  2 MAXL:        0.11 SD:        3.19 AV:        6.43 SN:  PROB GRP:  1  0.321 PROB GRP:  2  0.333 PROB GRP:  3  0.346
1987 LEPS: -35.090 PROB GRP:  1  0.324 PROB GRP:  2  0.676 OBSERVED CAT:  1 MAXL:        1.45 SD:        3.19 AV:        6.43 SN:  PROB GRP:  1  0.188 PROB GRP:  2  0.302 PROB GRP:  3  0.510
1988 LEPS: -14.787 PROB GRP:  1  0.574 PROB GRP:  2  0.426 OBSERVED CAT:  2 MAXL:       -0.60 SD:        3.19 AV:        6.43 SN:  PROB GRP:  1  0.404 PROB GRP:  2  0.328 PROB GRP:  3  0.268
1989 LEPS:   4.911 PROB GRP:  1  0.524 PROB GRP:  2  0.476 OBSERVED CAT:  1 MAXL:       -0.20 SD:        3.19 AV:        6.43 SN:  PROB GRP:  1  0.357 PROB GRP:  2  0.333 PROB GRP:  3  0.311
1990 LEPS:  -4.892 PROB GRP:  1  0.475 PROB GRP:  2  0.525 OBSERVED CAT:  1 MAXL:        0.20 SD:        3.19 AV:        6.43 SN:  PROB GRP:  1  0.311 PROB GRP:  2  0.333 PROB GRP:  3  0.357
1991 LEPS:   4.520 PROB GRP:  1  0.477 PROB GRP:  2  0.523 OBSERVED CAT:  2 MAXL:        0.18 SD:        3.19 AV:        6.43 SN:  PROB GRP:  1  0.313 PROB GRP:  2  0.333 PROB GRP:  3  0.354
1992 LEPS:   1.537 PROB GRP:  1  0.492 PROB GRP:  2  0.508 OBSERVED CAT:  2 MAXL:        0.07 SD:        3.19 AV:        6.43 SN:  PROB GRP:  1  0.326 PROB GRP:  2  0.333 PROB GRP:  3  0.341
1993 LEPS:  -5.945 PROB GRP:  1  0.470 PROB GRP:  2  0.530 OBSERVED CAT:  1 MAXL:        0.24 SD:        3.19 AV:        6.43 SN:  PROB GRP:  1  0.306 PROB GRP:  2  0.332 PROB GRP:  3  0.361
1994 LEPS:  -9.263 PROB GRP:  1  0.454 PROB GRP:  2  0.546 OBSERVED CAT:  1 MAXL:        0.38 SD:        3.19 AV:        6.43 SN:  PROB GRP:  1  0.292 PROB GRP:  2  0.331 PROB GRP:  3  0.377
1995 LEPS:   6.129 PROB GRP:  1  0.531 PROB GRP:  2  0.469 OBSERVED CAT:  1 MAXL:       -0.25 SD:        3.19 AV:        6.43 SN:  PROB GRP:  1  0.362 PROB GRP:  2  0.332 PROB GRP:  3  0.305
1996 LEPS:  -2.170 PROB GRP:  1  0.511 PROB GRP:  2  0.489 OBSERVED CAT:  2 MAXL:       -0.09 SD:        3.19 AV:        6.43 SN:  PROB GRP:  1  0.344 PROB GRP:  2  0.333 PROB GRP:  3  0.323
1997 LEPS:   4.629 PROB GRP:  1  0.477 PROB GRP:  2  0.523 OBSERVED CAT:  2 MAXL:        0.19 SD:        3.19 AV:        6.43 SN:  PROB GRP:  1  0.312 PROB GRP:  2  0.333 PROB GRP:  3  0.355
1998 LEPS: -12.547 PROB GRP:  1  0.563 PROB GRP:  2  0.437 OBSERVED CAT:  2 MAXL:       -0.51 SD:        3.19 AV:        6.43 SN:  PROB GRP:  1  0.393 PROB GRP:  2  0.329 PROB GRP:  3  0.278
1999 LEPS: -12.279 PROB GRP:  1  0.561 PROB GRP:  2  0.439 OBSERVED CAT:  2 MAXL:       -0.50 SD:        3.19 AV:        6.43 SN:  PROB GRP:  1  0.392 PROB GRP:  2  0.330 PROB GRP:  3  0.279
2000 LEPS:   6.129 PROB GRP:  1  0.531 PROB GRP:  2  0.469 OBSERVED CAT:  1 MAXL:       -0.25 SD:        3.19 AV:        6.43 SN:  PROB GRP:  1  0.362 PROB GRP:  2  0.332 PROB GRP:  3  0.305
2001 LEPS:  -0.408 PROB GRP:  1  0.498 PROB GRP:  2  0.502 OBSERVED CAT:  1 MAXL:        0.02 SD:        3.19 AV:        6.43 SN:  PROB GRP:  1  0.331 PROB GRP:  2  0.333 PROB GRP:  3  0.336
2002 LEPS:   5.370 PROB GRP:  1  0.473 PROB GRP:  2  0.527 OBSERVED CAT:  2 MAXL:        0.22 SD:        3.19 AV:        6.43 SN:  PROB GRP:  1  0.309 PROB GRP:  2  0.333 PROB GRP:  3  0.359
2003 LEPS:  -6.123 PROB GRP:  1  0.469 PROB GRP:  2  0.531 OBSERVED CAT:  1 MAXL:        0.25 SD:        3.19 AV:        6.43 SN:  PROB GRP:  1  0.305 PROB GRP:  2  0.332 PROB GRP:  3  0.362
2004 LEPS:   4.763 PROB GRP:  1  0.476 PROB GRP:  2  0.524 OBSERVED CAT:  2 MAXL:        0.20 SD:        3.19 AV:        6.43 SN:  PROB GRP:  1  0.311 PROB GRP:  2  0.333 PROB GRP:  3  0.356
2005 LEPS:  -0.254 PROB GRP:  1  0.499 PROB GRP:  2  0.501 OBSERVED CAT:  1 MAXL:        0.02 SD:        3.19 AV:        6.43 SN:  PROB GRP:  1  0.332 PROB GRP:  2  0.333 PROB GRP:  3  0.335
2006 LEPS:  -7.206 PROB GRP:  1  0.464 PROB GRP:  2  0.536 OBSERVED CAT:  1 MAXL:        0.30 SD:        3.19 AV:        6.43 SN:  PROB GRP:  1  0.300 PROB GRP:  2  0.332 PROB GRP:  3  0.368
2007 LEPS:   9.132 PROB GRP:  1  0.546 PROB GRP:  2  0.454 OBSERVED CAT:  1 MAXL:       -0.37 SD:        3.19 AV:        6.43 SN:  PROB GRP:  1  0.376 PROB GRP:  2  0.331 PROB GRP:  3  0.293
2008 LEPS:   1.553 PROB GRP:  1  0.508 PROB GRP:  2  0.492 OBSERVED CAT:  1 MAXL:       -0.07 SD:        3.19 AV:        6.43 SN:  PROB GRP:  1  0.341 PROB GRP:  2  0.333 PROB GRP:  3  0.326
2009 LEPS:   4.335 PROB GRP:  1  0.478 PROB GRP:  2  0.522 OBSERVED CAT:  2 MAXL:        0.18 SD:        3.19 AV:        6.43 SN:  PROB GRP:  1  0.313 PROB GRP:  2  0.333 PROB GRP:  3  0.354
2010 LEPS: -15.552 PROB GRP:  1  0.578 PROB GRP:  2  0.422 OBSERVED CAT:  2 MAXL:       -0.63 SD:        3.19 AV:        6.43 SN:  PROB GRP:  1  0.408 PROB GRP:  2  0.327 PROB GRP:  3  0.265
2011 LEPS:   6.971 PROB GRP:  1  0.535 PROB GRP:  2  0.465 OBSERVED CAT:  1 MAXL:       -0.28 SD:        3.19 AV:        6.43 SN:  PROB GRP:  1  0.366 PROB GRP:  2  0.332 PROB GRP:  3  0.302
2012 LEPS:  -8.317 PROB GRP:  1  0.458 PROB GRP:  2  0.542 OBSERVED CAT:  1 MAXL:        0.34 SD:        3.19 AV:        6.43 SN:  PROB GRP:  1  0.296 PROB GRP:  2  0.332 PROB GRP:  3  0.372
2013 LEPS:  -1.654 PROB GRP:  1  0.508 PROB GRP:  2  0.492 OBSERVED CAT:  2 MAXL:       -0.07 SD:        3.19 AV:        6.43 SN:  PROB GRP:  1  0.341 PROB GRP:  2  0.333 PROB GRP:  3  0.325
2014 LEPS:  -3.027 PROB GRP:  1  0.485 PROB GRP:  2  0.515 OBSERVED CAT:  1 MAXL:        0.13 SD:        3.19 AV:        6.43 SN:  PROB GRP:  1  0.319 PROB GRP:  2  0.333 PROB GRP:  3  0.348
2015 LEPS:   4.601 PROB GRP:  1  0.477 PROB GRP:  2  0.523 OBSERVED CAT:  2 MAXL:        0.19 SD:        3.19 AV:        6.43 SN:  PROB GRP:  1  0.312 PROB GRP:  2  0.333 PROB GRP:  3  0.355
2016 LEPS:   5.958 PROB GRP:  1  0.530 PROB GRP:  2  0.470 OBSERVED CAT:  1 MAXL:       -0.24 SD:        3.19 AV:        6.43 SN:  PROB GRP:  1  0.361 PROB GRP:  2  0.332 PROB GRP:  3  0.306
2017 LEPS:  -0.151 PROB GRP:  1  0.499 PROB GRP:  2  0.501 OBSERVED CAT:  1 MAXL:        0.00 SD:        3.19 AV:        6.43 SN:  PROB GRP:  1  0.333 PROB GRP:  2  0.333 PROB GRP:  3  0.333
2018 LEPS:  -5.768 PROB GRP:  1  0.471 PROB GRP:  2  0.529 OBSERVED CAT:  1 MAXL:        0.24 SD:        3.19 AV:        6.43 SN:  PROB GRP:  1  0.307 PROB GRP:  2  0.332 PROB GRP:  3  0.361
2019 LEPS:  -4.261 PROB GRP:  1  0.479 PROB GRP:  2  0.521 OBSERVED CAT:  1 MAXL:        0.17 SD:        3.19 AV:        6.43 SN:  PROB GRP:  1  0.314 PROB GRP:  2  0.333 PROB GRP:  3  0.353
2020 LEPS:  -4.317 PROB GRP:  1  0.522 PROB GRP:  2  0.478 OBSERVED CAT:  2 MAXL:       -0.18 SD:        3.19 AV:        6.43 SN:  PROB GRP:  1  0.354 PROB GRP:  2  0.333 PROB GRP:  3  0.313
2021 LEPS:   0.000 PROB GRP:  1  0.526 PROB GRP:  2  0.474 OBSERVED CAT:  0 MAXL:       -0.21 SD:        3.19 AV:        6.43 SN:  PROB GRP:  1  0.358 PROB GRP:  2  0.333 PROB GRP:  3  0.310
