 PREDICTAND GROUPS BY YEAR
197019711972197319741975197619771978197919801981198219831984198519861987198819891990199119921993199419951996199719981999200020012002200320042005200620072008200920102011201220132014201520162017201820192020
  2.  2.  1.  2.  1.  2.  2.  1.  1.  1.  1.  2.  1.  2.  2.  2.  2.  1.  2.  1.  1.  2.  2.  1.  1.  2.  2.  2.  2.  1.  1.  1.  1.  1.  1.  2.  1.  1.  1.  1.  1.  1.  2.  2.  1.  1.  1.  1.  2.  1.  1.
 TERCILE BOUNDARIES:    3.0000000       5.0000000      MEDIAN:    4.0000000    

FCST PERIOD: 1970 TO 2020

PREDICTOR BASE MONTH : 07
GROUP DATA BASE MONTH: 07

PREDICTAND - STATION:   1
1970 LEPS:  28.224 PROB GRP:  1  0.359 PROB GRP:  2  0.641 OBSERVED CAT:  2 MAXL:        0.71 SD:        1.95 AV:        4.37 SN:  PROB GRP:  1  0.214 PROB GRP:  2  0.313 PROB GRP:  3  0.473
1971 LEPS:  27.039 PROB GRP:  1  0.365 PROB GRP:  2  0.635 OBSERVED CAT:  2 MAXL:        0.68 SD:        1.95 AV:        4.37 SN:  PROB GRP:  1  0.218 PROB GRP:  2  0.315 PROB GRP:  3  0.467
1972 LEPS:  35.456 PROB GRP:  1  0.677 PROB GRP:  2  0.323 OBSERVED CAT:  1 MAXL:       -0.90 SD:        1.95 AV:        4.37 SN:  PROB GRP:  1  0.512 PROB GRP:  2  0.302 PROB GRP:  3  0.186
1973 LEPS:  39.454 PROB GRP:  1  0.303 PROB GRP:  2  0.697 OBSERVED CAT:  2 MAXL:        1.01 SD:        1.95 AV:        4.37 SN:  PROB GRP:  1  0.171 PROB GRP:  2  0.294 PROB GRP:  3  0.535
1974 LEPS: -18.216 PROB GRP:  1  0.409 PROB GRP:  2  0.591 OBSERVED CAT:  1 MAXL:        0.45 SD:        1.95 AV:        4.37 SN:  PROB GRP:  1  0.254 PROB GRP:  2  0.325 PROB GRP:  3  0.421
1975 LEPS:  37.497 PROB GRP:  1  0.313 PROB GRP:  2  0.687 OBSERVED CAT:  2 MAXL:        0.96 SD:        1.95 AV:        4.37 SN:  PROB GRP:  1  0.179 PROB GRP:  2  0.298 PROB GRP:  3  0.524
1976 LEPS:  -8.753 PROB GRP:  1  0.544 PROB GRP:  2  0.456 OBSERVED CAT:  2 MAXL:       -0.22 SD:        1.95 AV:        4.37 SN:  PROB GRP:  1  0.375 PROB GRP:  2  0.331 PROB GRP:  3  0.294
1977 LEPS:  10.177 PROB GRP:  1  0.551 PROB GRP:  2  0.449 OBSERVED CAT:  1 MAXL:       -0.25 SD:        1.95 AV:        4.37 SN:  PROB GRP:  1  0.382 PROB GRP:  2  0.331 PROB GRP:  3  0.288
1978 LEPS: -18.096 PROB GRP:  1  0.409 PROB GRP:  2  0.591 OBSERVED CAT:  1 MAXL:        0.45 SD:        1.95 AV:        4.37 SN:  PROB GRP:  1  0.254 PROB GRP:  2  0.325 PROB GRP:  3  0.420
1979 LEPS:   2.065 PROB GRP:  1  0.510 PROB GRP:  2  0.490 OBSERVED CAT:  1 MAXL:       -0.05 SD:        1.95 AV:        4.37 SN:  PROB GRP:  1  0.343 PROB GRP:  2  0.333 PROB GRP:  3  0.323
1980 LEPS:  -2.655 PROB GRP:  1  0.487 PROB GRP:  2  0.513 OBSERVED CAT:  1 MAXL:        0.07 SD:        1.95 AV:        4.37 SN:  PROB GRP:  1  0.321 PROB GRP:  2  0.333 PROB GRP:  3  0.346
1981 LEPS:   9.181 PROB GRP:  1  0.454 PROB GRP:  2  0.546 OBSERVED CAT:  2 MAXL:        0.23 SD:        1.95 AV:        4.37 SN:  PROB GRP:  1  0.292 PROB GRP:  2  0.331 PROB GRP:  3  0.377
1982 LEPS:  30.363 PROB GRP:  1  0.652 PROB GRP:  2  0.348 OBSERVED CAT:  1 MAXL:       -0.76 SD:        1.95 AV:        4.37 SN:  PROB GRP:  1  0.484 PROB GRP:  2  0.310 PROB GRP:  3  0.206
1983 LEPS:   4.362 PROB GRP:  1  0.478 PROB GRP:  2  0.522 OBSERVED CAT:  2 MAXL:        0.11 SD:        1.95 AV:        4.37 SN:  PROB GRP:  1  0.313 PROB GRP:  2  0.333 PROB GRP:  3  0.354
1984 LEPS:   6.273 PROB GRP:  1  0.469 PROB GRP:  2  0.531 OBSERVED CAT:  2 MAXL:        0.16 SD:        1.95 AV:        4.37 SN:  PROB GRP:  1  0.305 PROB GRP:  2  0.332 PROB GRP:  3  0.363
1985 LEPS:  15.537 PROB GRP:  1  0.422 PROB GRP:  2  0.578 OBSERVED CAT:  2 MAXL:        0.38 SD:        1.95 AV:        4.37 SN:  PROB GRP:  1  0.265 PROB GRP:  2  0.327 PROB GRP:  3  0.408
1986 LEPS: -14.577 PROB GRP:  1  0.573 PROB GRP:  2  0.427 OBSERVED CAT:  2 MAXL:       -0.36 SD:        1.95 AV:        4.37 SN:  PROB GRP:  1  0.403 PROB GRP:  2  0.328 PROB GRP:  3  0.269
1987 LEPS:  46.622 PROB GRP:  1  0.733 PROB GRP:  2  0.267 OBSERVED CAT:  1 MAXL:       -1.21 SD:        1.95 AV:        4.37 SN:  PROB GRP:  1  0.576 PROB GRP:  2  0.278 PROB GRP:  3  0.146
1988 LEPS:  32.497 PROB GRP:  1  0.338 PROB GRP:  2  0.662 OBSERVED CAT:  2 MAXL:        0.82 SD:        1.95 AV:        4.37 SN:  PROB GRP:  1  0.197 PROB GRP:  2  0.307 PROB GRP:  3  0.496
1989 LEPS: -10.394 PROB GRP:  1  0.448 PROB GRP:  2  0.552 OBSERVED CAT:  1 MAXL:        0.26 SD:        1.95 AV:        4.37 SN:  PROB GRP:  1  0.287 PROB GRP:  2  0.331 PROB GRP:  3  0.383
1990 LEPS:  10.689 PROB GRP:  1  0.553 PROB GRP:  2  0.447 OBSERVED CAT:  1 MAXL:       -0.26 SD:        1.95 AV:        4.37 SN:  PROB GRP:  1  0.384 PROB GRP:  2  0.330 PROB GRP:  3  0.286
1991 LEPS: -28.965 PROB GRP:  1  0.645 PROB GRP:  2  0.355 OBSERVED CAT:  2 MAXL:       -0.73 SD:        1.95 AV:        4.37 SN:  PROB GRP:  1  0.477 PROB GRP:  2  0.312 PROB GRP:  3  0.211
1992 LEPS:  -8.159 PROB GRP:  1  0.541 PROB GRP:  2  0.459 OBSERVED CAT:  2 MAXL:       -0.20 SD:        1.95 AV:        4.37 SN:  PROB GRP:  1  0.372 PROB GRP:  2  0.332 PROB GRP:  3  0.296
1993 LEPS:  12.518 PROB GRP:  1  0.563 PROB GRP:  2  0.437 OBSERVED CAT:  1 MAXL:       -0.31 SD:        1.95 AV:        4.37 SN:  PROB GRP:  1  0.393 PROB GRP:  2  0.329 PROB GRP:  3  0.278
1994 LEPS:  17.872 PROB GRP:  1  0.589 PROB GRP:  2  0.411 OBSERVED CAT:  1 MAXL:       -0.44 SD:        1.95 AV:        4.37 SN:  PROB GRP:  1  0.419 PROB GRP:  2  0.325 PROB GRP:  3  0.255
1995 LEPS:  12.409 PROB GRP:  1  0.438 PROB GRP:  2  0.562 OBSERVED CAT:  2 MAXL:        0.31 SD:        1.95 AV:        4.37 SN:  PROB GRP:  1  0.278 PROB GRP:  2  0.329 PROB GRP:  3  0.392
1996 LEPS:   6.589 PROB GRP:  1  0.467 PROB GRP:  2  0.533 OBSERVED CAT:  2 MAXL:        0.16 SD:        1.95 AV:        4.37 SN:  PROB GRP:  1  0.303 PROB GRP:  2  0.332 PROB GRP:  3  0.364
1997 LEPS: -77.265 PROB GRP:  1  0.886 PROB GRP:  2  0.114 OBSERVED CAT:  2 MAXL:       -2.36 SD:        1.95 AV:        4.37 SN:  PROB GRP:  1  0.782 PROB GRP:  2  0.168 PROB GRP:  3  0.051
1998 LEPS:  29.228 PROB GRP:  1  0.354 PROB GRP:  2  0.646 OBSERVED CAT:  2 MAXL:        0.73 SD:        1.95 AV:        4.37 SN:  PROB GRP:  1  0.210 PROB GRP:  2  0.312 PROB GRP:  3  0.478
1999 LEPS: -35.895 PROB GRP:  1  0.320 PROB GRP:  2  0.680 OBSERVED CAT:  1 MAXL:        0.91 SD:        1.95 AV:        4.37 SN:  PROB GRP:  1  0.185 PROB GRP:  2  0.301 PROB GRP:  3  0.515
2000 LEPS: -13.677 PROB GRP:  1  0.432 PROB GRP:  2  0.568 OBSERVED CAT:  1 MAXL:        0.34 SD:        1.95 AV:        4.37 SN:  PROB GRP:  1  0.273 PROB GRP:  2  0.329 PROB GRP:  3  0.398
2001 LEPS:   2.065 PROB GRP:  1  0.510 PROB GRP:  2  0.490 OBSERVED CAT:  1 MAXL:       -0.05 SD:        1.95 AV:        4.37 SN:  PROB GRP:  1  0.343 PROB GRP:  2  0.333 PROB GRP:  3  0.323
2002 LEPS:  31.342 PROB GRP:  1  0.657 PROB GRP:  2  0.343 OBSERVED CAT:  1 MAXL:       -0.79 SD:        1.95 AV:        4.37 SN:  PROB GRP:  1  0.490 PROB GRP:  2  0.309 PROB GRP:  3  0.202
2003 LEPS:  12.821 PROB GRP:  1  0.564 PROB GRP:  2  0.436 OBSERVED CAT:  1 MAXL:       -0.32 SD:        1.95 AV:        4.37 SN:  PROB GRP:  1  0.394 PROB GRP:  2  0.329 PROB GRP:  3  0.277
2004 LEPS:  25.550 PROB GRP:  1  0.628 PROB GRP:  2  0.372 OBSERVED CAT:  1 MAXL:       -0.64 SD:        1.95 AV:        4.37 SN:  PROB GRP:  1  0.459 PROB GRP:  2  0.317 PROB GRP:  3  0.224
2005 LEPS:  -2.022 PROB GRP:  1  0.510 PROB GRP:  2  0.490 OBSERVED CAT:  2 MAXL:       -0.05 SD:        1.95 AV:        4.37 SN:  PROB GRP:  1  0.343 PROB GRP:  2  0.333 PROB GRP:  3  0.323
2006 LEPS:  14.624 PROB GRP:  1  0.573 PROB GRP:  2  0.427 OBSERVED CAT:  1 MAXL:       -0.36 SD:        1.95 AV:        4.37 SN:  PROB GRP:  1  0.403 PROB GRP:  2  0.328 PROB GRP:  3  0.269
2007 LEPS: -22.601 PROB GRP:  1  0.387 PROB GRP:  2  0.613 OBSERVED CAT:  1 MAXL:        0.56 SD:        1.95 AV:        4.37 SN:  PROB GRP:  1  0.236 PROB GRP:  2  0.320 PROB GRP:  3  0.444
2008 LEPS:  -2.210 PROB GRP:  1  0.489 PROB GRP:  2  0.511 OBSERVED CAT:  1 MAXL:        0.06 SD:        1.95 AV:        4.37 SN:  PROB GRP:  1  0.323 PROB GRP:  2  0.333 PROB GRP:  3  0.344
2009 LEPS:  22.377 PROB GRP:  1  0.612 PROB GRP:  2  0.388 OBSERVED CAT:  1 MAXL:       -0.56 SD:        1.95 AV:        4.37 SN:  PROB GRP:  1  0.442 PROB GRP:  2  0.321 PROB GRP:  3  0.237
2010 LEPS: -43.316 PROB GRP:  1  0.283 PROB GRP:  2  0.717 OBSERVED CAT:  1 MAXL:        1.12 SD:        1.95 AV:        4.37 SN:  PROB GRP:  1  0.157 PROB GRP:  2  0.285 PROB GRP:  3  0.557
2011 LEPS: -16.054 PROB GRP:  1  0.420 PROB GRP:  2  0.580 OBSERVED CAT:  1 MAXL:        0.40 SD:        1.95 AV:        4.37 SN:  PROB GRP:  1  0.263 PROB GRP:  2  0.327 PROB GRP:  3  0.410
2012 LEPS: -19.089 PROB GRP:  1  0.596 PROB GRP:  2  0.404 OBSERVED CAT:  2 MAXL:       -0.47 SD:        1.95 AV:        4.37 SN:  PROB GRP:  1  0.425 PROB GRP:  2  0.324 PROB GRP:  3  0.250
2013 LEPS:   4.897 PROB GRP:  1  0.476 PROB GRP:  2  0.524 OBSERVED CAT:  2 MAXL:        0.12 SD:        1.95 AV:        4.37 SN:  PROB GRP:  1  0.311 PROB GRP:  2  0.333 PROB GRP:  3  0.357
2014 LEPS:   7.276 PROB GRP:  1  0.536 PROB GRP:  2  0.464 OBSERVED CAT:  1 MAXL:       -0.18 SD:        1.95 AV:        4.37 SN:  PROB GRP:  1  0.368 PROB GRP:  2  0.332 PROB GRP:  3  0.300
2015 LEPS:  55.195 PROB GRP:  1  0.776 PROB GRP:  2  0.224 OBSERVED CAT:  1 MAXL:       -1.48 SD:        1.95 AV:        4.37 SN:  PROB GRP:  1  0.629 PROB GRP:  2  0.254 PROB GRP:  3  0.117
2016 LEPS: -13.204 PROB GRP:  1  0.434 PROB GRP:  2  0.566 OBSERVED CAT:  1 MAXL:        0.33 SD:        1.95 AV:        4.37 SN:  PROB GRP:  1  0.275 PROB GRP:  2  0.329 PROB GRP:  3  0.396
2017 LEPS:   1.523 PROB GRP:  1  0.508 PROB GRP:  2  0.492 OBSERVED CAT:  1 MAXL:       -0.04 SD:        1.95 AV:        4.37 SN:  PROB GRP:  1  0.341 PROB GRP:  2  0.333 PROB GRP:  3  0.326
2018 LEPS: -13.837 PROB GRP:  1  0.569 PROB GRP:  2  0.431 OBSERVED CAT:  2 MAXL:       -0.34 SD:        1.95 AV:        4.37 SN:  PROB GRP:  1  0.400 PROB GRP:  2  0.328 PROB GRP:  3  0.272
2019 LEPS:   9.560 PROB GRP:  1  0.548 PROB GRP:  2  0.452 OBSERVED CAT:  1 MAXL:       -0.24 SD:        1.95 AV:        4.37 SN:  PROB GRP:  1  0.378 PROB GRP:  2  0.331 PROB GRP:  3  0.291
2020 LEPS: -14.150 PROB GRP:  1  0.429 PROB GRP:  2  0.571 OBSERVED CAT:  1 MAXL:        0.35 SD:        1.95 AV:        4.37 SN:  PROB GRP:  1  0.271 PROB GRP:  2  0.328 PROB GRP:  3  0.401
2021 LEPS:   0.000 PROB GRP:  1  0.451 PROB GRP:  2  0.549 OBSERVED CAT:  0 MAXL:        0.24 SD:        1.95 AV:        4.37 SN:  PROB GRP:  1  0.290 PROB GRP:  2  0.331 PROB GRP:  3  0.379
