 PREDICTAND GROUPS BY YEAR
197019711972197319741975197619771978197919801981198219831984198519861987198819891990199119921993199419951996199719981999200020012002200320042005200620072008200920102011201220132014201520162017201820192020
  1.  2.  1.  2.  1.  2.  2.  2.  1.  2.  2.  1.  2.  2.  2.  2.  2.  1.  2.  1.  1.  2.  2.  1.  1.  1.  2.  2.  2.  2.  1.  1.  2.  1.  2.  1.  1.  1.  1.  2.  1.  1.  1.  1.  1.  1.  1.  1.  2.  1.  2.
 TERCILE BOUNDARIES:    7.6665001       10.000000      MEDIAN:    9.0000000    

FCST PERIOD: 1970 TO 2020

PREDICTOR BASE MONTH : 07
GROUP DATA BASE MONTH: 07

PREDICTAND - STATION:   1
1970 LEPS: -10.369 PROB GRP:  1  0.448 PROB GRP:  2  0.552 OBSERVED CAT:  1 MAXL:        0.44 SD:        3.31 AV:        9.04 SN:  PROB GRP:  1  0.287 PROB GRP:  2  0.331 PROB GRP:  3  0.383
1971 LEPS:   3.671 PROB GRP:  1  0.482 PROB GRP:  2  0.518 OBSERVED CAT:  2 MAXL:        0.16 SD:        3.31 AV:        9.04 SN:  PROB GRP:  1  0.316 PROB GRP:  2  0.333 PROB GRP:  3  0.351
1972 LEPS:   4.197 PROB GRP:  1  0.521 PROB GRP:  2  0.479 OBSERVED CAT:  1 MAXL:       -0.18 SD:        3.31 AV:        9.04 SN:  PROB GRP:  1  0.353 PROB GRP:  2  0.333 PROB GRP:  3  0.314
1973 LEPS:   3.084 PROB GRP:  1  0.485 PROB GRP:  2  0.515 OBSERVED CAT:  2 MAXL:        0.13 SD:        3.31 AV:        9.04 SN:  PROB GRP:  1  0.319 PROB GRP:  2  0.333 PROB GRP:  3  0.348
1974 LEPS:  -4.835 PROB GRP:  1  0.476 PROB GRP:  2  0.524 OBSERVED CAT:  1 MAXL:        0.21 SD:        3.31 AV:        9.04 SN:  PROB GRP:  1  0.311 PROB GRP:  2  0.333 PROB GRP:  3  0.357
1975 LEPS:   3.318 PROB GRP:  1  0.484 PROB GRP:  2  0.516 OBSERVED CAT:  2 MAXL:        0.14 SD:        3.31 AV:        9.04 SN:  PROB GRP:  1  0.318 PROB GRP:  2  0.333 PROB GRP:  3  0.349
1976 LEPS:  -1.671 PROB GRP:  1  0.508 PROB GRP:  2  0.492 OBSERVED CAT:  2 MAXL:       -0.07 SD:        3.31 AV:        9.04 SN:  PROB GRP:  1  0.341 PROB GRP:  2  0.333 PROB GRP:  3  0.325
1977 LEPS:  -2.315 PROB GRP:  1  0.512 PROB GRP:  2  0.488 OBSERVED CAT:  2 MAXL:       -0.10 SD:        3.31 AV:        9.04 SN:  PROB GRP:  1  0.344 PROB GRP:  2  0.333 PROB GRP:  3  0.322
1978 LEPS:  -4.799 PROB GRP:  1  0.476 PROB GRP:  2  0.524 OBSERVED CAT:  1 MAXL:        0.20 SD:        3.31 AV:        9.04 SN:  PROB GRP:  1  0.311 PROB GRP:  2  0.333 PROB GRP:  3  0.356
1979 LEPS:  -0.229 PROB GRP:  1  0.501 PROB GRP:  2  0.499 OBSERVED CAT:  2 MAXL:       -0.02 SD:        3.31 AV:        9.04 SN:  PROB GRP:  1  0.335 PROB GRP:  2  0.333 PROB GRP:  3  0.332
1980 LEPS:   0.735 PROB GRP:  1  0.496 PROB GRP:  2  0.504 OBSERVED CAT:  2 MAXL:        0.04 SD:        3.31 AV:        9.04 SN:  PROB GRP:  1  0.329 PROB GRP:  2  0.333 PROB GRP:  3  0.337
1981 LEPS:  -2.552 PROB GRP:  1  0.487 PROB GRP:  2  0.513 OBSERVED CAT:  1 MAXL:        0.11 SD:        3.31 AV:        9.04 SN:  PROB GRP:  1  0.321 PROB GRP:  2  0.333 PROB GRP:  3  0.346
1982 LEPS: -10.650 PROB GRP:  1  0.553 PROB GRP:  2  0.447 OBSERVED CAT:  2 MAXL:       -0.45 SD:        3.31 AV:        9.04 SN:  PROB GRP:  1  0.384 PROB GRP:  2  0.330 PROB GRP:  3  0.286
1983 LEPS:   1.098 PROB GRP:  1  0.495 PROB GRP:  2  0.505 OBSERVED CAT:  2 MAXL:        0.05 SD:        3.31 AV:        9.04 SN:  PROB GRP:  1  0.328 PROB GRP:  2  0.333 PROB GRP:  3  0.339
1984 LEPS:   1.436 PROB GRP:  1  0.493 PROB GRP:  2  0.507 OBSERVED CAT:  2 MAXL:        0.06 SD:        3.31 AV:        9.04 SN:  PROB GRP:  1  0.326 PROB GRP:  2  0.333 PROB GRP:  3  0.340
1985 LEPS:   2.797 PROB GRP:  1  0.486 PROB GRP:  2  0.514 OBSERVED CAT:  2 MAXL:        0.12 SD:        3.31 AV:        9.04 SN:  PROB GRP:  1  0.320 PROB GRP:  2  0.333 PROB GRP:  3  0.347
1986 LEPS:  -3.127 PROB GRP:  1  0.516 PROB GRP:  2  0.484 OBSERVED CAT:  2 MAXL:       -0.13 SD:        3.31 AV:        9.04 SN:  PROB GRP:  1  0.348 PROB GRP:  2  0.333 PROB GRP:  3  0.319
1987 LEPS:   3.627 PROB GRP:  1  0.518 PROB GRP:  2  0.482 OBSERVED CAT:  1 MAXL:       -0.15 SD:        3.31 AV:        9.04 SN:  PROB GRP:  1  0.350 PROB GRP:  2  0.333 PROB GRP:  3  0.317
1988 LEPS:   3.657 PROB GRP:  1  0.482 PROB GRP:  2  0.518 OBSERVED CAT:  2 MAXL:        0.16 SD:        3.31 AV:        9.04 SN:  PROB GRP:  1  0.316 PROB GRP:  2  0.333 PROB GRP:  3  0.351
1989 LEPS:  -2.672 PROB GRP:  1  0.487 PROB GRP:  2  0.513 OBSERVED CAT:  1 MAXL:        0.11 SD:        3.31 AV:        9.04 SN:  PROB GRP:  1  0.321 PROB GRP:  2  0.333 PROB GRP:  3  0.346
1990 LEPS:   1.870 PROB GRP:  1  0.509 PROB GRP:  2  0.491 OBSERVED CAT:  1 MAXL:       -0.08 SD:        3.31 AV:        9.04 SN:  PROB GRP:  1  0.342 PROB GRP:  2  0.333 PROB GRP:  3  0.324
1991 LEPS:  -7.297 PROB GRP:  1  0.537 PROB GRP:  2  0.463 OBSERVED CAT:  2 MAXL:       -0.31 SD:        3.31 AV:        9.04 SN:  PROB GRP:  1  0.368 PROB GRP:  2  0.332 PROB GRP:  3  0.300
1992 LEPS:  -1.530 PROB GRP:  1  0.508 PROB GRP:  2  0.492 OBSERVED CAT:  2 MAXL:       -0.07 SD:        3.31 AV:        9.04 SN:  PROB GRP:  1  0.341 PROB GRP:  2  0.333 PROB GRP:  3  0.326
1993 LEPS:   2.168 PROB GRP:  1  0.511 PROB GRP:  2  0.489 OBSERVED CAT:  1 MAXL:       -0.10 SD:        3.31 AV:        9.04 SN:  PROB GRP:  1  0.344 PROB GRP:  2  0.333 PROB GRP:  3  0.323
1994 LEPS:   2.939 PROB GRP:  1  0.515 PROB GRP:  2  0.485 OBSERVED CAT:  1 MAXL:       -0.12 SD:        3.31 AV:        9.04 SN:  PROB GRP:  1  0.347 PROB GRP:  2  0.333 PROB GRP:  3  0.320
1995 LEPS:  -3.549 PROB GRP:  1  0.482 PROB GRP:  2  0.518 OBSERVED CAT:  1 MAXL:        0.15 SD:        3.31 AV:        9.04 SN:  PROB GRP:  1  0.317 PROB GRP:  2  0.333 PROB GRP:  3  0.350
1996 LEPS:   1.490 PROB GRP:  1  0.493 PROB GRP:  2  0.507 OBSERVED CAT:  2 MAXL:        0.07 SD:        3.31 AV:        9.04 SN:  PROB GRP:  1  0.326 PROB GRP:  2  0.333 PROB GRP:  3  0.341
1997 LEPS: -30.793 PROB GRP:  1  0.654 PROB GRP:  2  0.346 OBSERVED CAT:  2 MAXL:       -1.32 SD:        3.31 AV:        9.04 SN:  PROB GRP:  1  0.487 PROB GRP:  2  0.309 PROB GRP:  3  0.204
1998 LEPS:   3.705 PROB GRP:  1  0.482 PROB GRP:  2  0.518 OBSERVED CAT:  2 MAXL:        0.16 SD:        3.31 AV:        9.04 SN:  PROB GRP:  1  0.316 PROB GRP:  2  0.333 PROB GRP:  3  0.351
1999 LEPS:   3.702 PROB GRP:  1  0.482 PROB GRP:  2  0.518 OBSERVED CAT:  2 MAXL:        0.16 SD:        3.31 AV:        9.04 SN:  PROB GRP:  1  0.316 PROB GRP:  2  0.333 PROB GRP:  3  0.351
2000 LEPS:  -3.549 PROB GRP:  1  0.482 PROB GRP:  2  0.518 OBSERVED CAT:  1 MAXL:        0.15 SD:        3.31 AV:        9.04 SN:  PROB GRP:  1  0.317 PROB GRP:  2  0.333 PROB GRP:  3  0.350
2001 LEPS:   0.248 PROB GRP:  1  0.501 PROB GRP:  2  0.499 OBSERVED CAT:  1 MAXL:       -0.02 SD:        3.31 AV:        9.04 SN:  PROB GRP:  1  0.335 PROB GRP:  2  0.333 PROB GRP:  3  0.332
2002 LEPS: -11.202 PROB GRP:  1  0.556 PROB GRP:  2  0.444 OBSERVED CAT:  2 MAXL:       -0.47 SD:        3.31 AV:        9.04 SN:  PROB GRP:  1  0.386 PROB GRP:  2  0.330 PROB GRP:  3  0.283
2003 LEPS:   2.215 PROB GRP:  1  0.511 PROB GRP:  2  0.489 OBSERVED CAT:  1 MAXL:       -0.10 SD:        3.31 AV:        9.04 SN:  PROB GRP:  1  0.344 PROB GRP:  2  0.333 PROB GRP:  3  0.323
2004 LEPS:  -8.163 PROB GRP:  1  0.541 PROB GRP:  2  0.459 OBSERVED CAT:  2 MAXL:       -0.34 SD:        3.31 AV:        9.04 SN:  PROB GRP:  1  0.372 PROB GRP:  2  0.332 PROB GRP:  3  0.296
2005 LEPS:   0.180 PROB GRP:  1  0.501 PROB GRP:  2  0.499 OBSERVED CAT:  1 MAXL:        0.00 SD:        3.31 AV:        9.04 SN:  PROB GRP:  1  0.333 PROB GRP:  2  0.333 PROB GRP:  3  0.333
2006 LEPS:   2.489 PROB GRP:  1  0.512 PROB GRP:  2  0.488 OBSERVED CAT:  1 MAXL:       -0.11 SD:        3.31 AV:        9.04 SN:  PROB GRP:  1  0.345 PROB GRP:  2  0.333 PROB GRP:  3  0.322
2007 LEPS:  -6.158 PROB GRP:  1  0.469 PROB GRP:  2  0.531 OBSERVED CAT:  1 MAXL:        0.26 SD:        3.31 AV:        9.04 SN:  PROB GRP:  1  0.305 PROB GRP:  2  0.332 PROB GRP:  3  0.362
2008 LEPS:  -0.680 PROB GRP:  1  0.496 PROB GRP:  2  0.504 OBSERVED CAT:  1 MAXL:        0.04 SD:        3.31 AV:        9.04 SN:  PROB GRP:  1  0.329 PROB GRP:  2  0.333 PROB GRP:  3  0.337
2009 LEPS:  -6.714 PROB GRP:  1  0.534 PROB GRP:  2  0.466 OBSERVED CAT:  2 MAXL:       -0.28 SD:        3.31 AV:        9.04 SN:  PROB GRP:  1  0.365 PROB GRP:  2  0.332 PROB GRP:  3  0.303
2010 LEPS: -13.632 PROB GRP:  1  0.432 PROB GRP:  2  0.568 OBSERVED CAT:  1 MAXL:        0.57 SD:        3.31 AV:        9.04 SN:  PROB GRP:  1  0.273 PROB GRP:  2  0.329 PROB GRP:  3  0.398
2011 LEPS:  -4.212 PROB GRP:  1  0.479 PROB GRP:  2  0.521 OBSERVED CAT:  1 MAXL:        0.18 SD:        3.31 AV:        9.04 SN:  PROB GRP:  1  0.314 PROB GRP:  2  0.333 PROB GRP:  3  0.353
2012 LEPS:   2.743 PROB GRP:  1  0.514 PROB GRP:  2  0.486 OBSERVED CAT:  1 MAXL:       -0.12 SD:        3.31 AV:        9.04 SN:  PROB GRP:  1  0.347 PROB GRP:  2  0.333 PROB GRP:  3  0.320
2013 LEPS:  -1.384 PROB GRP:  1  0.493 PROB GRP:  2  0.507 OBSERVED CAT:  1 MAXL:        0.06 SD:        3.31 AV:        9.04 SN:  PROB GRP:  1  0.326 PROB GRP:  2  0.333 PROB GRP:  3  0.340
2014 LEPS:   1.269 PROB GRP:  1  0.506 PROB GRP:  2  0.494 OBSERVED CAT:  1 MAXL:       -0.06 SD:        3.31 AV:        9.04 SN:  PROB GRP:  1  0.340 PROB GRP:  2  0.333 PROB GRP:  3  0.327
2015 LEPS:   2.145 PROB GRP:  1  0.511 PROB GRP:  2  0.489 OBSERVED CAT:  1 MAXL:       -0.09 SD:        3.31 AV:        9.04 SN:  PROB GRP:  1  0.343 PROB GRP:  2  0.333 PROB GRP:  3  0.323
2016 LEPS:  -3.420 PROB GRP:  1  0.483 PROB GRP:  2  0.517 OBSERVED CAT:  1 MAXL:        0.15 SD:        3.31 AV:        9.04 SN:  PROB GRP:  1  0.317 PROB GRP:  2  0.333 PROB GRP:  3  0.350
2017 LEPS:   0.134 PROB GRP:  1  0.501 PROB GRP:  2  0.499 OBSERVED CAT:  1 MAXL:        0.00 SD:        3.31 AV:        9.04 SN:  PROB GRP:  1  0.333 PROB GRP:  2  0.333 PROB GRP:  3  0.333
2018 LEPS:  -2.935 PROB GRP:  1  0.515 PROB GRP:  2  0.485 OBSERVED CAT:  2 MAXL:       -0.13 SD:        3.31 AV:        9.04 SN:  PROB GRP:  1  0.348 PROB GRP:  2  0.333 PROB GRP:  3  0.319
2019 LEPS:   1.677 PROB GRP:  1  0.508 PROB GRP:  2  0.492 OBSERVED CAT:  1 MAXL:       -0.07 SD:        3.31 AV:        9.04 SN:  PROB GRP:  1  0.341 PROB GRP:  2  0.333 PROB GRP:  3  0.325
2020 LEPS:   2.447 PROB GRP:  1  0.488 PROB GRP:  2  0.512 OBSERVED CAT:  2 MAXL:        0.11 SD:        3.31 AV:        9.04 SN:  PROB GRP:  1  0.322 PROB GRP:  2  0.333 PROB GRP:  3  0.345
2021 LEPS:   0.000 PROB GRP:  1  0.489 PROB GRP:  2  0.511 OBSERVED CAT:  0 MAXL:        0.10 SD:        3.31 AV:        9.04 SN:  PROB GRP:  1  0.322 PROB GRP:  2  0.333 PROB GRP:  3  0.344
