 PREDICTAND GROUPS BY YEAR
197019711972197319741975197619771978197919801981198219831984198519861987198819891990199119921993199419951996199719981999200020012002200320042005200620072008200920102011201220132014201520162017201820192020
  1.  1.  2.  2.  2.  2.  1.  1.  1.  2.  2.  2.  1.  1.  2.  2.  1.  1.  1.  1.  1.  1.  1.  2.  1.  2.  1.  1.  2.  2.  2.  1.  2.  1.  1.  2.  1.  2.  2.  1.  2.  1.  1.  1.  1.  1.  1.  2.  1.  1.  1.
 TERCILE BOUNDARIES:    4.0000000       6.0000000      MEDIAN:    5.0000000    

FCST PERIOD: 1970 TO 2020

PREDICTOR BASE MONTH : 07
GROUP DATA BASE MONTH: 07

PREDICTAND - STATION:   1
1970 LEPS:  55.359 PROB GRP:  1  0.223 PROB GRP:  2  0.777 OBSERVED CAT:  2 MAXL:        1.56 SD:        2.05 AV:        4.82 SN:  PROB GRP:  1  0.116 PROB GRP:  2  0.254 PROB GRP:  3  0.630
1971 LEPS: -47.776 PROB GRP:  1  0.261 PROB GRP:  2  0.739 OBSERVED CAT:  1 MAXL:        1.31 SD:        2.05 AV:        4.82 SN:  PROB GRP:  1  0.142 PROB GRP:  2  0.275 PROB GRP:  3  0.583
1972 LEPS: -71.665 PROB GRP:  1  0.858 PROB GRP:  2  0.142 OBSERVED CAT:  2 MAXL:       -2.20 SD:        2.05 AV:        4.82 SN:  PROB GRP:  1  0.740 PROB GRP:  2  0.194 PROB GRP:  3  0.066
1973 LEPS:  72.685 PROB GRP:  1  0.137 PROB GRP:  2  0.863 OBSERVED CAT:  2 MAXL:        2.24 SD:        2.05 AV:        4.82 SN:  PROB GRP:  1  0.063 PROB GRP:  2  0.189 PROB GRP:  3  0.747
1974 LEPS:  33.567 PROB GRP:  1  0.332 PROB GRP:  2  0.668 OBSERVED CAT:  2 MAXL:        0.89 SD:        2.05 AV:        4.82 SN:  PROB GRP:  1  0.193 PROB GRP:  2  0.305 PROB GRP:  3  0.502
1975 LEPS:  69.924 PROB GRP:  1  0.150 PROB GRP:  2  0.850 OBSERVED CAT:  2 MAXL:        2.12 SD:        2.05 AV:        4.82 SN:  PROB GRP:  1  0.071 PROB GRP:  2  0.201 PROB GRP:  3  0.727
1976 LEPS:  13.775 PROB GRP:  1  0.569 PROB GRP:  2  0.431 OBSERVED CAT:  1 MAXL:       -0.36 SD:        2.05 AV:        4.82 SN:  PROB GRP:  1  0.399 PROB GRP:  2  0.329 PROB GRP:  3  0.272
1977 LEPS:  17.349 PROB GRP:  1  0.587 PROB GRP:  2  0.413 OBSERVED CAT:  1 MAXL:       -0.45 SD:        2.05 AV:        4.82 SN:  PROB GRP:  1  0.417 PROB GRP:  2  0.326 PROB GRP:  3  0.258
1978 LEPS: -26.479 PROB GRP:  1  0.368 PROB GRP:  2  0.632 OBSERVED CAT:  1 MAXL:        0.70 SD:        2.05 AV:        4.82 SN:  PROB GRP:  1  0.220 PROB GRP:  2  0.316 PROB GRP:  3  0.464
1979 LEPS:  -2.031 PROB GRP:  1  0.510 PROB GRP:  2  0.490 OBSERVED CAT:  2 MAXL:       -0.06 SD:        2.05 AV:        4.82 SN:  PROB GRP:  1  0.343 PROB GRP:  2  0.333 PROB GRP:  3  0.323
1980 LEPS:   7.180 PROB GRP:  1  0.464 PROB GRP:  2  0.536 OBSERVED CAT:  2 MAXL:        0.19 SD:        2.05 AV:        4.82 SN:  PROB GRP:  1  0.301 PROB GRP:  2  0.332 PROB GRP:  3  0.367
1981 LEPS:  20.295 PROB GRP:  1  0.399 PROB GRP:  2  0.601 OBSERVED CAT:  2 MAXL:        0.53 SD:        2.05 AV:        4.82 SN:  PROB GRP:  1  0.245 PROB GRP:  2  0.323 PROB GRP:  3  0.431
1982 LEPS:  47.897 PROB GRP:  1  0.739 PROB GRP:  2  0.261 OBSERVED CAT:  1 MAXL:       -1.31 SD:        2.05 AV:        4.82 SN:  PROB GRP:  1  0.584 PROB GRP:  2  0.274 PROB GRP:  3  0.142
1983 LEPS:  10.950 PROB GRP:  1  0.445 PROB GRP:  2  0.555 OBSERVED CAT:  2 MAXL:        0.28 SD:        2.05 AV:        4.82 SN:  PROB GRP:  1  0.284 PROB GRP:  2  0.330 PROB GRP:  3  0.385
1984 LEPS:  14.659 PROB GRP:  1  0.427 PROB GRP:  2  0.573 OBSERVED CAT:  2 MAXL:        0.38 SD:        2.05 AV:        4.82 SN:  PROB GRP:  1  0.269 PROB GRP:  2  0.328 PROB GRP:  3  0.403
1985 LEPS:  32.479 PROB GRP:  1  0.338 PROB GRP:  2  0.662 OBSERVED CAT:  2 MAXL:        0.86 SD:        2.05 AV:        4.82 SN:  PROB GRP:  1  0.197 PROB GRP:  2  0.307 PROB GRP:  3  0.496
1986 LEPS:  21.486 PROB GRP:  1  0.607 PROB GRP:  2  0.393 OBSERVED CAT:  1 MAXL:       -0.56 SD:        2.05 AV:        4.82 SN:  PROB GRP:  1  0.438 PROB GRP:  2  0.322 PROB GRP:  3  0.241
1987 LEPS:  69.261 PROB GRP:  1  0.846 PROB GRP:  2  0.154 OBSERVED CAT:  1 MAXL:       -2.09 SD:        2.05 AV:        4.82 SN:  PROB GRP:  1  0.723 PROB GRP:  2  0.204 PROB GRP:  3  0.073
1988 LEPS: -58.469 PROB GRP:  1  0.208 PROB GRP:  2  0.792 OBSERVED CAT:  1 MAXL:        1.67 SD:        2.05 AV:        4.82 SN:  PROB GRP:  1  0.106 PROB GRP:  2  0.244 PROB GRP:  3  0.650
1989 LEPS: -14.856 PROB GRP:  1  0.426 PROB GRP:  2  0.574 OBSERVED CAT:  1 MAXL:        0.39 SD:        2.05 AV:        4.82 SN:  PROB GRP:  1  0.268 PROB GRP:  2  0.328 PROB GRP:  3  0.404
1990 LEPS:  18.152 PROB GRP:  1  0.591 PROB GRP:  2  0.409 OBSERVED CAT:  1 MAXL:       -0.47 SD:        2.05 AV:        4.82 SN:  PROB GRP:  1  0.421 PROB GRP:  2  0.325 PROB GRP:  3  0.254
1991 LEPS:  38.140 PROB GRP:  1  0.691 PROB GRP:  2  0.309 OBSERVED CAT:  1 MAXL:       -1.02 SD:        2.05 AV:        4.82 SN:  PROB GRP:  1  0.527 PROB GRP:  2  0.297 PROB GRP:  3  0.176
1992 LEPS:  12.954 PROB GRP:  1  0.565 PROB GRP:  2  0.435 OBSERVED CAT:  1 MAXL:       -0.34 SD:        2.05 AV:        4.82 SN:  PROB GRP:  1  0.395 PROB GRP:  2  0.329 PROB GRP:  3  0.276
1993 LEPS: -24.020 PROB GRP:  1  0.620 PROB GRP:  2  0.380 OBSERVED CAT:  2 MAXL:       -0.63 SD:        2.05 AV:        4.82 SN:  PROB GRP:  1  0.451 PROB GRP:  2  0.319 PROB GRP:  3  0.230
1994 LEPS:  29.313 PROB GRP:  1  0.646 PROB GRP:  2  0.354 OBSERVED CAT:  1 MAXL:       -0.77 SD:        2.05 AV:        4.82 SN:  PROB GRP:  1  0.479 PROB GRP:  2  0.312 PROB GRP:  3  0.210
1995 LEPS:  26.516 PROB GRP:  1  0.367 PROB GRP:  2  0.633 OBSERVED CAT:  2 MAXL:        0.70 SD:        2.05 AV:        4.82 SN:  PROB GRP:  1  0.220 PROB GRP:  2  0.316 PROB GRP:  3  0.464
1996 LEPS:  15.271 PROB GRP:  1  0.424 PROB GRP:  2  0.576 OBSERVED CAT:  2 MAXL:        0.40 SD:        2.05 AV:        4.82 SN:  PROB GRP:  1  0.266 PROB GRP:  2  0.327 PROB GRP:  3  0.407
1997 LEPS:  78.511 PROB GRP:  1  0.893 PROB GRP:  2  0.107 OBSERVED CAT:  1 MAXL:       -2.54 SD:        2.05 AV:        4.82 SN:  PROB GRP:  1  0.791 PROB GRP:  2  0.162 PROB GRP:  3  0.047
1998 LEPS:  57.042 PROB GRP:  1  0.215 PROB GRP:  2  0.785 OBSERVED CAT:  2 MAXL:        1.62 SD:        2.05 AV:        4.82 SN:  PROB GRP:  1  0.111 PROB GRP:  2  0.248 PROB GRP:  3  0.641
1999 LEPS:  56.346 PROB GRP:  1  0.218 PROB GRP:  2  0.782 OBSERVED CAT:  2 MAXL:        1.60 SD:        2.05 AV:        4.82 SN:  PROB GRP:  1  0.113 PROB GRP:  2  0.250 PROB GRP:  3  0.637
2000 LEPS:  26.516 PROB GRP:  1  0.367 PROB GRP:  2  0.633 OBSERVED CAT:  2 MAXL:        0.70 SD:        2.05 AV:        4.82 SN:  PROB GRP:  1  0.220 PROB GRP:  2  0.316 PROB GRP:  3  0.464
2001 LEPS:   4.577 PROB GRP:  1  0.523 PROB GRP:  2  0.477 OBSERVED CAT:  1 MAXL:       -0.12 SD:        2.05 AV:        4.82 SN:  PROB GRP:  1  0.355 PROB GRP:  2  0.333 PROB GRP:  3  0.312
2002 LEPS: -64.088 PROB GRP:  1  0.820 PROB GRP:  2  0.180 OBSERVED CAT:  2 MAXL:       -1.88 SD:        2.05 AV:        4.82 SN:  PROB GRP:  1  0.687 PROB GRP:  2  0.224 PROB GRP:  3  0.089
2003 LEPS:  21.486 PROB GRP:  1  0.607 PROB GRP:  2  0.393 OBSERVED CAT:  1 MAXL:       -0.56 SD:        2.05 AV:        4.82 SN:  PROB GRP:  1  0.438 PROB GRP:  2  0.322 PROB GRP:  3  0.241
2004 LEPS: -52.364 PROB GRP:  1  0.762 PROB GRP:  2  0.238 OBSERVED CAT:  2 MAXL:       -1.46 SD:        2.05 AV:        4.82 SN:  PROB GRP:  1  0.611 PROB GRP:  2  0.262 PROB GRP:  3  0.126
2005 LEPS:  -1.380 PROB GRP:  1  0.507 PROB GRP:  2  0.493 OBSERVED CAT:  2 MAXL:       -0.04 SD:        2.05 AV:        4.82 SN:  PROB GRP:  1  0.340 PROB GRP:  2  0.333 PROB GRP:  3  0.326
2006 LEPS:  24.294 PROB GRP:  1  0.621 PROB GRP:  2  0.379 OBSERVED CAT:  1 MAXL:       -0.63 SD:        2.05 AV:        4.82 SN:  PROB GRP:  1  0.452 PROB GRP:  2  0.319 PROB GRP:  3  0.229
2007 LEPS:  39.886 PROB GRP:  1  0.301 PROB GRP:  2  0.699 OBSERVED CAT:  2 MAXL:        1.07 SD:        2.05 AV:        4.82 SN:  PROB GRP:  1  0.170 PROB GRP:  2  0.293 PROB GRP:  3  0.537
2008 LEPS:   6.335 PROB GRP:  1  0.468 PROB GRP:  2  0.532 OBSERVED CAT:  2 MAXL:        0.17 SD:        2.05 AV:        4.82 SN:  PROB GRP:  1  0.304 PROB GRP:  2  0.332 PROB GRP:  3  0.363
2009 LEPS:  36.168 PROB GRP:  1  0.681 PROB GRP:  2  0.319 OBSERVED CAT:  1 MAXL:       -0.96 SD:        2.05 AV:        4.82 SN:  PROB GRP:  1  0.516 PROB GRP:  2  0.300 PROB GRP:  3  0.183
2010 LEPS:  63.983 PROB GRP:  1  0.180 PROB GRP:  2  0.820 OBSERVED CAT:  2 MAXL:        1.87 SD:        2.05 AV:        4.82 SN:  PROB GRP:  1  0.089 PROB GRP:  2  0.225 PROB GRP:  3  0.686
2011 LEPS:  30.274 PROB GRP:  1  0.349 PROB GRP:  2  0.651 OBSERVED CAT:  2 MAXL:        0.80 SD:        2.05 AV:        4.82 SN:  PROB GRP:  1  0.206 PROB GRP:  2  0.310 PROB GRP:  3  0.484
2012 LEPS:  27.052 PROB GRP:  1  0.635 PROB GRP:  2  0.365 OBSERVED CAT:  1 MAXL:       -0.71 SD:        2.05 AV:        4.82 SN:  PROB GRP:  1  0.467 PROB GRP:  2  0.315 PROB GRP:  3  0.218
2013 LEPS:  -6.873 PROB GRP:  1  0.466 PROB GRP:  2  0.534 OBSERVED CAT:  1 MAXL:        0.18 SD:        2.05 AV:        4.82 SN:  PROB GRP:  1  0.302 PROB GRP:  2  0.332 PROB GRP:  3  0.366
2014 LEPS:  12.790 PROB GRP:  1  0.564 PROB GRP:  2  0.436 OBSERVED CAT:  1 MAXL:       -0.33 SD:        2.05 AV:        4.82 SN:  PROB GRP:  1  0.394 PROB GRP:  2  0.329 PROB GRP:  3  0.277
2015 LEPS:  78.666 PROB GRP:  1  0.893 PROB GRP:  2  0.107 OBSERVED CAT:  1 MAXL:       -2.55 SD:        2.05 AV:        4.82 SN:  PROB GRP:  1  0.792 PROB GRP:  2  0.161 PROB GRP:  3  0.047
2016 LEPS:  25.752 PROB GRP:  1  0.371 PROB GRP:  2  0.629 OBSERVED CAT:  2 MAXL:        0.68 SD:        2.05 AV:        4.82 SN:  PROB GRP:  1  0.223 PROB GRP:  2  0.317 PROB GRP:  3  0.460
2017 LEPS:  -0.947 PROB GRP:  1  0.505 PROB GRP:  2  0.495 OBSERVED CAT:  2 MAXL:       -0.03 SD:        2.05 AV:        4.82 SN:  PROB GRP:  1  0.338 PROB GRP:  2  0.333 PROB GRP:  3  0.328
2018 LEPS:  20.540 PROB GRP:  1  0.603 PROB GRP:  2  0.397 OBSERVED CAT:  1 MAXL:       -0.53 SD:        2.05 AV:        4.82 SN:  PROB GRP:  1  0.433 PROB GRP:  2  0.323 PROB GRP:  3  0.245
2019 LEPS:  16.381 PROB GRP:  1  0.582 PROB GRP:  2  0.418 OBSERVED CAT:  1 MAXL:       -0.43 SD:        2.05 AV:        4.82 SN:  PROB GRP:  1  0.412 PROB GRP:  2  0.327 PROB GRP:  3  0.261
2020 LEPS: -20.575 PROB GRP:  1  0.397 PROB GRP:  2  0.603 OBSERVED CAT:  1 MAXL:        0.54 SD:        2.05 AV:        4.82 SN:  PROB GRP:  1  0.244 PROB GRP:  2  0.323 PROB GRP:  3  0.433
2021 LEPS:   0.000 PROB GRP:  1  0.431 PROB GRP:  2  0.569 OBSERVED CAT:  0 MAXL:        0.36 SD:        2.05 AV:        4.82 SN:  PROB GRP:  1  0.272 PROB GRP:  2  0.328 PROB GRP:  3  0.400
