 PREDICTAND GROUPS BY YEAR
197019711972197319741975197619771978197919801981198219831984198519861987198819891990199119921993199419951996199719981999200020012002200320042005200620072008200920102011201220132014201520162017201820192020
  2.  2.  2.  2.  2.  2.  2.  1.  2.  2.  1.  2.  1.  2.  2.  1.  2.  1.  1.  2.  1.  1.  1.  1.  1.  2.  1.  2.  1.  1.  2.  2.  1.  2.  2.  1.  1.  1.  1.  1.  1.  1.  1.  2.  1.  1.  2.  2.  2.  1.  1.
 TERCILE BOUNDARIES:    2.0000000       3.0000000      MEDIAN:    2.0000000    

FCST PERIOD: 1970 TO 2020

PREDICTOR BASE MONTH : 07
GROUP DATA BASE MONTH: 07

PREDICTAND - STATION:   1
1970 LEPS:  16.865 PROB GRP:  1  0.416 PROB GRP:  2  0.584 OBSERVED CAT:  2 MAXL:        0.29 SD:        1.34 AV:        2.63 SN:  PROB GRP:  1  0.259 PROB GRP:  2  0.326 PROB GRP:  3  0.414
1971 LEPS:  16.203 PROB GRP:  1  0.419 PROB GRP:  2  0.581 OBSERVED CAT:  2 MAXL:        0.28 SD:        1.34 AV:        2.63 SN:  PROB GRP:  1  0.262 PROB GRP:  2  0.327 PROB GRP:  3  0.411
1972 LEPS: -29.820 PROB GRP:  1  0.649 PROB GRP:  2  0.351 OBSERVED CAT:  2 MAXL:       -0.52 SD:        1.34 AV:        2.63 SN:  PROB GRP:  1  0.481 PROB GRP:  2  0.311 PROB GRP:  3  0.208
1973 LEPS:  23.041 PROB GRP:  1  0.385 PROB GRP:  2  0.615 OBSERVED CAT:  2 MAXL:        0.39 SD:        1.34 AV:        2.63 SN:  PROB GRP:  1  0.234 PROB GRP:  2  0.320 PROB GRP:  3  0.445
1974 LEPS:  10.008 PROB GRP:  1  0.450 PROB GRP:  2  0.550 OBSERVED CAT:  2 MAXL:        0.17 SD:        1.34 AV:        2.63 SN:  PROB GRP:  1  0.289 PROB GRP:  2  0.331 PROB GRP:  3  0.381
1975 LEPS:  21.980 PROB GRP:  1  0.390 PROB GRP:  2  0.610 OBSERVED CAT:  2 MAXL:        0.38 SD:        1.34 AV:        2.63 SN:  PROB GRP:  1  0.238 PROB GRP:  2  0.321 PROB GRP:  3  0.440
1976 LEPS:  -4.683 PROB GRP:  1  0.524 PROB GRP:  2  0.476 OBSERVED CAT:  2 MAXL:       -0.08 SD:        1.34 AV:        2.63 SN:  PROB GRP:  1  0.355 PROB GRP:  2  0.333 PROB GRP:  3  0.312
1977 LEPS:   5.608 PROB GRP:  1  0.528 PROB GRP:  2  0.472 OBSERVED CAT:  1 MAXL:       -0.10 SD:        1.34 AV:        2.63 SN:  PROB GRP:  1  0.360 PROB GRP:  2  0.333 PROB GRP:  3  0.308
1978 LEPS:   9.953 PROB GRP:  1  0.450 PROB GRP:  2  0.550 OBSERVED CAT:  2 MAXL:        0.17 SD:        1.34 AV:        2.63 SN:  PROB GRP:  1  0.289 PROB GRP:  2  0.331 PROB GRP:  3  0.381
1979 LEPS:  -0.818 PROB GRP:  1  0.504 PROB GRP:  2  0.496 OBSERVED CAT:  2 MAXL:       -0.02 SD:        1.34 AV:        2.63 SN:  PROB GRP:  1  0.338 PROB GRP:  2  0.333 PROB GRP:  3  0.329
1980 LEPS:  -2.154 PROB GRP:  1  0.489 PROB GRP:  2  0.511 OBSERVED CAT:  1 MAXL:        0.04 SD:        1.34 AV:        2.63 SN:  PROB GRP:  1  0.323 PROB GRP:  2  0.333 PROB GRP:  3  0.344
1981 LEPS:   6.000 PROB GRP:  1  0.470 PROB GRP:  2  0.530 OBSERVED CAT:  2 MAXL:        0.10 SD:        1.34 AV:        2.63 SN:  PROB GRP:  1  0.306 PROB GRP:  2  0.332 PROB GRP:  3  0.362
1982 LEPS:  17.143 PROB GRP:  1  0.586 PROB GRP:  2  0.414 OBSERVED CAT:  1 MAXL:       -0.29 SD:        1.34 AV:        2.63 SN:  PROB GRP:  1  0.415 PROB GRP:  2  0.326 PROB GRP:  3  0.259
1983 LEPS:   3.177 PROB GRP:  1  0.484 PROB GRP:  2  0.516 OBSERVED CAT:  2 MAXL:        0.05 SD:        1.34 AV:        2.63 SN:  PROB GRP:  1  0.319 PROB GRP:  2  0.333 PROB GRP:  3  0.348
1984 LEPS:   4.300 PROB GRP:  1  0.479 PROB GRP:  2  0.521 OBSERVED CAT:  2 MAXL:        0.07 SD:        1.34 AV:        2.63 SN:  PROB GRP:  1  0.314 PROB GRP:  2  0.333 PROB GRP:  3  0.353
1985 LEPS: -11.631 PROB GRP:  1  0.442 PROB GRP:  2  0.558 OBSERVED CAT:  1 MAXL:        0.20 SD:        1.34 AV:        2.63 SN:  PROB GRP:  1  0.281 PROB GRP:  2  0.330 PROB GRP:  3  0.389
1986 LEPS:  -8.272 PROB GRP:  1  0.541 PROB GRP:  2  0.459 OBSERVED CAT:  2 MAXL:       -0.14 SD:        1.34 AV:        2.63 SN:  PROB GRP:  1  0.372 PROB GRP:  2  0.332 PROB GRP:  3  0.296
1987 LEPS:  25.922 PROB GRP:  1  0.630 PROB GRP:  2  0.370 OBSERVED CAT:  1 MAXL:       -0.45 SD:        1.34 AV:        2.63 SN:  PROB GRP:  1  0.461 PROB GRP:  2  0.317 PROB GRP:  3  0.223
1988 LEPS: -28.614 PROB GRP:  1  0.357 PROB GRP:  2  0.643 OBSERVED CAT:  1 MAXL:        0.49 SD:        1.34 AV:        2.63 SN:  PROB GRP:  1  0.212 PROB GRP:  2  0.313 PROB GRP:  3  0.475
1989 LEPS:   6.238 PROB GRP:  1  0.469 PROB GRP:  2  0.531 OBSERVED CAT:  2 MAXL:        0.11 SD:        1.34 AV:        2.63 SN:  PROB GRP:  1  0.305 PROB GRP:  2  0.332 PROB GRP:  3  0.363
1990 LEPS:   5.911 PROB GRP:  1  0.529 PROB GRP:  2  0.471 OBSERVED CAT:  1 MAXL:       -0.10 SD:        1.34 AV:        2.63 SN:  PROB GRP:  1  0.361 PROB GRP:  2  0.332 PROB GRP:  3  0.306
1991 LEPS:  13.415 PROB GRP:  1  0.567 PROB GRP:  2  0.433 OBSERVED CAT:  1 MAXL:       -0.23 SD:        1.34 AV:        2.63 SN:  PROB GRP:  1  0.397 PROB GRP:  2  0.329 PROB GRP:  3  0.274
1992 LEPS:   3.948 PROB GRP:  1  0.520 PROB GRP:  2  0.480 OBSERVED CAT:  1 MAXL:       -0.07 SD:        1.34 AV:        2.63 SN:  PROB GRP:  1  0.352 PROB GRP:  2  0.333 PROB GRP:  3  0.315
1993 LEPS:   6.987 PROB GRP:  1  0.535 PROB GRP:  2  0.465 OBSERVED CAT:  1 MAXL:       -0.12 SD:        1.34 AV:        2.63 SN:  PROB GRP:  1  0.366 PROB GRP:  2  0.332 PROB GRP:  3  0.302
1994 LEPS:  10.097 PROB GRP:  1  0.550 PROB GRP:  2  0.450 OBSERVED CAT:  1 MAXL:       -0.17 SD:        1.34 AV:        2.63 SN:  PROB GRP:  1  0.381 PROB GRP:  2  0.331 PROB GRP:  3  0.288
1995 LEPS:   7.874 PROB GRP:  1  0.461 PROB GRP:  2  0.539 OBSERVED CAT:  2 MAXL:        0.13 SD:        1.34 AV:        2.63 SN:  PROB GRP:  1  0.298 PROB GRP:  2  0.332 PROB GRP:  3  0.370
1996 LEPS:  -4.902 PROB GRP:  1  0.475 PROB GRP:  2  0.525 OBSERVED CAT:  1 MAXL:        0.08 SD:        1.34 AV:        2.63 SN:  PROB GRP:  1  0.311 PROB GRP:  2  0.333 PROB GRP:  3  0.357
1997 LEPS: -56.338 PROB GRP:  1  0.782 PROB GRP:  2  0.218 OBSERVED CAT:  2 MAXL:       -1.05 SD:        1.34 AV:        2.63 SN:  PROB GRP:  1  0.637 PROB GRP:  2  0.250 PROB GRP:  3  0.113
1998 LEPS: -24.815 PROB GRP:  1  0.376 PROB GRP:  2  0.624 OBSERVED CAT:  1 MAXL:        0.43 SD:        1.34 AV:        2.63 SN:  PROB GRP:  1  0.227 PROB GRP:  2  0.318 PROB GRP:  3  0.455
1999 LEPS: -24.351 PROB GRP:  1  0.378 PROB GRP:  2  0.622 OBSERVED CAT:  1 MAXL:        0.42 SD:        1.34 AV:        2.63 SN:  PROB GRP:  1  0.229 PROB GRP:  2  0.318 PROB GRP:  3  0.453
2000 LEPS:   7.874 PROB GRP:  1  0.461 PROB GRP:  2  0.539 OBSERVED CAT:  2 MAXL:        0.13 SD:        1.34 AV:        2.63 SN:  PROB GRP:  1  0.298 PROB GRP:  2  0.332 PROB GRP:  3  0.370
2001 LEPS:  -0.818 PROB GRP:  1  0.504 PROB GRP:  2  0.496 OBSERVED CAT:  2 MAXL:       -0.02 SD:        1.34 AV:        2.63 SN:  PROB GRP:  1  0.338 PROB GRP:  2  0.333 PROB GRP:  3  0.329
2002 LEPS:  17.683 PROB GRP:  1  0.588 PROB GRP:  2  0.412 OBSERVED CAT:  1 MAXL:       -0.30 SD:        1.34 AV:        2.63 SN:  PROB GRP:  1  0.418 PROB GRP:  2  0.326 PROB GRP:  3  0.256
2003 LEPS:  -8.272 PROB GRP:  1  0.541 PROB GRP:  2  0.459 OBSERVED CAT:  2 MAXL:       -0.14 SD:        1.34 AV:        2.63 SN:  PROB GRP:  1  0.372 PROB GRP:  2  0.332 PROB GRP:  3  0.296
2004 LEPS: -19.258 PROB GRP:  1  0.596 PROB GRP:  2  0.404 OBSERVED CAT:  2 MAXL:       -0.33 SD:        1.34 AV:        2.63 SN:  PROB GRP:  1  0.426 PROB GRP:  2  0.324 PROB GRP:  3  0.249
2005 LEPS:   0.546 PROB GRP:  1  0.503 PROB GRP:  2  0.497 OBSERVED CAT:  1 MAXL:       -0.01 SD:        1.34 AV:        2.63 SN:  PROB GRP:  1  0.336 PROB GRP:  2  0.333 PROB GRP:  3  0.331
2006 LEPS:   8.217 PROB GRP:  1  0.541 PROB GRP:  2  0.459 OBSERVED CAT:  1 MAXL:       -0.14 SD:        1.34 AV:        2.63 SN:  PROB GRP:  1  0.372 PROB GRP:  2  0.332 PROB GRP:  3  0.296
2007 LEPS: -15.041 PROB GRP:  1  0.425 PROB GRP:  2  0.575 OBSERVED CAT:  1 MAXL:        0.26 SD:        1.34 AV:        2.63 SN:  PROB GRP:  1  0.267 PROB GRP:  2  0.328 PROB GRP:  3  0.406
2008 LEPS:  -1.878 PROB GRP:  1  0.491 PROB GRP:  2  0.509 OBSERVED CAT:  1 MAXL:        0.03 SD:        1.34 AV:        2.63 SN:  PROB GRP:  1  0.324 PROB GRP:  2  0.333 PROB GRP:  3  0.342
2009 LEPS:  12.671 PROB GRP:  1  0.563 PROB GRP:  2  0.437 OBSERVED CAT:  1 MAXL:       -0.22 SD:        1.34 AV:        2.63 SN:  PROB GRP:  1  0.394 PROB GRP:  2  0.329 PROB GRP:  3  0.277
2010 LEPS: -29.879 PROB GRP:  1  0.351 PROB GRP:  2  0.649 OBSERVED CAT:  1 MAXL:        0.52 SD:        1.34 AV:        2.63 SN:  PROB GRP:  1  0.207 PROB GRP:  2  0.311 PROB GRP:  3  0.482
2011 LEPS: -10.685 PROB GRP:  1  0.446 PROB GRP:  2  0.554 OBSERVED CAT:  1 MAXL:        0.18 SD:        1.34 AV:        2.63 SN:  PROB GRP:  1  0.285 PROB GRP:  2  0.330 PROB GRP:  3  0.384
2012 LEPS:   9.250 PROB GRP:  1  0.546 PROB GRP:  2  0.454 OBSERVED CAT:  1 MAXL:       -0.16 SD:        1.34 AV:        2.63 SN:  PROB GRP:  1  0.377 PROB GRP:  2  0.331 PROB GRP:  3  0.292
2013 LEPS:   3.491 PROB GRP:  1  0.483 PROB GRP:  2  0.517 OBSERVED CAT:  2 MAXL:        0.06 SD:        1.34 AV:        2.63 SN:  PROB GRP:  1  0.317 PROB GRP:  2  0.333 PROB GRP:  3  0.350
2014 LEPS:   3.885 PROB GRP:  1  0.519 PROB GRP:  2  0.481 OBSERVED CAT:  1 MAXL:       -0.07 SD:        1.34 AV:        2.63 SN:  PROB GRP:  1  0.352 PROB GRP:  2  0.333 PROB GRP:  3  0.315
2015 LEPS:  30.421 PROB GRP:  1  0.652 PROB GRP:  2  0.348 OBSERVED CAT:  1 MAXL:       -0.53 SD:        1.34 AV:        2.63 SN:  PROB GRP:  1  0.485 PROB GRP:  2  0.310 PROB GRP:  3  0.205
2016 LEPS:   7.643 PROB GRP:  1  0.462 PROB GRP:  2  0.538 OBSERVED CAT:  2 MAXL:        0.13 SD:        1.34 AV:        2.63 SN:  PROB GRP:  1  0.299 PROB GRP:  2  0.332 PROB GRP:  3  0.369
2017 LEPS:  -0.479 PROB GRP:  1  0.502 PROB GRP:  2  0.498 OBSERVED CAT:  2 MAXL:       -0.01 SD:        1.34 AV:        2.63 SN:  PROB GRP:  1  0.336 PROB GRP:  2  0.333 PROB GRP:  3  0.331
2018 LEPS:  -7.812 PROB GRP:  1  0.539 PROB GRP:  2  0.461 OBSERVED CAT:  2 MAXL:       -0.13 SD:        1.34 AV:        2.63 SN:  PROB GRP:  1  0.370 PROB GRP:  2  0.332 PROB GRP:  3  0.298
2019 LEPS:   5.243 PROB GRP:  1  0.526 PROB GRP:  2  0.474 OBSERVED CAT:  1 MAXL:       -0.09 SD:        1.34 AV:        2.63 SN:  PROB GRP:  1  0.358 PROB GRP:  2  0.333 PROB GRP:  3  0.309
2020 LEPS:  -9.443 PROB GRP:  1  0.453 PROB GRP:  2  0.547 OBSERVED CAT:  1 MAXL:        0.16 SD:        1.34 AV:        2.63 SN:  PROB GRP:  1  0.291 PROB GRP:  2  0.331 PROB GRP:  3  0.378
2021 LEPS:   0.000 PROB GRP:  1  0.468 PROB GRP:  2  0.532 OBSERVED CAT:  0 MAXL:        0.11 SD:        1.34 AV:        2.63 SN:  PROB GRP:  1  0.304 PROB GRP:  2  0.332 PROB GRP:  3  0.364
