 PREDICTAND GROUPS BY YEAR
197019711972197319741975197619771978197919801981198219831984198519861987198819891990199119921993199419951996199719981999200020012002200320042005200620072008200920102011201220132014201520162017201820192020
  2.  1.  2.  2.  2.  2.  1.  1.  1.  2.  2.  2.  2.  2.  2.  2.  1.  1.  2.  2.  1.  1.  1.  2.  1.  2.  2.  1.  2.  2.  2.  1.  1.  2.  2.  2.  1.  2.  1.  1.  1.  1.  1.  1.  1.  1.  1.  2.  1.  1.  1.
 TERCILE BOUNDARIES:    5.0000000       8.0000000      MEDIAN:    6.0000000    

FCST PERIOD: 1970 TO 2020

PREDICTOR BASE MONTH : 07
GROUP DATA BASE MONTH: 07

PREDICTAND - STATION:   1
1970 LEPS:  46.876 PROB GRP:  1  0.266 PROB GRP:  2  0.734 OBSERVED CAT:  2 MAXL:        1.56 SD:        2.48 AV:        6.63 SN:  PROB GRP:  1  0.145 PROB GRP:  2  0.277 PROB GRP:  3  0.578
1971 LEPS: -52.602 PROB GRP:  1  0.237 PROB GRP:  2  0.763 OBSERVED CAT:  1 MAXL:        1.78 SD:        2.48 AV:        6.63 SN:  PROB GRP:  1  0.125 PROB GRP:  2  0.262 PROB GRP:  3  0.613
1972 LEPS: -64.208 PROB GRP:  1  0.821 PROB GRP:  2  0.179 OBSERVED CAT:  2 MAXL:       -2.29 SD:        2.48 AV:        6.63 SN:  PROB GRP:  1  0.688 PROB GRP:  2  0.224 PROB GRP:  3  0.088
1973 LEPS:  63.485 PROB GRP:  1  0.183 PROB GRP:  2  0.817 OBSERVED CAT:  2 MAXL:        2.25 SD:        2.48 AV:        6.63 SN:  PROB GRP:  1  0.090 PROB GRP:  2  0.226 PROB GRP:  3  0.683
1974 LEPS:  27.624 PROB GRP:  1  0.362 PROB GRP:  2  0.638 OBSERVED CAT:  2 MAXL:        0.88 SD:        2.48 AV:        6.63 SN:  PROB GRP:  1  0.216 PROB GRP:  2  0.314 PROB GRP:  3  0.470
1975 LEPS:  60.717 PROB GRP:  1  0.196 PROB GRP:  2  0.804 OBSERVED CAT:  2 MAXL:        2.12 SD:        2.48 AV:        6.63 SN:  PROB GRP:  1  0.099 PROB GRP:  2  0.236 PROB GRP:  3  0.665
1976 LEPS:  11.339 PROB GRP:  1  0.557 PROB GRP:  2  0.443 OBSERVED CAT:  1 MAXL:       -0.36 SD:        2.48 AV:        6.63 SN:  PROB GRP:  1  0.387 PROB GRP:  2  0.330 PROB GRP:  3  0.283
1977 LEPS:  15.073 PROB GRP:  1  0.575 PROB GRP:  2  0.425 OBSERVED CAT:  1 MAXL:       -0.48 SD:        2.48 AV:        6.63 SN:  PROB GRP:  1  0.406 PROB GRP:  2  0.328 PROB GRP:  3  0.267
1978 LEPS: -30.735 PROB GRP:  1  0.346 PROB GRP:  2  0.654 OBSERVED CAT:  1 MAXL:        0.98 SD:        2.48 AV:        6.63 SN:  PROB GRP:  1  0.204 PROB GRP:  2  0.310 PROB GRP:  3  0.486
1979 LEPS:  -2.320 PROB GRP:  1  0.512 PROB GRP:  2  0.488 OBSERVED CAT:  2 MAXL:       -0.08 SD:        2.48 AV:        6.63 SN:  PROB GRP:  1  0.344 PROB GRP:  2  0.333 PROB GRP:  3  0.322
1980 LEPS:   5.367 PROB GRP:  1  0.473 PROB GRP:  2  0.527 OBSERVED CAT:  2 MAXL:        0.17 SD:        2.48 AV:        6.63 SN:  PROB GRP:  1  0.309 PROB GRP:  2  0.333 PROB GRP:  3  0.359
1981 LEPS:  16.352 PROB GRP:  1  0.418 PROB GRP:  2  0.582 OBSERVED CAT:  2 MAXL:        0.51 SD:        2.48 AV:        6.63 SN:  PROB GRP:  1  0.262 PROB GRP:  2  0.327 PROB GRP:  3  0.412
1982 LEPS: -54.883 PROB GRP:  1  0.774 PROB GRP:  2  0.226 OBSERVED CAT:  2 MAXL:       -1.87 SD:        2.48 AV:        6.63 SN:  PROB GRP:  1  0.627 PROB GRP:  2  0.255 PROB GRP:  3  0.118
1983 LEPS:   8.516 PROB GRP:  1  0.458 PROB GRP:  2  0.542 OBSERVED CAT:  2 MAXL:        0.27 SD:        2.48 AV:        6.63 SN:  PROB GRP:  1  0.295 PROB GRP:  2  0.331 PROB GRP:  3  0.374
1984 LEPS:  11.620 PROB GRP:  1  0.442 PROB GRP:  2  0.558 OBSERVED CAT:  2 MAXL:        0.37 SD:        2.48 AV:        6.63 SN:  PROB GRP:  1  0.281 PROB GRP:  2  0.330 PROB GRP:  3  0.389
1985 LEPS:  26.691 PROB GRP:  1  0.367 PROB GRP:  2  0.633 OBSERVED CAT:  2 MAXL:        0.85 SD:        2.48 AV:        6.63 SN:  PROB GRP:  1  0.220 PROB GRP:  2  0.316 PROB GRP:  3  0.464
1986 LEPS:  19.389 PROB GRP:  1  0.597 PROB GRP:  2  0.403 OBSERVED CAT:  1 MAXL:       -0.61 SD:        2.48 AV:        6.63 SN:  PROB GRP:  1  0.427 PROB GRP:  2  0.324 PROB GRP:  3  0.249
1987 LEPS:  68.472 PROB GRP:  1  0.842 PROB GRP:  2  0.158 OBSERVED CAT:  1 MAXL:       -2.49 SD:        2.48 AV:        6.63 SN:  PROB GRP:  1  0.717 PROB GRP:  2  0.207 PROB GRP:  3  0.076
1988 LEPS:  53.386 PROB GRP:  1  0.233 PROB GRP:  2  0.767 OBSERVED CAT:  2 MAXL:        1.81 SD:        2.48 AV:        6.63 SN:  PROB GRP:  1  0.123 PROB GRP:  2  0.259 PROB GRP:  3  0.618
1989 LEPS:  17.018 PROB GRP:  1  0.415 PROB GRP:  2  0.585 OBSERVED CAT:  2 MAXL:        0.54 SD:        2.48 AV:        6.63 SN:  PROB GRP:  1  0.259 PROB GRP:  2  0.326 PROB GRP:  3  0.415
1990 LEPS:  15.911 PROB GRP:  1  0.579 PROB GRP:  2  0.421 OBSERVED CAT:  1 MAXL:       -0.50 SD:        2.48 AV:        6.63 SN:  PROB GRP:  1  0.409 PROB GRP:  2  0.327 PROB GRP:  3  0.264
1991 LEPS:  36.677 PROB GRP:  1  0.683 PROB GRP:  2  0.317 OBSERVED CAT:  1 MAXL:       -1.19 SD:        2.48 AV:        6.63 SN:  PROB GRP:  1  0.519 PROB GRP:  2  0.299 PROB GRP:  3  0.182
1992 LEPS:  10.481 PROB GRP:  1  0.552 PROB GRP:  2  0.448 OBSERVED CAT:  1 MAXL:       -0.33 SD:        2.48 AV:        6.63 SN:  PROB GRP:  1  0.383 PROB GRP:  2  0.331 PROB GRP:  3  0.287
1993 LEPS: -20.811 PROB GRP:  1  0.604 PROB GRP:  2  0.396 OBSERVED CAT:  2 MAXL:       -0.66 SD:        2.48 AV:        6.63 SN:  PROB GRP:  1  0.434 PROB GRP:  2  0.322 PROB GRP:  3  0.243
1994 LEPS:  27.534 PROB GRP:  1  0.638 PROB GRP:  2  0.362 OBSERVED CAT:  1 MAXL:       -0.88 SD:        2.48 AV:        6.63 SN:  PROB GRP:  1  0.469 PROB GRP:  2  0.314 PROB GRP:  3  0.217
1995 LEPS:  21.608 PROB GRP:  1  0.392 PROB GRP:  2  0.608 OBSERVED CAT:  2 MAXL:        0.68 SD:        2.48 AV:        6.63 SN:  PROB GRP:  1  0.240 PROB GRP:  2  0.322 PROB GRP:  3  0.438
1996 LEPS:  12.132 PROB GRP:  1  0.439 PROB GRP:  2  0.561 OBSERVED CAT:  2 MAXL:        0.38 SD:        2.48 AV:        6.63 SN:  PROB GRP:  1  0.280 PROB GRP:  2  0.330 PROB GRP:  3  0.391
1997 LEPS:  77.800 PROB GRP:  1  0.889 PROB GRP:  2  0.111 OBSERVED CAT:  1 MAXL:       -3.03 SD:        2.48 AV:        6.63 SN:  PROB GRP:  1  0.786 PROB GRP:  2  0.165 PROB GRP:  3  0.049
1998 LEPS:  48.423 PROB GRP:  1  0.258 PROB GRP:  2  0.742 OBSERVED CAT:  2 MAXL:        1.62 SD:        2.48 AV:        6.63 SN:  PROB GRP:  1  0.140 PROB GRP:  2  0.273 PROB GRP:  3  0.587
1999 LEPS:  47.781 PROB GRP:  1  0.261 PROB GRP:  2  0.739 OBSERVED CAT:  2 MAXL:        1.59 SD:        2.48 AV:        6.63 SN:  PROB GRP:  1  0.142 PROB GRP:  2  0.275 PROB GRP:  3  0.583
2000 LEPS:  21.608 PROB GRP:  1  0.392 PROB GRP:  2  0.608 OBSERVED CAT:  2 MAXL:        0.68 SD:        2.48 AV:        6.63 SN:  PROB GRP:  1  0.240 PROB GRP:  2  0.322 PROB GRP:  3  0.438
2001 LEPS:   1.714 PROB GRP:  1  0.508 PROB GRP:  2  0.492 OBSERVED CAT:  1 MAXL:       -0.06 SD:        2.48 AV:        6.63 SN:  PROB GRP:  1  0.342 PROB GRP:  2  0.333 PROB GRP:  3  0.325
2002 LEPS:  48.150 PROB GRP:  1  0.741 PROB GRP:  2  0.259 OBSERVED CAT:  1 MAXL:       -1.61 SD:        2.48 AV:        6.63 SN:  PROB GRP:  1  0.586 PROB GRP:  2  0.274 PROB GRP:  3  0.141
2003 LEPS: -21.373 PROB GRP:  1  0.607 PROB GRP:  2  0.393 OBSERVED CAT:  2 MAXL:       -0.68 SD:        2.48 AV:        6.63 SN:  PROB GRP:  1  0.437 PROB GRP:  2  0.322 PROB GRP:  3  0.241
2004 LEPS: -45.703 PROB GRP:  1  0.729 PROB GRP:  2  0.271 OBSERVED CAT:  2 MAXL:       -1.51 SD:        2.48 AV:        6.63 SN:  PROB GRP:  1  0.571 PROB GRP:  2  0.280 PROB GRP:  3  0.149
2005 LEPS:  -1.776 PROB GRP:  1  0.509 PROB GRP:  2  0.491 OBSERVED CAT:  2 MAXL:       -0.06 SD:        2.48 AV:        6.63 SN:  PROB GRP:  1  0.342 PROB GRP:  2  0.333 PROB GRP:  3  0.325
2006 LEPS:  22.314 PROB GRP:  1  0.611 PROB GRP:  2  0.389 OBSERVED CAT:  1 MAXL:       -0.71 SD:        2.48 AV:        6.63 SN:  PROB GRP:  1  0.442 PROB GRP:  2  0.321 PROB GRP:  3  0.237
2007 LEPS:  33.086 PROB GRP:  1  0.335 PROB GRP:  2  0.665 OBSERVED CAT:  2 MAXL:        1.06 SD:        2.48 AV:        6.63 SN:  PROB GRP:  1  0.195 PROB GRP:  2  0.306 PROB GRP:  3  0.499
2008 LEPS:  -5.325 PROB GRP:  1  0.473 PROB GRP:  2  0.527 OBSERVED CAT:  1 MAXL:        0.17 SD:        2.48 AV:        6.63 SN:  PROB GRP:  1  0.309 PROB GRP:  2  0.333 PROB GRP:  3  0.359
2009 LEPS:  34.638 PROB GRP:  1  0.673 PROB GRP:  2  0.327 OBSERVED CAT:  1 MAXL:       -1.12 SD:        2.48 AV:        6.63 SN:  PROB GRP:  1  0.508 PROB GRP:  2  0.303 PROB GRP:  3  0.189
2010 LEPS: -65.292 PROB GRP:  1  0.174 PROB GRP:  2  0.826 OBSERVED CAT:  1 MAXL:        2.34 SD:        2.48 AV:        6.63 SN:  PROB GRP:  1  0.085 PROB GRP:  2  0.220 PROB GRP:  3  0.695
2011 LEPS: -27.576 PROB GRP:  1  0.362 PROB GRP:  2  0.638 OBSERVED CAT:  1 MAXL:        0.88 SD:        2.48 AV:        6.63 SN:  PROB GRP:  1  0.216 PROB GRP:  2  0.314 PROB GRP:  3  0.470
2012 LEPS:  25.184 PROB GRP:  1  0.626 PROB GRP:  2  0.374 OBSERVED CAT:  1 MAXL:       -0.80 SD:        2.48 AV:        6.63 SN:  PROB GRP:  1  0.457 PROB GRP:  2  0.317 PROB GRP:  3  0.226
2013 LEPS: -10.278 PROB GRP:  1  0.449 PROB GRP:  2  0.551 OBSERVED CAT:  1 MAXL:        0.32 SD:        2.48 AV:        6.63 SN:  PROB GRP:  1  0.287 PROB GRP:  2  0.331 PROB GRP:  3  0.382
2014 LEPS:  10.309 PROB GRP:  1  0.551 PROB GRP:  2  0.449 OBSERVED CAT:  1 MAXL:       -0.32 SD:        2.48 AV:        6.63 SN:  PROB GRP:  1  0.382 PROB GRP:  2  0.331 PROB GRP:  3  0.287
2015 LEPS:  77.957 PROB GRP:  1  0.890 PROB GRP:  2  0.110 OBSERVED CAT:  1 MAXL:       -3.04 SD:        2.48 AV:        6.63 SN:  PROB GRP:  1  0.787 PROB GRP:  2  0.164 PROB GRP:  3  0.049
2016 LEPS: -23.103 PROB GRP:  1  0.384 PROB GRP:  2  0.616 OBSERVED CAT:  1 MAXL:        0.73 SD:        2.48 AV:        6.63 SN:  PROB GRP:  1  0.234 PROB GRP:  2  0.320 PROB GRP:  3  0.446
2017 LEPS:  -1.415 PROB GRP:  1  0.507 PROB GRP:  2  0.493 OBSERVED CAT:  2 MAXL:       -0.05 SD:        2.48 AV:        6.63 SN:  PROB GRP:  1  0.340 PROB GRP:  2  0.333 PROB GRP:  3  0.326
2018 LEPS:  18.403 PROB GRP:  1  0.592 PROB GRP:  2  0.408 OBSERVED CAT:  1 MAXL:       -0.58 SD:        2.48 AV:        6.63 SN:  PROB GRP:  1  0.422 PROB GRP:  2  0.325 PROB GRP:  3  0.253
2019 LEPS:  14.062 PROB GRP:  1  0.570 PROB GRP:  2  0.430 OBSERVED CAT:  1 MAXL:       -0.44 SD:        2.48 AV:        6.63 SN:  PROB GRP:  1  0.401 PROB GRP:  2  0.328 PROB GRP:  3  0.271
2020 LEPS: -24.595 PROB GRP:  1  0.377 PROB GRP:  2  0.623 OBSERVED CAT:  1 MAXL:        0.78 SD:        2.48 AV:        6.63 SN:  PROB GRP:  1  0.228 PROB GRP:  2  0.318 PROB GRP:  3  0.454
2021 LEPS:   0.000 PROB GRP:  1  0.414 PROB GRP:  2  0.586 OBSERVED CAT:  0 MAXL:        0.54 SD:        2.48 AV:        6.63 SN:  PROB GRP:  1  0.258 PROB GRP:  2  0.326 PROB GRP:  3  0.416
