 PREDICTAND GROUPS BY YEAR
197019711972197319741975197619771978197919801981198219831984198519861987198819891990199119921993199419951996199719981999200020012002200320042005200620072008200920102011201220132014201520162017201820192020
  2.  2.  1.  2.  2.  2.  1.  1.  1.  2.  2.  2.  1.  2.  2.  2.  1.  1.  1.  2.  1.  1.  1.  2.  1.  2.  2.  1.  2.  2.  1.  1.  1.  2.  1.  2.  1.  1.  1.  1.  1.  1.  1.  1.  1.  1.  1.  1.  1.  1.  1.
 TERCILE BOUNDARIES:    10.000000       12.000000      MEDIAN:    11.000000    

FCST PERIOD: 1970 TO 2020

PREDICTOR BASE MONTH : 07
GROUP DATA BASE MONTH: 07

PREDICTAND - STATION:   1
1970 LEPS:  58.845 PROB GRP:  1  0.206 PROB GRP:  2  0.794 OBSERVED CAT:  2 MAXL:        2.75 SD:        3.35 AV:       11.06 SN:  PROB GRP:  1  0.105 PROB GRP:  2  0.243 PROB GRP:  3  0.652
1971 LEPS:  56.576 PROB GRP:  1  0.217 PROB GRP:  2  0.783 OBSERVED CAT:  2 MAXL:        2.62 SD:        3.35 AV:       11.06 SN:  PROB GRP:  1  0.112 PROB GRP:  2  0.250 PROB GRP:  3  0.638
1972 LEPS:  74.766 PROB GRP:  1  0.874 PROB GRP:  2  0.126 OBSERVED CAT:  1 MAXL:       -3.83 SD:        3.35 AV:       11.06 SN:  PROB GRP:  1  0.763 PROB GRP:  2  0.180 PROB GRP:  3  0.057
1973 LEPS:  77.213 PROB GRP:  1  0.114 PROB GRP:  2  0.886 OBSERVED CAT:  2 MAXL:        4.04 SD:        3.35 AV:       11.06 SN:  PROB GRP:  1  0.051 PROB GRP:  2  0.168 PROB GRP:  3  0.781
1974 LEPS:  33.237 PROB GRP:  1  0.334 PROB GRP:  2  0.666 OBSERVED CAT:  2 MAXL:        1.44 SD:        3.35 AV:       11.06 SN:  PROB GRP:  1  0.195 PROB GRP:  2  0.306 PROB GRP:  3  0.500
1975 LEPS:  74.439 PROB GRP:  1  0.128 PROB GRP:  2  0.872 OBSERVED CAT:  2 MAXL:        3.81 SD:        3.35 AV:       11.06 SN:  PROB GRP:  1  0.058 PROB GRP:  2  0.181 PROB GRP:  3  0.760
1976 LEPS:  22.964 PROB GRP:  1  0.615 PROB GRP:  2  0.385 OBSERVED CAT:  1 MAXL:       -0.98 SD:        3.35 AV:       11.06 SN:  PROB GRP:  1  0.445 PROB GRP:  2  0.320 PROB GRP:  3  0.234
1977 LEPS:  28.107 PROB GRP:  1  0.640 PROB GRP:  2  0.360 OBSERVED CAT:  1 MAXL:       -1.21 SD:        3.35 AV:       11.06 SN:  PROB GRP:  1  0.472 PROB GRP:  2  0.313 PROB GRP:  3  0.214
1978 LEPS: -35.999 PROB GRP:  1  0.320 PROB GRP:  2  0.680 OBSERVED CAT:  1 MAXL:        1.57 SD:        3.35 AV:       11.06 SN:  PROB GRP:  1  0.184 PROB GRP:  2  0.301 PROB GRP:  3  0.515
1979 LEPS: -11.160 PROB GRP:  1  0.556 PROB GRP:  2  0.444 OBSERVED CAT:  2 MAXL:       -0.48 SD:        3.35 AV:       11.06 SN:  PROB GRP:  1  0.386 PROB GRP:  2  0.330 PROB GRP:  3  0.283
1980 LEPS:   0.366 PROB GRP:  1  0.498 PROB GRP:  2  0.502 OBSERVED CAT:  2 MAXL:        0.02 SD:        3.35 AV:       11.06 SN:  PROB GRP:  1  0.331 PROB GRP:  2  0.333 PROB GRP:  3  0.336
1981 LEPS:  16.822 PROB GRP:  1  0.416 PROB GRP:  2  0.584 OBSERVED CAT:  2 MAXL:        0.72 SD:        3.35 AV:       11.06 SN:  PROB GRP:  1  0.259 PROB GRP:  2  0.326 PROB GRP:  3  0.414
1982 LEPS:  67.338 PROB GRP:  1  0.837 PROB GRP:  2  0.163 OBSERVED CAT:  1 MAXL:       -3.29 SD:        3.35 AV:       11.06 SN:  PROB GRP:  1  0.709 PROB GRP:  2  0.212 PROB GRP:  3  0.079
1983 LEPS:   5.101 PROB GRP:  1  0.475 PROB GRP:  2  0.525 OBSERVED CAT:  2 MAXL:        0.22 SD:        3.35 AV:       11.06 SN:  PROB GRP:  1  0.310 PROB GRP:  2  0.333 PROB GRP:  3  0.358
1984 LEPS:   9.760 PROB GRP:  1  0.451 PROB GRP:  2  0.549 OBSERVED CAT:  2 MAXL:        0.41 SD:        3.35 AV:       11.06 SN:  PROB GRP:  1  0.290 PROB GRP:  2  0.331 PROB GRP:  3  0.379
1985 LEPS:  31.908 PROB GRP:  1  0.341 PROB GRP:  2  0.659 OBSERVED CAT:  2 MAXL:        1.38 SD:        3.35 AV:       11.06 SN:  PROB GRP:  1  0.200 PROB GRP:  2  0.308 PROB GRP:  3  0.493
1986 LEPS:  33.959 PROB GRP:  1  0.670 PROB GRP:  2  0.330 OBSERVED CAT:  1 MAXL:       -1.47 SD:        3.35 AV:       11.06 SN:  PROB GRP:  1  0.504 PROB GRP:  2  0.304 PROB GRP:  3  0.192
1987 LEPS:  87.156 PROB GRP:  1  0.936 PROB GRP:  2  0.064 OBSERVED CAT:  1 MAXL:       -5.09 SD:        3.35 AV:       11.06 SN:  PROB GRP:  1  0.862 PROB GRP:  2  0.112 PROB GRP:  3  0.025
1988 LEPS: -74.863 PROB GRP:  1  0.126 PROB GRP:  2  0.874 OBSERVED CAT:  1 MAXL:        3.84 SD:        3.35 AV:       11.06 SN:  PROB GRP:  1  0.057 PROB GRP:  2  0.179 PROB GRP:  3  0.764
1989 LEPS:  17.810 PROB GRP:  1  0.411 PROB GRP:  2  0.589 OBSERVED CAT:  2 MAXL:        0.76 SD:        3.35 AV:       11.06 SN:  PROB GRP:  1  0.255 PROB GRP:  2  0.325 PROB GRP:  3  0.419
1990 LEPS:  29.252 PROB GRP:  1  0.646 PROB GRP:  2  0.354 OBSERVED CAT:  1 MAXL:       -1.26 SD:        3.35 AV:       11.06 SN:  PROB GRP:  1  0.479 PROB GRP:  2  0.312 PROB GRP:  3  0.210
1991 LEPS:  55.960 PROB GRP:  1  0.780 PROB GRP:  2  0.220 OBSERVED CAT:  1 MAXL:       -2.59 SD:        3.35 AV:       11.06 SN:  PROB GRP:  1  0.634 PROB GRP:  2  0.252 PROB GRP:  3  0.114
1992 LEPS:  21.772 PROB GRP:  1  0.609 PROB GRP:  2  0.391 OBSERVED CAT:  1 MAXL:       -0.93 SD:        3.35 AV:       11.06 SN:  PROB GRP:  1  0.439 PROB GRP:  2  0.321 PROB GRP:  3  0.239
1993 LEPS: -37.834 PROB GRP:  1  0.689 PROB GRP:  2  0.311 OBSERVED CAT:  2 MAXL:       -1.66 SD:        3.35 AV:       11.06 SN:  PROB GRP:  1  0.526 PROB GRP:  2  0.297 PROB GRP:  3  0.177
1994 LEPS:  44.649 PROB GRP:  1  0.723 PROB GRP:  2  0.277 OBSERVED CAT:  1 MAXL:       -1.98 SD:        3.35 AV:       11.06 SN:  PROB GRP:  1  0.565 PROB GRP:  2  0.283 PROB GRP:  3  0.153
1995 LEPS:  24.565 PROB GRP:  1  0.377 PROB GRP:  2  0.623 OBSERVED CAT:  2 MAXL:        1.05 SD:        3.35 AV:       11.06 SN:  PROB GRP:  1  0.228 PROB GRP:  2  0.318 PROB GRP:  3  0.454
1996 LEPS:  10.528 PROB GRP:  1  0.447 PROB GRP:  2  0.553 OBSERVED CAT:  2 MAXL:        0.45 SD:        3.35 AV:       11.06 SN:  PROB GRP:  1  0.286 PROB GRP:  2  0.331 PROB GRP:  3  0.383
1997 LEPS:  93.214 PROB GRP:  1  0.966 PROB GRP:  2  0.034 OBSERVED CAT:  1 MAXL:       -6.12 SD:        3.35 AV:       11.06 SN:  PROB GRP:  1  0.919 PROB GRP:  2  0.069 PROB GRP:  3  0.012
1998 LEPS:  60.720 PROB GRP:  1  0.196 PROB GRP:  2  0.804 OBSERVED CAT:  2 MAXL:        2.86 SD:        3.35 AV:       11.06 SN:  PROB GRP:  1  0.099 PROB GRP:  2  0.236 PROB GRP:  3  0.665
1999 LEPS:  59.947 PROB GRP:  1  0.200 PROB GRP:  2  0.800 OBSERVED CAT:  2 MAXL:        2.82 SD:        3.35 AV:       11.06 SN:  PROB GRP:  1  0.102 PROB GRP:  2  0.239 PROB GRP:  3  0.660
2000 LEPS: -26.640 PROB GRP:  1  0.367 PROB GRP:  2  0.633 OBSERVED CAT:  1 MAXL:        1.14 SD:        3.35 AV:       11.06 SN:  PROB GRP:  1  0.220 PROB GRP:  2  0.316 PROB GRP:  3  0.464
2001 LEPS:   9.450 PROB GRP:  1  0.547 PROB GRP:  2  0.453 OBSERVED CAT:  1 MAXL:       -0.40 SD:        3.35 AV:       11.06 SN:  PROB GRP:  1  0.378 PROB GRP:  2  0.331 PROB GRP:  3  0.291
2002 LEPS:  68.853 PROB GRP:  1  0.844 PROB GRP:  2  0.156 OBSERVED CAT:  1 MAXL:       -3.39 SD:        3.35 AV:       11.06 SN:  PROB GRP:  1  0.720 PROB GRP:  2  0.206 PROB GRP:  3  0.074
2003 LEPS: -38.604 PROB GRP:  1  0.693 PROB GRP:  2  0.307 OBSERVED CAT:  2 MAXL:       -1.69 SD:        3.35 AV:       11.06 SN:  PROB GRP:  1  0.530 PROB GRP:  2  0.296 PROB GRP:  3  0.175
2004 LEPS:  59.310 PROB GRP:  1  0.797 PROB GRP:  2  0.203 OBSERVED CAT:  1 MAXL:       -2.78 SD:        3.35 AV:       11.06 SN:  PROB GRP:  1  0.655 PROB GRP:  2  0.241 PROB GRP:  3  0.104
2005 LEPS: -10.350 PROB GRP:  1  0.552 PROB GRP:  2  0.448 OBSERVED CAT:  2 MAXL:       -0.44 SD:        3.35 AV:       11.06 SN:  PROB GRP:  1  0.383 PROB GRP:  2  0.331 PROB GRP:  3  0.287
2006 LEPS:  37.855 PROB GRP:  1  0.689 PROB GRP:  2  0.311 OBSERVED CAT:  1 MAXL:       -1.66 SD:        3.35 AV:       11.06 SN:  PROB GRP:  1  0.526 PROB GRP:  2  0.297 PROB GRP:  3  0.177
2007 LEPS: -44.959 PROB GRP:  1  0.275 PROB GRP:  2  0.725 OBSERVED CAT:  1 MAXL:        2.00 SD:        3.35 AV:       11.06 SN:  PROB GRP:  1  0.152 PROB GRP:  2  0.282 PROB GRP:  3  0.567
2008 LEPS:  -0.554 PROB GRP:  1  0.497 PROB GRP:  2  0.503 OBSERVED CAT:  1 MAXL:        0.03 SD:        3.35 AV:       11.06 SN:  PROB GRP:  1  0.330 PROB GRP:  2  0.333 PROB GRP:  3  0.337
2009 LEPS:  53.510 PROB GRP:  1  0.768 PROB GRP:  2  0.232 OBSERVED CAT:  1 MAXL:       -2.45 SD:        3.35 AV:       11.06 SN:  PROB GRP:  1  0.618 PROB GRP:  2  0.259 PROB GRP:  3  0.123
2010 LEPS: -76.832 PROB GRP:  1  0.116 PROB GRP:  2  0.884 OBSERVED CAT:  1 MAXL:        4.01 SD:        3.35 AV:       11.06 SN:  PROB GRP:  1  0.052 PROB GRP:  2  0.170 PROB GRP:  3  0.778
2011 LEPS: -31.740 PROB GRP:  1  0.341 PROB GRP:  2  0.659 OBSERVED CAT:  1 MAXL:        1.37 SD:        3.35 AV:       11.06 SN:  PROB GRP:  1  0.200 PROB GRP:  2  0.308 PROB GRP:  3  0.492
2012 LEPS:  41.618 PROB GRP:  1  0.708 PROB GRP:  2  0.292 OBSERVED CAT:  1 MAXL:       -1.84 SD:        3.35 AV:       11.06 SN:  PROB GRP:  1  0.547 PROB GRP:  2  0.289 PROB GRP:  3  0.164
2013 LEPS:  -7.599 PROB GRP:  1  0.462 PROB GRP:  2  0.538 OBSERVED CAT:  1 MAXL:        0.32 SD:        3.35 AV:       11.06 SN:  PROB GRP:  1  0.299 PROB GRP:  2  0.332 PROB GRP:  3  0.369
2014 LEPS:  21.533 PROB GRP:  1  0.608 PROB GRP:  2  0.392 OBSERVED CAT:  1 MAXL:       -0.92 SD:        3.35 AV:       11.06 SN:  PROB GRP:  1  0.438 PROB GRP:  2  0.322 PROB GRP:  3  0.240
2015 LEPS:  93.301 PROB GRP:  1  0.967 PROB GRP:  2  0.033 OBSERVED CAT:  1 MAXL:       -6.13 SD:        3.35 AV:       11.06 SN:  PROB GRP:  1  0.920 PROB GRP:  2  0.069 PROB GRP:  3  0.012
2016 LEPS: -25.610 PROB GRP:  1  0.372 PROB GRP:  2  0.628 OBSERVED CAT:  1 MAXL:        1.10 SD:        3.35 AV:       11.06 SN:  PROB GRP:  1  0.224 PROB GRP:  2  0.317 PROB GRP:  3  0.459
2017 LEPS:   8.184 PROB GRP:  1  0.541 PROB GRP:  2  0.459 OBSERVED CAT:  1 MAXL:       -0.35 SD:        3.35 AV:       11.06 SN:  PROB GRP:  1  0.372 PROB GRP:  2  0.332 PROB GRP:  3  0.296
2018 LEPS:  32.631 PROB GRP:  1  0.663 PROB GRP:  2  0.337 OBSERVED CAT:  1 MAXL:       -1.41 SD:        3.35 AV:       11.06 SN:  PROB GRP:  1  0.497 PROB GRP:  2  0.307 PROB GRP:  3  0.197
2019 LEPS:  26.721 PROB GRP:  1  0.634 PROB GRP:  2  0.366 OBSERVED CAT:  1 MAXL:       -1.15 SD:        3.35 AV:       11.06 SN:  PROB GRP:  1  0.465 PROB GRP:  2  0.315 PROB GRP:  3  0.220
2020 LEPS: -27.666 PROB GRP:  1  0.362 PROB GRP:  2  0.638 OBSERVED CAT:  1 MAXL:        1.19 SD:        3.35 AV:       11.06 SN:  PROB GRP:  1  0.216 PROB GRP:  2  0.314 PROB GRP:  3  0.470
2021 LEPS:   0.000 PROB GRP:  1  0.410 PROB GRP:  2  0.590 OBSERVED CAT:  0 MAXL:        0.76 SD:        3.35 AV:       11.06 SN:  PROB GRP:  1  0.255 PROB GRP:  2  0.325 PROB GRP:  3  0.420
