 PREDICTAND GROUPS BY YEAR
197019711972197319741975197619771978197919801981198219831984198519861987198819891990199119921993199419951996199719981999200020012002200320042005200620072008200920102011201220132014201520162017201820192020
  2.  2.  1.  2.  1.  2.  2.  1.  2.  2.  1.  2.  1.  2.  2.  2.  1.  1.  2.  2.  1.  2.  2.  1.  1.  2.  2.  2.  2.  1.  1.  1.  1.  1.  1.  2.  1.  1.  2.  1.  2.  1.  2.  2.  1.  1.  1.  1.  2.  1.  1.
 TERCILE BOUNDARIES:    3.0000000       4.0000000      MEDIAN:    3.0000000    

FCST PERIOD: 1970 TO 2020

PREDICTOR BASE MONTH : 07
GROUP DATA BASE MONTH: 07

PREDICTAND - STATION:   1
1970 LEPS:  46.606 PROB GRP:  1  0.267 PROB GRP:  2  0.733 OBSERVED CAT:  2 MAXL:        1.16 SD:        1.86 AV:        3.63 SN:  PROB GRP:  1  0.146 PROB GRP:  2  0.278 PROB GRP:  3  0.576
1971 LEPS:  44.775 PROB GRP:  1  0.276 PROB GRP:  2  0.724 OBSERVED CAT:  2 MAXL:        1.11 SD:        1.86 AV:        3.63 SN:  PROB GRP:  1  0.152 PROB GRP:  2  0.282 PROB GRP:  3  0.566
1972 LEPS:  53.703 PROB GRP:  1  0.768 PROB GRP:  2  0.232 OBSERVED CAT:  1 MAXL:       -1.36 SD:        1.86 AV:        3.63 SN:  PROB GRP:  1  0.619 PROB GRP:  2  0.259 PROB GRP:  3  0.122
1973 LEPS:  63.171 PROB GRP:  1  0.184 PROB GRP:  2  0.816 OBSERVED CAT:  2 MAXL:        1.67 SD:        1.86 AV:        3.63 SN:  PROB GRP:  1  0.091 PROB GRP:  2  0.227 PROB GRP:  3  0.681
1974 LEPS: -30.733 PROB GRP:  1  0.346 PROB GRP:  2  0.654 OBSERVED CAT:  1 MAXL:        0.74 SD:        1.86 AV:        3.63 SN:  PROB GRP:  1  0.204 PROB GRP:  2  0.310 PROB GRP:  3  0.486
1975 LEPS:  60.407 PROB GRP:  1  0.198 PROB GRP:  2  0.802 OBSERVED CAT:  2 MAXL:        1.58 SD:        1.86 AV:        3.63 SN:  PROB GRP:  1  0.100 PROB GRP:  2  0.237 PROB GRP:  3  0.663
1976 LEPS: -12.334 PROB GRP:  1  0.562 PROB GRP:  2  0.438 OBSERVED CAT:  2 MAXL:       -0.29 SD:        1.86 AV:        3.63 SN:  PROB GRP:  1  0.392 PROB GRP:  2  0.330 PROB GRP:  3  0.279
1977 LEPS:  14.975 PROB GRP:  1  0.575 PROB GRP:  2  0.425 OBSERVED CAT:  1 MAXL:       -0.35 SD:        1.86 AV:        3.63 SN:  PROB GRP:  1  0.405 PROB GRP:  2  0.328 PROB GRP:  3  0.267
1978 LEPS:  27.297 PROB GRP:  1  0.364 PROB GRP:  2  0.636 OBSERVED CAT:  2 MAXL:        0.65 SD:        1.86 AV:        3.63 SN:  PROB GRP:  1  0.217 PROB GRP:  2  0.315 PROB GRP:  3  0.468
1979 LEPS:  -2.301 PROB GRP:  1  0.512 PROB GRP:  2  0.488 OBSERVED CAT:  2 MAXL:       -0.06 SD:        1.86 AV:        3.63 SN:  PROB GRP:  1  0.344 PROB GRP:  2  0.333 PROB GRP:  3  0.322
1980 LEPS:  -6.016 PROB GRP:  1  0.470 PROB GRP:  2  0.530 OBSERVED CAT:  1 MAXL:        0.14 SD:        1.86 AV:        3.63 SN:  PROB GRP:  1  0.306 PROB GRP:  2  0.332 PROB GRP:  3  0.362
1981 LEPS:  16.249 PROB GRP:  1  0.419 PROB GRP:  2  0.581 OBSERVED CAT:  2 MAXL:        0.38 SD:        1.86 AV:        3.63 SN:  PROB GRP:  1  0.262 PROB GRP:  2  0.327 PROB GRP:  3  0.411
1982 LEPS:  46.452 PROB GRP:  1  0.732 PROB GRP:  2  0.268 OBSERVED CAT:  1 MAXL:       -1.15 SD:        1.86 AV:        3.63 SN:  PROB GRP:  1  0.576 PROB GRP:  2  0.278 PROB GRP:  3  0.146
1983 LEPS:   8.463 PROB GRP:  1  0.458 PROB GRP:  2  0.542 OBSERVED CAT:  2 MAXL:        0.20 SD:        1.86 AV:        3.63 SN:  PROB GRP:  1  0.295 PROB GRP:  2  0.332 PROB GRP:  3  0.373
1984 LEPS:  11.547 PROB GRP:  1  0.442 PROB GRP:  2  0.558 OBSERVED CAT:  2 MAXL:        0.27 SD:        1.86 AV:        3.63 SN:  PROB GRP:  1  0.282 PROB GRP:  2  0.330 PROB GRP:  3  0.388
1985 LEPS:  26.524 PROB GRP:  1  0.367 PROB GRP:  2  0.633 OBSERVED CAT:  2 MAXL:        0.63 SD:        1.86 AV:        3.63 SN:  PROB GRP:  1  0.220 PROB GRP:  2  0.316 PROB GRP:  3  0.464
1986 LEPS:  19.264 PROB GRP:  1  0.596 PROB GRP:  2  0.404 OBSERVED CAT:  1 MAXL:       -0.46 SD:        1.86 AV:        3.63 SN:  PROB GRP:  1  0.426 PROB GRP:  2  0.324 PROB GRP:  3  0.249
1987 LEPS:  68.156 PROB GRP:  1  0.841 PROB GRP:  2  0.159 OBSERVED CAT:  1 MAXL:       -1.86 SD:        1.86 AV:        3.63 SN:  PROB GRP:  1  0.715 PROB GRP:  2  0.208 PROB GRP:  3  0.076
1988 LEPS:  53.094 PROB GRP:  1  0.235 PROB GRP:  2  0.765 OBSERVED CAT:  2 MAXL:        1.35 SD:        1.86 AV:        3.63 SN:  PROB GRP:  1  0.124 PROB GRP:  2  0.260 PROB GRP:  3  0.616
1989 LEPS:  16.911 PROB GRP:  1  0.416 PROB GRP:  2  0.584 OBSERVED CAT:  2 MAXL:        0.40 SD:        1.86 AV:        3.63 SN:  PROB GRP:  1  0.259 PROB GRP:  2  0.326 PROB GRP:  3  0.414
1990 LEPS:  15.808 PROB GRP:  1  0.579 PROB GRP:  2  0.421 OBSERVED CAT:  1 MAXL:       -0.37 SD:        1.86 AV:        3.63 SN:  PROB GRP:  1  0.409 PROB GRP:  2  0.327 PROB GRP:  3  0.264
1991 LEPS: -41.875 PROB GRP:  1  0.709 PROB GRP:  2  0.291 OBSERVED CAT:  2 MAXL:       -1.03 SD:        1.86 AV:        3.63 SN:  PROB GRP:  1  0.549 PROB GRP:  2  0.289 PROB GRP:  3  0.162
1992 LEPS: -11.413 PROB GRP:  1  0.557 PROB GRP:  2  0.443 OBSERVED CAT:  2 MAXL:       -0.27 SD:        1.86 AV:        3.63 SN:  PROB GRP:  1  0.388 PROB GRP:  2  0.330 PROB GRP:  3  0.282
1993 LEPS:  18.775 PROB GRP:  1  0.594 PROB GRP:  2  0.406 OBSERVED CAT:  1 MAXL:       -0.44 SD:        1.86 AV:        3.63 SN:  PROB GRP:  1  0.424 PROB GRP:  2  0.325 PROB GRP:  3  0.252
1994 LEPS:  27.360 PROB GRP:  1  0.637 PROB GRP:  2  0.363 OBSERVED CAT:  1 MAXL:       -0.65 SD:        1.86 AV:        3.63 SN:  PROB GRP:  1  0.468 PROB GRP:  2  0.315 PROB GRP:  3  0.217
1995 LEPS:  21.472 PROB GRP:  1  0.393 PROB GRP:  2  0.607 OBSERVED CAT:  2 MAXL:        0.51 SD:        1.86 AV:        3.63 SN:  PROB GRP:  1  0.241 PROB GRP:  2  0.322 PROB GRP:  3  0.438
1996 LEPS:  12.056 PROB GRP:  1  0.440 PROB GRP:  2  0.560 OBSERVED CAT:  2 MAXL:        0.28 SD:        1.86 AV:        3.63 SN:  PROB GRP:  1  0.280 PROB GRP:  2  0.330 PROB GRP:  3  0.391
1997 LEPS: -90.954 PROB GRP:  1  0.955 PROB GRP:  2  0.045 OBSERVED CAT:  2 MAXL:       -3.15 SD:        1.86 AV:        3.63 SN:  PROB GRP:  1  0.897 PROB GRP:  2  0.086 PROB GRP:  3  0.017
1998 LEPS:  48.147 PROB GRP:  1  0.259 PROB GRP:  2  0.741 OBSERVED CAT:  2 MAXL:        1.20 SD:        1.86 AV:        3.63 SN:  PROB GRP:  1  0.141 PROB GRP:  2  0.274 PROB GRP:  3  0.586
1999 LEPS: -55.843 PROB GRP:  1  0.221 PROB GRP:  2  0.779 OBSERVED CAT:  1 MAXL:        1.43 SD:        1.86 AV:        3.63 SN:  PROB GRP:  1  0.115 PROB GRP:  2  0.252 PROB GRP:  3  0.633
2000 LEPS: -23.700 PROB GRP:  1  0.381 PROB GRP:  2  0.619 OBSERVED CAT:  1 MAXL:        0.56 SD:        1.86 AV:        3.63 SN:  PROB GRP:  1  0.231 PROB GRP:  2  0.319 PROB GRP:  3  0.449
2001 LEPS:   1.703 PROB GRP:  1  0.508 PROB GRP:  2  0.492 OBSERVED CAT:  1 MAXL:       -0.04 SD:        1.86 AV:        3.63 SN:  PROB GRP:  1  0.341 PROB GRP:  2  0.333 PROB GRP:  3  0.325
2002 LEPS:  47.874 PROB GRP:  1  0.739 PROB GRP:  2  0.261 OBSERVED CAT:  1 MAXL:       -1.19 SD:        1.86 AV:        3.63 SN:  PROB GRP:  1  0.584 PROB GRP:  2  0.274 PROB GRP:  3  0.142
2003 LEPS:  19.264 PROB GRP:  1  0.596 PROB GRP:  2  0.404 OBSERVED CAT:  1 MAXL:       -0.46 SD:        1.86 AV:        3.63 SN:  PROB GRP:  1  0.426 PROB GRP:  2  0.324 PROB GRP:  3  0.249
2004 LEPS:  39.289 PROB GRP:  1  0.696 PROB GRP:  2  0.304 OBSERVED CAT:  1 MAXL:       -0.96 SD:        1.86 AV:        3.63 SN:  PROB GRP:  1  0.534 PROB GRP:  2  0.294 PROB GRP:  3  0.172
2005 LEPS:  -1.762 PROB GRP:  1  0.509 PROB GRP:  2  0.491 OBSERVED CAT:  2 MAXL:       -0.04 SD:        1.86 AV:        3.63 SN:  PROB GRP:  1  0.342 PROB GRP:  2  0.333 PROB GRP:  3  0.325
2006 LEPS:  22.171 PROB GRP:  1  0.611 PROB GRP:  2  0.389 OBSERVED CAT:  1 MAXL:       -0.52 SD:        1.86 AV:        3.63 SN:  PROB GRP:  1  0.441 PROB GRP:  2  0.321 PROB GRP:  3  0.238
2007 LEPS: -37.331 PROB GRP:  1  0.313 PROB GRP:  2  0.687 OBSERVED CAT:  1 MAXL:        0.91 SD:        1.86 AV:        3.63 SN:  PROB GRP:  1  0.179 PROB GRP:  2  0.298 PROB GRP:  3  0.523
2008 LEPS:   4.634 PROB GRP:  1  0.477 PROB GRP:  2  0.523 OBSERVED CAT:  2 MAXL:        0.11 SD:        1.86 AV:        3.63 SN:  PROB GRP:  1  0.312 PROB GRP:  2  0.333 PROB GRP:  3  0.355
2009 LEPS:  34.424 PROB GRP:  1  0.672 PROB GRP:  2  0.328 OBSERVED CAT:  1 MAXL:       -0.83 SD:        1.86 AV:        3.63 SN:  PROB GRP:  1  0.507 PROB GRP:  2  0.303 PROB GRP:  3  0.190
2010 LEPS:  54.639 PROB GRP:  1  0.227 PROB GRP:  2  0.773 OBSERVED CAT:  2 MAXL:        1.39 SD:        1.86 AV:        3.63 SN:  PROB GRP:  1  0.119 PROB GRP:  2  0.256 PROB GRP:  3  0.625
2011 LEPS: -27.407 PROB GRP:  1  0.363 PROB GRP:  2  0.637 OBSERVED CAT:  1 MAXL:        0.66 SD:        1.86 AV:        3.63 SN:  PROB GRP:  1  0.217 PROB GRP:  2  0.314 PROB GRP:  3  0.469
2012 LEPS: -27.932 PROB GRP:  1  0.640 PROB GRP:  2  0.360 OBSERVED CAT:  2 MAXL:       -0.67 SD:        1.86 AV:        3.63 SN:  PROB GRP:  1  0.471 PROB GRP:  2  0.314 PROB GRP:  3  0.215
2013 LEPS:   9.324 PROB GRP:  1  0.453 PROB GRP:  2  0.547 OBSERVED CAT:  2 MAXL:        0.22 SD:        1.86 AV:        3.63 SN:  PROB GRP:  1  0.292 PROB GRP:  2  0.331 PROB GRP:  3  0.377
2014 LEPS:  10.242 PROB GRP:  1  0.551 PROB GRP:  2  0.449 OBSERVED CAT:  1 MAXL:       -0.24 SD:        1.86 AV:        3.63 SN:  PROB GRP:  1  0.382 PROB GRP:  2  0.331 PROB GRP:  3  0.288
2015 LEPS:  77.657 PROB GRP:  1  0.888 PROB GRP:  2  0.112 OBSERVED CAT:  1 MAXL:       -2.26 SD:        1.86 AV:        3.63 SN:  PROB GRP:  1  0.785 PROB GRP:  2  0.166 PROB GRP:  3  0.050
2016 LEPS: -22.958 PROB GRP:  1  0.385 PROB GRP:  2  0.615 OBSERVED CAT:  1 MAXL:        0.55 SD:        1.86 AV:        3.63 SN:  PROB GRP:  1  0.234 PROB GRP:  2  0.320 PROB GRP:  3  0.445
2017 LEPS:   0.816 PROB GRP:  1  0.504 PROB GRP:  2  0.496 OBSERVED CAT:  1 MAXL:       -0.02 SD:        1.86 AV:        3.63 SN:  PROB GRP:  1  0.338 PROB GRP:  2  0.333 PROB GRP:  3  0.329
2018 LEPS: -20.119 PROB GRP:  1  0.601 PROB GRP:  2  0.399 OBSERVED CAT:  2 MAXL:       -0.48 SD:        1.86 AV:        3.63 SN:  PROB GRP:  1  0.431 PROB GRP:  2  0.323 PROB GRP:  3  0.246
2019 LEPS:  13.970 PROB GRP:  1  0.570 PROB GRP:  2  0.430 OBSERVED CAT:  1 MAXL:       -0.33 SD:        1.86 AV:        3.63 SN:  PROB GRP:  1  0.400 PROB GRP:  2  0.328 PROB GRP:  3  0.272
2020 LEPS: -24.442 PROB GRP:  1  0.378 PROB GRP:  2  0.622 OBSERVED CAT:  1 MAXL:        0.58 SD:        1.86 AV:        3.63 SN:  PROB GRP:  1  0.228 PROB GRP:  2  0.318 PROB GRP:  3  0.453
2021 LEPS:   0.000 PROB GRP:  1  0.415 PROB GRP:  2  0.585 OBSERVED CAT:  0 MAXL:        0.40 SD:        1.86 AV:        3.63 SN:  PROB GRP:  1  0.259 PROB GRP:  2  0.326 PROB GRP:  3  0.415
