 PREDICTAND GROUPS BY YEAR
197019711972197319741975197619771978197919801981198219831984198519861987198819891990199119921993199419951996199719981999200020012002200320042005200620072008200920102011201220132014201520162017201820192020
  1.  2.  1.  2.  1.  2.  2.  2.  1.  2.  2.  1.  2.  2.  2.  2.  2.  1.  2.  1.  1.  2.  2.  1.  1.  1.  2.  2.  2.  2.  1.  1.  2.  1.  2.  1.  1.  1.  1.  2.  1.  1.  1.  1.  1.  1.  1.  1.  2.  1.  2.
 TERCILE BOUNDARIES:    7.6665001       10.000000      MEDIAN:    9.0000000    

FCST PERIOD: 1970 TO 2020

PREDICTOR BASE MONTH : 07
GROUP DATA BASE MONTH: 07

PREDICTAND - STATION:   1
1970 LEPS:  -1.002 PROB GRP:  1  0.495 PROB GRP:  2  0.505 OBSERVED CAT:  1 MAXL:        0.05 SD:        3.31 AV:        9.04 SN:  PROB GRP:  1  0.328 PROB GRP:  2  0.333 PROB GRP:  3  0.339
1971 LEPS:  -1.212 PROB GRP:  1  0.506 PROB GRP:  2  0.494 OBSERVED CAT:  2 MAXL:       -0.05 SD:        3.31 AV:        9.04 SN:  PROB GRP:  1  0.339 PROB GRP:  2  0.333 PROB GRP:  3  0.327
1972 LEPS:  -1.689 PROB GRP:  1  0.491 PROB GRP:  2  0.509 OBSERVED CAT:  1 MAXL:        0.08 SD:        3.31 AV:        9.04 SN:  PROB GRP:  1  0.325 PROB GRP:  2  0.333 PROB GRP:  3  0.342
1973 LEPS:  -1.149 PROB GRP:  1  0.506 PROB GRP:  2  0.494 OBSERVED CAT:  2 MAXL:       -0.05 SD:        3.31 AV:        9.04 SN:  PROB GRP:  1  0.339 PROB GRP:  2  0.333 PROB GRP:  3  0.327
1974 LEPS:  -4.064 PROB GRP:  1  0.480 PROB GRP:  2  0.520 OBSERVED CAT:  1 MAXL:        0.18 SD:        3.31 AV:        9.04 SN:  PROB GRP:  1  0.314 PROB GRP:  2  0.333 PROB GRP:  3  0.353
1975 LEPS:  -8.474 PROB GRP:  1  0.542 PROB GRP:  2  0.458 OBSERVED CAT:  2 MAXL:       -0.36 SD:        3.31 AV:        9.04 SN:  PROB GRP:  1  0.374 PROB GRP:  2  0.331 PROB GRP:  3  0.295
1976 LEPS:  -5.302 PROB GRP:  1  0.527 PROB GRP:  2  0.473 OBSERVED CAT:  2 MAXL:       -0.23 SD:        3.31 AV:        9.04 SN:  PROB GRP:  1  0.359 PROB GRP:  2  0.333 PROB GRP:  3  0.309
1977 LEPS:  -4.885 PROB GRP:  1  0.525 PROB GRP:  2  0.475 OBSERVED CAT:  2 MAXL:       -0.21 SD:        3.31 AV:        9.04 SN:  PROB GRP:  1  0.357 PROB GRP:  2  0.333 PROB GRP:  3  0.311
1978 LEPS:  -0.697 PROB GRP:  1  0.496 PROB GRP:  2  0.504 OBSERVED CAT:  1 MAXL:        0.04 SD:        3.31 AV:        9.04 SN:  PROB GRP:  1  0.329 PROB GRP:  2  0.333 PROB GRP:  3  0.337
1979 LEPS:  -0.759 PROB GRP:  1  0.504 PROB GRP:  2  0.496 OBSERVED CAT:  2 MAXL:       -0.04 SD:        3.31 AV:        9.04 SN:  PROB GRP:  1  0.337 PROB GRP:  2  0.333 PROB GRP:  3  0.329
1980 LEPS:  -0.216 PROB GRP:  1  0.501 PROB GRP:  2  0.499 OBSERVED CAT:  2 MAXL:       -0.02 SD:        3.31 AV:        9.04 SN:  PROB GRP:  1  0.335 PROB GRP:  2  0.333 PROB GRP:  3  0.332
1981 LEPS:  -2.566 PROB GRP:  1  0.487 PROB GRP:  2  0.513 OBSERVED CAT:  1 MAXL:        0.11 SD:        3.31 AV:        9.04 SN:  PROB GRP:  1  0.321 PROB GRP:  2  0.333 PROB GRP:  3  0.346
1982 LEPS: -14.366 PROB GRP:  1  0.572 PROB GRP:  2  0.428 OBSERVED CAT:  2 MAXL:       -0.61 SD:        3.31 AV:        9.04 SN:  PROB GRP:  1  0.402 PROB GRP:  2  0.328 PROB GRP:  3  0.270
1983 LEPS:   0.181 PROB GRP:  1  0.499 PROB GRP:  2  0.501 OBSERVED CAT:  2 MAXL:        0.00 SD:        3.31 AV:        9.04 SN:  PROB GRP:  1  0.333 PROB GRP:  2  0.333 PROB GRP:  3  0.333
1984 LEPS:   0.266 PROB GRP:  1  0.499 PROB GRP:  2  0.501 OBSERVED CAT:  2 MAXL:        0.02 SD:        3.31 AV:        9.04 SN:  PROB GRP:  1  0.332 PROB GRP:  2  0.333 PROB GRP:  3  0.335
1985 LEPS:   0.262 PROB GRP:  1  0.499 PROB GRP:  2  0.501 OBSERVED CAT:  2 MAXL:        0.02 SD:        3.31 AV:        9.04 SN:  PROB GRP:  1  0.332 PROB GRP:  2  0.333 PROB GRP:  3  0.335
1986 LEPS:  -0.640 PROB GRP:  1  0.503 PROB GRP:  2  0.497 OBSERVED CAT:  2 MAXL:       -0.03 SD:        3.31 AV:        9.04 SN:  PROB GRP:  1  0.337 PROB GRP:  2  0.333 PROB GRP:  3  0.330
1987 LEPS:  -1.904 PROB GRP:  1  0.490 PROB GRP:  2  0.510 OBSERVED CAT:  1 MAXL:        0.09 SD:        3.31 AV:        9.04 SN:  PROB GRP:  1  0.324 PROB GRP:  2  0.333 PROB GRP:  3  0.343
1988 LEPS:  -3.540 PROB GRP:  1  0.518 PROB GRP:  2  0.482 OBSERVED CAT:  2 MAXL:       -0.15 SD:        3.31 AV:        9.04 SN:  PROB GRP:  1  0.350 PROB GRP:  2  0.333 PROB GRP:  3  0.317
1989 LEPS:  -0.745 PROB GRP:  1  0.496 PROB GRP:  2  0.504 OBSERVED CAT:  1 MAXL:        0.04 SD:        3.31 AV:        9.04 SN:  PROB GRP:  1  0.329 PROB GRP:  2  0.333 PROB GRP:  3  0.337
1990 LEPS:   0.228 PROB GRP:  1  0.501 PROB GRP:  2  0.499 OBSERVED CAT:  1 MAXL:       -0.01 SD:        3.31 AV:        9.04 SN:  PROB GRP:  1  0.335 PROB GRP:  2  0.333 PROB GRP:  3  0.332
1991 LEPS:  -2.734 PROB GRP:  1  0.514 PROB GRP:  2  0.486 OBSERVED CAT:  2 MAXL:       -0.12 SD:        3.31 AV:        9.04 SN:  PROB GRP:  1  0.347 PROB GRP:  2  0.333 PROB GRP:  3  0.320
1992 LEPS:  -0.161 PROB GRP:  1  0.501 PROB GRP:  2  0.499 OBSERVED CAT:  2 MAXL:        0.00 SD:        3.31 AV:        9.04 SN:  PROB GRP:  1  0.333 PROB GRP:  2  0.333 PROB GRP:  3  0.333
1993 LEPS:  -0.557 PROB GRP:  1  0.497 PROB GRP:  2  0.503 OBSERVED CAT:  1 MAXL:        0.03 SD:        3.31 AV:        9.04 SN:  PROB GRP:  1  0.330 PROB GRP:  2  0.333 PROB GRP:  3  0.337
1994 LEPS:  -3.379 PROB GRP:  1  0.483 PROB GRP:  2  0.517 OBSERVED CAT:  1 MAXL:        0.15 SD:        3.31 AV:        9.04 SN:  PROB GRP:  1  0.317 PROB GRP:  2  0.333 PROB GRP:  3  0.350
1995 LEPS:  -0.687 PROB GRP:  1  0.496 PROB GRP:  2  0.504 OBSERVED CAT:  1 MAXL:        0.04 SD:        3.31 AV:        9.04 SN:  PROB GRP:  1  0.329 PROB GRP:  2  0.333 PROB GRP:  3  0.337
1996 LEPS:   0.025 PROB GRP:  1  0.500 PROB GRP:  2  0.500 OBSERVED CAT:  2 MAXL:        0.00 SD:        3.31 AV:        9.04 SN:  PROB GRP:  1  0.333 PROB GRP:  2  0.333 PROB GRP:  3  0.333
1997 LEPS:  -6.980 PROB GRP:  1  0.535 PROB GRP:  2  0.465 OBSERVED CAT:  2 MAXL:       -0.30 SD:        3.31 AV:        9.04 SN:  PROB GRP:  1  0.367 PROB GRP:  2  0.332 PROB GRP:  3  0.301
1998 LEPS:  -1.631 PROB GRP:  1  0.508 PROB GRP:  2  0.492 OBSERVED CAT:  2 MAXL:       -0.07 SD:        3.31 AV:        9.04 SN:  PROB GRP:  1  0.341 PROB GRP:  2  0.333 PROB GRP:  3  0.325
1999 LEPS:   0.263 PROB GRP:  1  0.499 PROB GRP:  2  0.501 OBSERVED CAT:  2 MAXL:        0.02 SD:        3.31 AV:        9.04 SN:  PROB GRP:  1  0.332 PROB GRP:  2  0.333 PROB GRP:  3  0.335
2000 LEPS:  -1.023 PROB GRP:  1  0.495 PROB GRP:  2  0.505 OBSERVED CAT:  1 MAXL:        0.05 SD:        3.31 AV:        9.04 SN:  PROB GRP:  1  0.328 PROB GRP:  2  0.333 PROB GRP:  3  0.339
2001 LEPS:   0.290 PROB GRP:  1  0.501 PROB GRP:  2  0.499 OBSERVED CAT:  1 MAXL:       -0.02 SD:        3.31 AV:        9.04 SN:  PROB GRP:  1  0.335 PROB GRP:  2  0.333 PROB GRP:  3  0.332
2002 LEPS:  -3.597 PROB GRP:  1  0.518 PROB GRP:  2  0.482 OBSERVED CAT:  2 MAXL:       -0.16 SD:        3.31 AV:        9.04 SN:  PROB GRP:  1  0.351 PROB GRP:  2  0.333 PROB GRP:  3  0.316
2003 LEPS:  -0.006 PROB GRP:  1  0.500 PROB GRP:  2  0.500 OBSERVED CAT:  1 MAXL:        0.00 SD:        3.31 AV:        9.04 SN:  PROB GRP:  1  0.333 PROB GRP:  2  0.333 PROB GRP:  3  0.333
2004 LEPS:  -1.402 PROB GRP:  1  0.507 PROB GRP:  2  0.493 OBSERVED CAT:  2 MAXL:       -0.06 SD:        3.31 AV:        9.04 SN:  PROB GRP:  1  0.340 PROB GRP:  2  0.333 PROB GRP:  3  0.326
2005 LEPS:   0.044 PROB GRP:  1  0.500 PROB GRP:  2  0.500 OBSERVED CAT:  1 MAXL:        0.00 SD:        3.31 AV:        9.04 SN:  PROB GRP:  1  0.333 PROB GRP:  2  0.333 PROB GRP:  3  0.333
2006 LEPS:  -0.303 PROB GRP:  1  0.498 PROB GRP:  2  0.502 OBSERVED CAT:  1 MAXL:        0.02 SD:        3.31 AV:        9.04 SN:  PROB GRP:  1  0.332 PROB GRP:  2  0.333 PROB GRP:  3  0.335
2007 LEPS:  -0.017 PROB GRP:  1  0.500 PROB GRP:  2  0.500 OBSERVED CAT:  1 MAXL:        0.00 SD:        3.31 AV:        9.04 SN:  PROB GRP:  1  0.333 PROB GRP:  2  0.333 PROB GRP:  3  0.333
2008 LEPS:  -2.904 PROB GRP:  1  0.485 PROB GRP:  2  0.515 OBSERVED CAT:  1 MAXL:        0.12 SD:        3.31 AV:        9.04 SN:  PROB GRP:  1  0.320 PROB GRP:  2  0.333 PROB GRP:  3  0.347
2009 LEPS:   0.114 PROB GRP:  1  0.500 PROB GRP:  2  0.500 OBSERVED CAT:  2 MAXL:        0.00 SD:        3.31 AV:        9.04 SN:  PROB GRP:  1  0.333 PROB GRP:  2  0.333 PROB GRP:  3  0.333
2010 LEPS: -14.360 PROB GRP:  1  0.428 PROB GRP:  2  0.572 OBSERVED CAT:  1 MAXL:        0.61 SD:        3.31 AV:        9.04 SN:  PROB GRP:  1  0.270 PROB GRP:  2  0.328 PROB GRP:  3  0.402
2011 LEPS:  -2.852 PROB GRP:  1  0.486 PROB GRP:  2  0.514 OBSERVED CAT:  1 MAXL:        0.12 SD:        3.31 AV:        9.04 SN:  PROB GRP:  1  0.320 PROB GRP:  2  0.333 PROB GRP:  3  0.347
2012 LEPS:   0.131 PROB GRP:  1  0.501 PROB GRP:  2  0.499 OBSERVED CAT:  1 MAXL:        0.00 SD:        3.31 AV:        9.04 SN:  PROB GRP:  1  0.333 PROB GRP:  2  0.333 PROB GRP:  3  0.333
2013 LEPS:  -1.023 PROB GRP:  1  0.495 PROB GRP:  2  0.505 OBSERVED CAT:  1 MAXL:        0.05 SD:        3.31 AV:        9.04 SN:  PROB GRP:  1  0.328 PROB GRP:  2  0.333 PROB GRP:  3  0.339
2014 LEPS:   0.119 PROB GRP:  1  0.500 PROB GRP:  2  0.500 OBSERVED CAT:  1 MAXL:        0.00 SD:        3.31 AV:        9.04 SN:  PROB GRP:  1  0.333 PROB GRP:  2  0.333 PROB GRP:  3  0.333
2015 LEPS:  -3.359 PROB GRP:  1  0.483 PROB GRP:  2  0.517 OBSERVED CAT:  1 MAXL:        0.14 SD:        3.31 AV:        9.04 SN:  PROB GRP:  1  0.318 PROB GRP:  2  0.333 PROB GRP:  3  0.349
2016 LEPS:  -2.599 PROB GRP:  1  0.487 PROB GRP:  2  0.513 OBSERVED CAT:  1 MAXL:        0.11 SD:        3.31 AV:        9.04 SN:  PROB GRP:  1  0.321 PROB GRP:  2  0.333 PROB GRP:  3  0.346
2017 LEPS:  -1.877 PROB GRP:  1  0.491 PROB GRP:  2  0.509 OBSERVED CAT:  1 MAXL:        0.08 SD:        3.31 AV:        9.04 SN:  PROB GRP:  1  0.324 PROB GRP:  2  0.333 PROB GRP:  3  0.342
2018 LEPS:  -1.150 PROB GRP:  1  0.506 PROB GRP:  2  0.494 OBSERVED CAT:  2 MAXL:       -0.05 SD:        3.31 AV:        9.04 SN:  PROB GRP:  1  0.339 PROB GRP:  2  0.333 PROB GRP:  3  0.327
2019 LEPS:   0.102 PROB GRP:  1  0.500 PROB GRP:  2  0.500 OBSERVED CAT:  1 MAXL:        0.00 SD:        3.31 AV:        9.04 SN:  PROB GRP:  1  0.333 PROB GRP:  2  0.333 PROB GRP:  3  0.333
2020 LEPS:  -0.387 PROB GRP:  1  0.502 PROB GRP:  2  0.498 OBSERVED CAT:  2 MAXL:       -0.02 SD:        3.31 AV:        9.04 SN:  PROB GRP:  1  0.336 PROB GRP:  2  0.333 PROB GRP:  3  0.331
2021 LEPS:   0.000 PROB GRP:  1  0.492 PROB GRP:  2  0.508 OBSERVED CAT:  0 MAXL:        0.07 SD:        3.31 AV:        9.04 SN:  PROB GRP:  1  0.326 PROB GRP:  2  0.333 PROB GRP:  3  0.341
