 PREDICTAND GROUPS BY YEAR
197019711972197319741975197619771978197919801981198219831984198519861987198819891990199119921993199419951996199719981999200020012002200320042005200620072008200920102011201220132014201520162017201820192020
  2.  2.  1.  2.  2.  2.  1.  1.  1.  2.  2.  2.  1.  2.  2.  2.  1.  1.  1.  2.  1.  1.  1.  2.  1.  2.  2.  1.  2.  2.  1.  1.  1.  2.  1.  2.  1.  1.  1.  1.  1.  1.  1.  1.  1.  1.  1.  1.  1.  1.  1.
 TERCILE BOUNDARIES:    10.000000       12.000000      MEDIAN:    11.000000    

FCST PERIOD: 1970 TO 2020

PREDICTOR BASE MONTH : 07
GROUP DATA BASE MONTH: 07

PREDICTAND - STATION:   1
1970 LEPS:  14.641 PROB GRP:  1  0.427 PROB GRP:  2  0.573 OBSERVED CAT:  2 MAXL:        0.62 SD:        3.35 AV:       11.06 SN:  PROB GRP:  1  0.269 PROB GRP:  2  0.328 PROB GRP:  3  0.403
1971 LEPS:  41.818 PROB GRP:  1  0.291 PROB GRP:  2  0.709 OBSERVED CAT:  2 MAXL:        1.85 SD:        3.35 AV:       11.06 SN:  PROB GRP:  1  0.163 PROB GRP:  2  0.289 PROB GRP:  3  0.548
1972 LEPS:  55.893 PROB GRP:  1  0.779 PROB GRP:  2  0.221 OBSERVED CAT:  1 MAXL:       -2.58 SD:        3.35 AV:       11.06 SN:  PROB GRP:  1  0.633 PROB GRP:  2  0.252 PROB GRP:  3  0.115
1973 LEPS:  41.249 PROB GRP:  1  0.294 PROB GRP:  2  0.706 OBSERVED CAT:  2 MAXL:        1.82 SD:        3.35 AV:       11.06 SN:  PROB GRP:  1  0.165 PROB GRP:  2  0.290 PROB GRP:  3  0.545
1974 LEPS:  40.099 PROB GRP:  1  0.300 PROB GRP:  2  0.700 OBSERVED CAT:  2 MAXL:        1.76 SD:        3.35 AV:       11.06 SN:  PROB GRP:  1  0.169 PROB GRP:  2  0.293 PROB GRP:  3  0.538
1975 LEPS:  71.092 PROB GRP:  1  0.145 PROB GRP:  2  0.855 OBSERVED CAT:  2 MAXL:        3.55 SD:        3.35 AV:       11.06 SN:  PROB GRP:  1  0.068 PROB GRP:  2  0.196 PROB GRP:  3  0.736
1976 LEPS:  51.286 PROB GRP:  1  0.756 PROB GRP:  2  0.244 OBSERVED CAT:  1 MAXL:       -2.33 SD:        3.35 AV:       11.06 SN:  PROB GRP:  1  0.605 PROB GRP:  2  0.265 PROB GRP:  3  0.130
1977 LEPS:  49.436 PROB GRP:  1  0.747 PROB GRP:  2  0.253 OBSERVED CAT:  1 MAXL:       -2.23 SD:        3.35 AV:       11.06 SN:  PROB GRP:  1  0.593 PROB GRP:  2  0.270 PROB GRP:  3  0.136
1978 LEPS: -11.108 PROB GRP:  1  0.444 PROB GRP:  2  0.556 OBSERVED CAT:  1 MAXL:        0.47 SD:        3.35 AV:       11.06 SN:  PROB GRP:  1  0.284 PROB GRP:  2  0.330 PROB GRP:  3  0.386
1979 LEPS: -21.186 PROB GRP:  1  0.606 PROB GRP:  2  0.394 OBSERVED CAT:  2 MAXL:       -0.91 SD:        3.35 AV:       11.06 SN:  PROB GRP:  1  0.436 PROB GRP:  2  0.322 PROB GRP:  3  0.241
1980 LEPS: -11.018 PROB GRP:  1  0.555 PROB GRP:  2  0.445 OBSERVED CAT:  2 MAXL:       -0.47 SD:        3.35 AV:       11.06 SN:  PROB GRP:  1  0.386 PROB GRP:  2  0.330 PROB GRP:  3  0.284
1981 LEPS:  30.244 PROB GRP:  1  0.349 PROB GRP:  2  0.651 OBSERVED CAT:  2 MAXL:        1.30 SD:        3.35 AV:       11.06 SN:  PROB GRP:  1  0.206 PROB GRP:  2  0.310 PROB GRP:  3  0.484
1982 LEPS:  75.047 PROB GRP:  1  0.875 PROB GRP:  2  0.125 OBSERVED CAT:  1 MAXL:       -3.86 SD:        3.35 AV:       11.06 SN:  PROB GRP:  1  0.765 PROB GRP:  2  0.178 PROB GRP:  3  0.057
1983 LEPS:   1.398 PROB GRP:  1  0.493 PROB GRP:  2  0.507 OBSERVED CAT:  2 MAXL:        0.06 SD:        3.35 AV:       11.06 SN:  PROB GRP:  1  0.326 PROB GRP:  2  0.333 PROB GRP:  3  0.340
1984 LEPS:   8.208 PROB GRP:  1  0.459 PROB GRP:  2  0.541 OBSERVED CAT:  2 MAXL:        0.35 SD:        3.35 AV:       11.06 SN:  PROB GRP:  1  0.296 PROB GRP:  2  0.332 PROB GRP:  3  0.372
1985 LEPS:   7.462 PROB GRP:  1  0.463 PROB GRP:  2  0.537 OBSERVED CAT:  2 MAXL:        0.32 SD:        3.35 AV:       11.06 SN:  PROB GRP:  1  0.299 PROB GRP:  2  0.332 PROB GRP:  3  0.369
1986 LEPS:  17.080 PROB GRP:  1  0.585 PROB GRP:  2  0.415 OBSERVED CAT:  1 MAXL:       -0.73 SD:        3.35 AV:       11.06 SN:  PROB GRP:  1  0.415 PROB GRP:  2  0.326 PROB GRP:  3  0.259
1987 LEPS:  57.404 PROB GRP:  1  0.787 PROB GRP:  2  0.213 OBSERVED CAT:  1 MAXL:       -2.67 SD:        3.35 AV:       11.06 SN:  PROB GRP:  1  0.643 PROB GRP:  2  0.247 PROB GRP:  3  0.110
1988 LEPS: -66.259 PROB GRP:  1  0.169 PROB GRP:  2  0.831 OBSERVED CAT:  1 MAXL:        3.21 SD:        3.35 AV:       11.06 SN:  PROB GRP:  1  0.082 PROB GRP:  2  0.216 PROB GRP:  3  0.702
1989 LEPS:  11.015 PROB GRP:  1  0.445 PROB GRP:  2  0.555 OBSERVED CAT:  2 MAXL:        0.47 SD:        3.35 AV:       11.06 SN:  PROB GRP:  1  0.284 PROB GRP:  2  0.330 PROB GRP:  3  0.385
1990 LEPS:  12.069 PROB GRP:  1  0.560 PROB GRP:  2  0.440 OBSERVED CAT:  1 MAXL:       -0.51 SD:        3.35 AV:       11.06 SN:  PROB GRP:  1  0.391 PROB GRP:  2  0.330 PROB GRP:  3  0.280
1991 LEPS:  37.405 PROB GRP:  1  0.687 PROB GRP:  2  0.313 OBSERVED CAT:  1 MAXL:       -1.63 SD:        3.35 AV:       11.06 SN:  PROB GRP:  1  0.523 PROB GRP:  2  0.298 PROB GRP:  3  0.179
1992 LEPS:   8.567 PROB GRP:  1  0.543 PROB GRP:  2  0.457 OBSERVED CAT:  1 MAXL:       -0.36 SD:        3.35 AV:       11.06 SN:  PROB GRP:  1  0.374 PROB GRP:  2  0.331 PROB GRP:  3  0.295
1993 LEPS: -53.717 PROB GRP:  1  0.769 PROB GRP:  2  0.231 OBSERVED CAT:  2 MAXL:       -2.46 SD:        3.35 AV:       11.06 SN:  PROB GRP:  1  0.620 PROB GRP:  2  0.258 PROB GRP:  3  0.122
1994 LEPS:  65.482 PROB GRP:  1  0.827 PROB GRP:  2  0.173 OBSERVED CAT:  1 MAXL:       -3.16 SD:        3.35 AV:       11.06 SN:  PROB GRP:  1  0.697 PROB GRP:  2  0.219 PROB GRP:  3  0.084
1995 LEPS:  10.133 PROB GRP:  1  0.449 PROB GRP:  2  0.551 OBSERVED CAT:  2 MAXL:        0.43 SD:        3.35 AV:       11.06 SN:  PROB GRP:  1  0.288 PROB GRP:  2  0.331 PROB GRP:  3  0.381
1996 LEPS:  24.358 PROB GRP:  1  0.378 PROB GRP:  2  0.622 OBSERVED CAT:  2 MAXL:        1.04 SD:        3.35 AV:       11.06 SN:  PROB GRP:  1  0.229 PROB GRP:  2  0.318 PROB GRP:  3  0.453
1997 LEPS:  57.702 PROB GRP:  1  0.788 PROB GRP:  2  0.212 OBSERVED CAT:  1 MAXL:       -2.69 SD:        3.35 AV:       11.06 SN:  PROB GRP:  1  0.645 PROB GRP:  2  0.246 PROB GRP:  3  0.109
1998 LEPS:  45.270 PROB GRP:  1  0.274 PROB GRP:  2  0.726 OBSERVED CAT:  2 MAXL:        2.02 SD:        3.35 AV:       11.06 SN:  PROB GRP:  1  0.151 PROB GRP:  2  0.281 PROB GRP:  3  0.568
1999 LEPS:   7.612 PROB GRP:  1  0.462 PROB GRP:  2  0.538 OBSERVED CAT:  2 MAXL:        0.32 SD:        3.35 AV:       11.06 SN:  PROB GRP:  1  0.299 PROB GRP:  2  0.332 PROB GRP:  3  0.369
2000 LEPS: -16.064 PROB GRP:  1  0.420 PROB GRP:  2  0.580 OBSERVED CAT:  1 MAXL:        0.68 SD:        3.35 AV:       11.06 SN:  PROB GRP:  1  0.263 PROB GRP:  2  0.327 PROB GRP:  3  0.410
2001 LEPS:  16.939 PROB GRP:  1  0.585 PROB GRP:  2  0.415 OBSERVED CAT:  1 MAXL:       -0.72 SD:        3.35 AV:       11.06 SN:  PROB GRP:  1  0.415 PROB GRP:  2  0.326 PROB GRP:  3  0.259
2002 LEPS:  42.834 PROB GRP:  1  0.714 PROB GRP:  2  0.286 OBSERVED CAT:  1 MAXL:       -1.89 SD:        3.35 AV:       11.06 SN:  PROB GRP:  1  0.554 PROB GRP:  2  0.287 PROB GRP:  3  0.159
2003 LEPS:  -4.041 PROB GRP:  1  0.520 PROB GRP:  2  0.480 OBSERVED CAT:  2 MAXL:       -0.17 SD:        3.35 AV:       11.06 SN:  PROB GRP:  1  0.352 PROB GRP:  2  0.333 PROB GRP:  3  0.315
2004 LEPS:  26.318 PROB GRP:  1  0.632 PROB GRP:  2  0.368 OBSERVED CAT:  1 MAXL:       -1.13 SD:        3.35 AV:       11.06 SN:  PROB GRP:  1  0.463 PROB GRP:  2  0.316 PROB GRP:  3  0.221
2005 LEPS:  -5.614 PROB GRP:  1  0.528 PROB GRP:  2  0.472 OBSERVED CAT:  2 MAXL:       -0.24 SD:        3.35 AV:       11.06 SN:  PROB GRP:  1  0.360 PROB GRP:  2  0.333 PROB GRP:  3  0.308
2006 LEPS:  41.531 PROB GRP:  1  0.708 PROB GRP:  2  0.292 OBSERVED CAT:  1 MAXL:       -1.83 SD:        3.35 AV:       11.06 SN:  PROB GRP:  1  0.547 PROB GRP:  2  0.289 PROB GRP:  3  0.164
2007 LEPS:   2.925 PROB GRP:  1  0.515 PROB GRP:  2  0.485 OBSERVED CAT:  1 MAXL:       -0.13 SD:        3.35 AV:       11.06 SN:  PROB GRP:  1  0.347 PROB GRP:  2  0.333 PROB GRP:  3  0.320
2008 LEPS: -36.552 PROB GRP:  1  0.317 PROB GRP:  2  0.683 OBSERVED CAT:  1 MAXL:        1.60 SD:        3.35 AV:       11.06 SN:  PROB GRP:  1  0.182 PROB GRP:  2  0.299 PROB GRP:  3  0.519
2009 LEPS:   0.820 PROB GRP:  1  0.504 PROB GRP:  2  0.496 OBSERVED CAT:  1 MAXL:       -0.04 SD:        3.35 AV:       11.06 SN:  PROB GRP:  1  0.338 PROB GRP:  2  0.333 PROB GRP:  3  0.329
2010 LEPS: -84.217 PROB GRP:  1  0.079 PROB GRP:  2  0.921 OBSERVED CAT:  1 MAXL:        4.73 SD:        3.35 AV:       11.06 SN:  PROB GRP:  1  0.033 PROB GRP:  2  0.130 PROB GRP:  3  0.837
2011 LEPS: -36.098 PROB GRP:  1  0.319 PROB GRP:  2  0.681 OBSERVED CAT:  1 MAXL:        1.57 SD:        3.35 AV:       11.06 SN:  PROB GRP:  1  0.184 PROB GRP:  2  0.300 PROB GRP:  3  0.516
2012 LEPS:   7.684 PROB GRP:  1  0.538 PROB GRP:  2  0.462 OBSERVED CAT:  1 MAXL:       -0.33 SD:        3.35 AV:       11.06 SN:  PROB GRP:  1  0.370 PROB GRP:  2  0.332 PROB GRP:  3  0.298
2013 LEPS: -16.064 PROB GRP:  1  0.420 PROB GRP:  2  0.580 OBSERVED CAT:  1 MAXL:        0.68 SD:        3.35 AV:       11.06 SN:  PROB GRP:  1  0.263 PROB GRP:  2  0.327 PROB GRP:  3  0.410
2014 LEPS:  32.490 PROB GRP:  1  0.662 PROB GRP:  2  0.338 OBSERVED CAT:  1 MAXL:       -1.41 SD:        3.35 AV:       11.06 SN:  PROB GRP:  1  0.496 PROB GRP:  2  0.307 PROB GRP:  3  0.197
2015 LEPS:  65.393 PROB GRP:  1  0.827 PROB GRP:  2  0.173 OBSERVED CAT:  1 MAXL:       -3.16 SD:        3.35 AV:       11.06 SN:  PROB GRP:  1  0.696 PROB GRP:  2  0.219 PROB GRP:  3  0.085
2016 LEPS: -33.821 PROB GRP:  1  0.331 PROB GRP:  2  0.669 OBSERVED CAT:  1 MAXL:        1.47 SD:        3.35 AV:       11.06 SN:  PROB GRP:  1  0.192 PROB GRP:  2  0.304 PROB GRP:  3  0.503
2017 LEPS: -26.606 PROB GRP:  1  0.367 PROB GRP:  2  0.633 OBSERVED CAT:  1 MAXL:        1.14 SD:        3.35 AV:       11.06 SN:  PROB GRP:  1  0.220 PROB GRP:  2  0.316 PROB GRP:  3  0.464
2018 LEPS:  23.612 PROB GRP:  1  0.618 PROB GRP:  2  0.382 OBSERVED CAT:  1 MAXL:       -1.01 SD:        3.35 AV:       11.06 SN:  PROB GRP:  1  0.449 PROB GRP:  2  0.319 PROB GRP:  3  0.232
2019 LEPS:  33.003 PROB GRP:  1  0.665 PROB GRP:  2  0.335 OBSERVED CAT:  1 MAXL:       -1.43 SD:        3.35 AV:       11.06 SN:  PROB GRP:  1  0.499 PROB GRP:  2  0.306 PROB GRP:  3  0.195
2020 LEPS: -36.098 PROB GRP:  1  0.319 PROB GRP:  2  0.681 OBSERVED CAT:  1 MAXL:        1.57 SD:        3.35 AV:       11.06 SN:  PROB GRP:  1  0.184 PROB GRP:  2  0.300 PROB GRP:  3  0.516
2021 LEPS:   0.000 PROB GRP:  1  0.299 PROB GRP:  2  0.701 OBSERVED CAT:  0 MAXL:        1.77 SD:        3.35 AV:       11.06 SN:  PROB GRP:  1  0.169 PROB GRP:  2  0.292 PROB GRP:  3  0.539
