 PREDICTAND GROUPS BY YEAR
197019711972197319741975197619771978197919801981198219831984198519861987198819891990199119921993199419951996199719981999200020012002200320042005200620072008200920102011201220132014201520162017201820192020
  2.  2.  1.  2.  1.  2.  2.  1.  2.  2.  1.  2.  1.  2.  2.  2.  1.  1.  2.  2.  1.  2.  2.  1.  1.  2.  2.  2.  2.  1.  1.  1.  1.  1.  1.  2.  1.  1.  2.  1.  2.  1.  2.  2.  1.  1.  1.  1.  2.  1.  1.
 TERCILE BOUNDARIES:    3.0000000       4.0000000      MEDIAN:    3.0000000    

FCST PERIOD: 1970 TO 2020

PREDICTOR BASE MONTH : 07
GROUP DATA BASE MONTH: 07

PREDICTAND - STATION:   1
1970 LEPS:  19.960 PROB GRP:  1  0.400 PROB GRP:  2  0.600 OBSERVED CAT:  2 MAXL:        0.47 SD:        1.86 AV:        3.63 SN:  PROB GRP:  1  0.247 PROB GRP:  2  0.323 PROB GRP:  3  0.430
1971 LEPS:  48.690 PROB GRP:  1  0.257 PROB GRP:  2  0.743 OBSERVED CAT:  2 MAXL:        1.22 SD:        1.86 AV:        3.63 SN:  PROB GRP:  1  0.139 PROB GRP:  2  0.272 PROB GRP:  3  0.589
1972 LEPS:  56.784 PROB GRP:  1  0.784 PROB GRP:  2  0.216 OBSERVED CAT:  1 MAXL:       -1.46 SD:        1.86 AV:        3.63 SN:  PROB GRP:  1  0.639 PROB GRP:  2  0.249 PROB GRP:  3  0.112
1973 LEPS:  48.094 PROB GRP:  1  0.260 PROB GRP:  2  0.740 OBSERVED CAT:  2 MAXL:        1.20 SD:        1.86 AV:        3.63 SN:  PROB GRP:  1  0.141 PROB GRP:  2  0.274 PROB GRP:  3  0.585
1974 LEPS: -53.869 PROB GRP:  1  0.231 PROB GRP:  2  0.769 OBSERVED CAT:  1 MAXL:        1.37 SD:        1.86 AV:        3.63 SN:  PROB GRP:  1  0.121 PROB GRP:  2  0.258 PROB GRP:  3  0.621
1975 LEPS:  78.289 PROB GRP:  1  0.109 PROB GRP:  2  0.891 OBSERVED CAT:  2 MAXL:        2.29 SD:        1.86 AV:        3.63 SN:  PROB GRP:  1  0.048 PROB GRP:  2  0.163 PROB GRP:  3  0.789
1976 LEPS: -60.209 PROB GRP:  1  0.801 PROB GRP:  2  0.199 OBSERVED CAT:  2 MAXL:       -1.57 SD:        1.86 AV:        3.63 SN:  PROB GRP:  1  0.661 PROB GRP:  2  0.238 PROB GRP:  3  0.101
1977 LEPS:  49.936 PROB GRP:  1  0.750 PROB GRP:  2  0.250 OBSERVED CAT:  1 MAXL:       -1.25 SD:        1.86 AV:        3.63 SN:  PROB GRP:  1  0.597 PROB GRP:  2  0.269 PROB GRP:  3  0.134
1978 LEPS:  15.324 PROB GRP:  1  0.423 PROB GRP:  2  0.577 OBSERVED CAT:  2 MAXL:        0.36 SD:        1.86 AV:        3.63 SN:  PROB GRP:  1  0.266 PROB GRP:  2  0.327 PROB GRP:  3  0.407
1979 LEPS: -18.043 PROB GRP:  1  0.590 PROB GRP:  2  0.410 OBSERVED CAT:  2 MAXL:       -0.43 SD:        1.86 AV:        3.63 SN:  PROB GRP:  1  0.420 PROB GRP:  2  0.325 PROB GRP:  3  0.254
1980 LEPS:   6.404 PROB GRP:  1  0.532 PROB GRP:  2  0.468 OBSERVED CAT:  1 MAXL:       -0.15 SD:        1.86 AV:        3.63 SN:  PROB GRP:  1  0.363 PROB GRP:  2  0.332 PROB GRP:  3  0.304
1981 LEPS:  36.511 PROB GRP:  1  0.318 PROB GRP:  2  0.682 OBSERVED CAT:  2 MAXL:        0.88 SD:        1.86 AV:        3.63 SN:  PROB GRP:  1  0.182 PROB GRP:  2  0.300 PROB GRP:  3  0.518
1982 LEPS:  76.463 PROB GRP:  1  0.882 PROB GRP:  2  0.118 OBSERVED CAT:  1 MAXL:       -2.21 SD:        1.86 AV:        3.63 SN:  PROB GRP:  1  0.776 PROB GRP:  2  0.172 PROB GRP:  3  0.053
1983 LEPS:   5.881 PROB GRP:  1  0.471 PROB GRP:  2  0.529 OBSERVED CAT:  2 MAXL:        0.14 SD:        1.86 AV:        3.63 SN:  PROB GRP:  1  0.307 PROB GRP:  2  0.332 PROB GRP:  3  0.361
1984 LEPS:  13.120 PROB GRP:  1  0.434 PROB GRP:  2  0.566 OBSERVED CAT:  2 MAXL:        0.31 SD:        1.86 AV:        3.63 SN:  PROB GRP:  1  0.275 PROB GRP:  2  0.329 PROB GRP:  3  0.396
1985 LEPS:  12.327 PROB GRP:  1  0.438 PROB GRP:  2  0.562 OBSERVED CAT:  2 MAXL:        0.29 SD:        1.86 AV:        3.63 SN:  PROB GRP:  1  0.279 PROB GRP:  2  0.330 PROB GRP:  3  0.392
1986 LEPS:  14.567 PROB GRP:  1  0.573 PROB GRP:  2  0.427 OBSERVED CAT:  1 MAXL:       -0.34 SD:        1.86 AV:        3.63 SN:  PROB GRP:  1  0.403 PROB GRP:  2  0.328 PROB GRP:  3  0.269
1987 LEPS:  58.373 PROB GRP:  1  0.792 PROB GRP:  2  0.208 OBSERVED CAT:  1 MAXL:       -1.51 SD:        1.86 AV:        3.63 SN:  PROB GRP:  1  0.649 PROB GRP:  2  0.244 PROB GRP:  3  0.107
1988 LEPS:  63.580 PROB GRP:  1  0.182 PROB GRP:  2  0.818 OBSERVED CAT:  2 MAXL:        1.69 SD:        1.86 AV:        3.63 SN:  PROB GRP:  1  0.090 PROB GRP:  2  0.226 PROB GRP:  3  0.684
1989 LEPS:  16.105 PROB GRP:  1  0.420 PROB GRP:  2  0.580 OBSERVED CAT:  2 MAXL:        0.38 SD:        1.86 AV:        3.63 SN:  PROB GRP:  1  0.263 PROB GRP:  2  0.327 PROB GRP:  3  0.410
1990 LEPS:   8.996 PROB GRP:  1  0.545 PROB GRP:  2  0.455 OBSERVED CAT:  1 MAXL:       -0.21 SD:        1.86 AV:        3.63 SN:  PROB GRP:  1  0.376 PROB GRP:  2  0.331 PROB GRP:  3  0.293
1991 LEPS: -41.815 PROB GRP:  1  0.709 PROB GRP:  2  0.291 OBSERVED CAT:  2 MAXL:       -1.03 SD:        1.86 AV:        3.63 SN:  PROB GRP:  1  0.548 PROB GRP:  2  0.289 PROB GRP:  3  0.163
1992 LEPS:  -5.937 PROB GRP:  1  0.530 PROB GRP:  2  0.470 OBSERVED CAT:  2 MAXL:       -0.14 SD:        1.86 AV:        3.63 SN:  PROB GRP:  1  0.361 PROB GRP:  2  0.332 PROB GRP:  3  0.306
1993 LEPS:  45.353 PROB GRP:  1  0.727 PROB GRP:  2  0.273 OBSERVED CAT:  1 MAXL:       -1.12 SD:        1.86 AV:        3.63 SN:  PROB GRP:  1  0.569 PROB GRP:  2  0.281 PROB GRP:  3  0.150
1994 LEPS:  66.767 PROB GRP:  1  0.834 PROB GRP:  2  0.166 OBSERVED CAT:  1 MAXL:       -1.80 SD:        1.86 AV:        3.63 SN:  PROB GRP:  1  0.705 PROB GRP:  2  0.214 PROB GRP:  3  0.081
1995 LEPS:  15.167 PROB GRP:  1  0.424 PROB GRP:  2  0.576 OBSERVED CAT:  2 MAXL:        0.36 SD:        1.86 AV:        3.63 SN:  PROB GRP:  1  0.266 PROB GRP:  2  0.328 PROB GRP:  3  0.406
1996 LEPS:  30.279 PROB GRP:  1  0.349 PROB GRP:  2  0.651 OBSERVED CAT:  2 MAXL:        0.72 SD:        1.86 AV:        3.63 SN:  PROB GRP:  1  0.206 PROB GRP:  2  0.310 PROB GRP:  3  0.484
1997 LEPS: -68.534 PROB GRP:  1  0.843 PROB GRP:  2  0.157 OBSERVED CAT:  2 MAXL:       -1.87 SD:        1.86 AV:        3.63 SN:  PROB GRP:  1  0.718 PROB GRP:  2  0.207 PROB GRP:  3  0.075
1998 LEPS:  52.291 PROB GRP:  1  0.239 PROB GRP:  2  0.761 OBSERVED CAT:  2 MAXL:        1.32 SD:        1.86 AV:        3.63 SN:  PROB GRP:  1  0.127 PROB GRP:  2  0.263 PROB GRP:  3  0.611
1999 LEPS: -13.690 PROB GRP:  1  0.431 PROB GRP:  2  0.569 OBSERVED CAT:  1 MAXL:        0.32 SD:        1.86 AV:        3.63 SN:  PROB GRP:  1  0.272 PROB GRP:  2  0.329 PROB GRP:  3  0.399
2000 LEPS: -22.225 PROB GRP:  1  0.389 PROB GRP:  2  0.611 OBSERVED CAT:  1 MAXL:        0.53 SD:        1.86 AV:        3.63 SN:  PROB GRP:  1  0.238 PROB GRP:  2  0.321 PROB GRP:  3  0.442
2001 LEPS:  14.409 PROB GRP:  1  0.572 PROB GRP:  2  0.428 OBSERVED CAT:  1 MAXL:       -0.34 SD:        1.86 AV:        3.63 SN:  PROB GRP:  1  0.402 PROB GRP:  2  0.328 PROB GRP:  3  0.270
2002 LEPS:  42.844 PROB GRP:  1  0.714 PROB GRP:  2  0.286 OBSERVED CAT:  1 MAXL:       -1.05 SD:        1.86 AV:        3.63 SN:  PROB GRP:  1  0.554 PROB GRP:  2  0.287 PROB GRP:  3  0.159
2003 LEPS:  -0.849 PROB GRP:  1  0.496 PROB GRP:  2  0.504 OBSERVED CAT:  1 MAXL:        0.02 SD:        1.86 AV:        3.63 SN:  PROB GRP:  1  0.329 PROB GRP:  2  0.333 PROB GRP:  3  0.338
2004 LEPS:  24.794 PROB GRP:  1  0.624 PROB GRP:  2  0.376 OBSERVED CAT:  1 MAXL:       -0.59 SD:        1.86 AV:        3.63 SN:  PROB GRP:  1  0.455 PROB GRP:  2  0.318 PROB GRP:  3  0.227
2005 LEPS:  -1.563 PROB GRP:  1  0.508 PROB GRP:  2  0.492 OBSERVED CAT:  2 MAXL:       -0.04 SD:        1.86 AV:        3.63 SN:  PROB GRP:  1  0.341 PROB GRP:  2  0.333 PROB GRP:  3  0.325
2006 LEPS:  41.435 PROB GRP:  1  0.707 PROB GRP:  2  0.293 OBSERVED CAT:  1 MAXL:       -1.02 SD:        1.86 AV:        3.63 SN:  PROB GRP:  1  0.546 PROB GRP:  2  0.290 PROB GRP:  3  0.164
2007 LEPS:  -1.183 PROB GRP:  1  0.494 PROB GRP:  2  0.506 OBSERVED CAT:  1 MAXL:        0.03 SD:        1.86 AV:        3.63 SN:  PROB GRP:  1  0.327 PROB GRP:  2  0.333 PROB GRP:  3  0.339
2008 LEPS:  39.176 PROB GRP:  1  0.304 PROB GRP:  2  0.696 OBSERVED CAT:  2 MAXL:        0.95 SD:        1.86 AV:        3.63 SN:  PROB GRP:  1  0.172 PROB GRP:  2  0.294 PROB GRP:  3  0.533
2009 LEPS:  -3.526 PROB GRP:  1  0.482 PROB GRP:  2  0.518 OBSERVED CAT:  1 MAXL:        0.09 SD:        1.86 AV:        3.63 SN:  PROB GRP:  1  0.317 PROB GRP:  2  0.333 PROB GRP:  3  0.350
2010 LEPS:  78.220 PROB GRP:  1  0.109 PROB GRP:  2  0.891 OBSERVED CAT:  2 MAXL:        2.29 SD:        1.86 AV:        3.63 SN:  PROB GRP:  1  0.048 PROB GRP:  2  0.163 PROB GRP:  3  0.789
2011 LEPS: -43.913 PROB GRP:  1  0.280 PROB GRP:  2  0.720 OBSERVED CAT:  1 MAXL:        1.08 SD:        1.86 AV:        3.63 SN:  PROB GRP:  1  0.155 PROB GRP:  2  0.284 PROB GRP:  3  0.561
2012 LEPS:  -4.924 PROB GRP:  1  0.525 PROB GRP:  2  0.475 OBSERVED CAT:  2 MAXL:       -0.12 SD:        1.86 AV:        3.63 SN:  PROB GRP:  1  0.357 PROB GRP:  2  0.333 PROB GRP:  3  0.311
2013 LEPS:  20.265 PROB GRP:  1  0.399 PROB GRP:  2  0.601 OBSERVED CAT:  2 MAXL:        0.48 SD:        1.86 AV:        3.63 SN:  PROB GRP:  1  0.245 PROB GRP:  2  0.323 PROB GRP:  3  0.431
2014 LEPS:  31.583 PROB GRP:  1  0.658 PROB GRP:  2  0.342 OBSERVED CAT:  1 MAXL:       -0.76 SD:        1.86 AV:        3.63 SN:  PROB GRP:  1  0.491 PROB GRP:  2  0.308 PROB GRP:  3  0.201
2015 LEPS:  66.676 PROB GRP:  1  0.833 PROB GRP:  2  0.167 OBSERVED CAT:  1 MAXL:       -1.80 SD:        1.86 AV:        3.63 SN:  PROB GRP:  1  0.705 PROB GRP:  2  0.214 PROB GRP:  3  0.081
2016 LEPS: -41.490 PROB GRP:  1  0.292 PROB GRP:  2  0.708 OBSERVED CAT:  1 MAXL:        1.02 SD:        1.86 AV:        3.63 SN:  PROB GRP:  1  0.164 PROB GRP:  2  0.289 PROB GRP:  3  0.547
2017 LEPS: -33.734 PROB GRP:  1  0.331 PROB GRP:  2  0.669 OBSERVED CAT:  1 MAXL:        0.81 SD:        1.86 AV:        3.63 SN:  PROB GRP:  1  0.193 PROB GRP:  2  0.305 PROB GRP:  3  0.503
2018 LEPS: -24.034 PROB GRP:  1  0.620 PROB GRP:  2  0.380 OBSERVED CAT:  2 MAXL:       -0.57 SD:        1.86 AV:        3.63 SN:  PROB GRP:  1  0.451 PROB GRP:  2  0.319 PROB GRP:  3  0.230
2019 LEPS:  32.145 PROB GRP:  1  0.661 PROB GRP:  2  0.339 OBSERVED CAT:  1 MAXL:       -0.77 SD:        1.86 AV:        3.63 SN:  PROB GRP:  1  0.494 PROB GRP:  2  0.307 PROB GRP:  3  0.199
2020 LEPS: -43.913 PROB GRP:  1  0.280 PROB GRP:  2  0.720 OBSERVED CAT:  1 MAXL:        1.08 SD:        1.86 AV:        3.63 SN:  PROB GRP:  1  0.155 PROB GRP:  2  0.284 PROB GRP:  3  0.561
2021 LEPS:   0.000 PROB GRP:  1  0.266 PROB GRP:  2  0.734 OBSERVED CAT:  0 MAXL:        1.16 SD:        1.86 AV:        3.63 SN:  PROB GRP:  1  0.145 PROB GRP:  2  0.277 PROB GRP:  3  0.577
