 PREDICTAND GROUPS BY YEAR
197019711972197319741975197619771978197919801981198219831984198519861987198819891990199119921993199419951996199719981999200020012002200320042005200620072008200920102011201220132014201520162017201820192020
  1.  1.  2.  2.  2.  2.  1.  1.  1.  2.  2.  2.  1.  1.  2.  2.  1.  1.  1.  1.  1.  1.  1.  2.  1.  2.  1.  1.  2.  2.  2.  1.  2.  1.  1.  2.  1.  2.  2.  1.  2.  1.  1.  1.  1.  1.  1.  2.  1.  1.  1.
 TERCILE BOUNDARIES:    4.0000000       6.0000000      MEDIAN:    5.0000000    

FCST PERIOD: 1970 TO 2020

PREDICTOR BASE MONTH : 07
GROUP DATA BASE MONTH: 07

PREDICTAND - STATION:   1
1970 LEPS:  21.846 PROB GRP:  1  0.391 PROB GRP:  2  0.609 OBSERVED CAT:  2 MAXL:        0.57 SD:        2.05 AV:        4.82 SN:  PROB GRP:  1  0.239 PROB GRP:  2  0.321 PROB GRP:  3  0.439
1971 LEPS: -42.986 PROB GRP:  1  0.285 PROB GRP:  2  0.715 OBSERVED CAT:  1 MAXL:        1.16 SD:        2.05 AV:        4.82 SN:  PROB GRP:  1  0.159 PROB GRP:  2  0.286 PROB GRP:  3  0.555
1972 LEPS: -67.967 PROB GRP:  1  0.840 PROB GRP:  2  0.160 OBSERVED CAT:  2 MAXL:       -2.04 SD:        2.05 AV:        4.82 SN:  PROB GRP:  1  0.714 PROB GRP:  2  0.209 PROB GRP:  3  0.077
1973 LEPS:  51.101 PROB GRP:  1  0.245 PROB GRP:  2  0.755 OBSERVED CAT:  2 MAXL:        1.42 SD:        2.05 AV:        4.82 SN:  PROB GRP:  1  0.130 PROB GRP:  2  0.266 PROB GRP:  3  0.604
1974 LEPS:  49.864 PROB GRP:  1  0.251 PROB GRP:  2  0.749 OBSERVED CAT:  2 MAXL:        1.38 SD:        2.05 AV:        4.82 SN:  PROB GRP:  1  0.135 PROB GRP:  2  0.269 PROB GRP:  3  0.596
1975 LEPS:  81.176 PROB GRP:  1  0.094 PROB GRP:  2  0.906 OBSERVED CAT:  2 MAXL:        2.69 SD:        2.05 AV:        4.82 SN:  PROB GRP:  1  0.040 PROB GRP:  2  0.147 PROB GRP:  3  0.812
1976 LEPS:  44.219 PROB GRP:  1  0.721 PROB GRP:  2  0.279 OBSERVED CAT:  1 MAXL:       -1.20 SD:        2.05 AV:        4.82 SN:  PROB GRP:  1  0.562 PROB GRP:  2  0.283 PROB GRP:  3  0.154
1977 LEPS:  42.519 PROB GRP:  1  0.713 PROB GRP:  2  0.287 OBSERVED CAT:  1 MAXL:       -1.15 SD:        2.05 AV:        4.82 SN:  PROB GRP:  1  0.552 PROB GRP:  2  0.287 PROB GRP:  3  0.160
1978 LEPS: -10.491 PROB GRP:  1  0.447 PROB GRP:  2  0.553 OBSERVED CAT:  1 MAXL:        0.27 SD:        2.05 AV:        4.82 SN:  PROB GRP:  1  0.286 PROB GRP:  2  0.331 PROB GRP:  3  0.383
1979 LEPS: -18.188 PROB GRP:  1  0.591 PROB GRP:  2  0.409 OBSERVED CAT:  2 MAXL:       -0.47 SD:        2.05 AV:        4.82 SN:  PROB GRP:  1  0.421 PROB GRP:  2  0.325 PROB GRP:  3  0.254
1980 LEPS:  -6.865 PROB GRP:  1  0.534 PROB GRP:  2  0.466 OBSERVED CAT:  2 MAXL:       -0.18 SD:        2.05 AV:        4.82 SN:  PROB GRP:  1  0.366 PROB GRP:  2  0.332 PROB GRP:  3  0.302
1981 LEPS:  39.142 PROB GRP:  1  0.304 PROB GRP:  2  0.696 OBSERVED CAT:  2 MAXL:        1.05 SD:        2.05 AV:        4.82 SN:  PROB GRP:  1  0.173 PROB GRP:  2  0.295 PROB GRP:  3  0.533
1982 LEPS:  67.261 PROB GRP:  1  0.836 PROB GRP:  2  0.164 OBSERVED CAT:  1 MAXL:       -2.01 SD:        2.05 AV:        4.82 SN:  PROB GRP:  1  0.709 PROB GRP:  2  0.212 PROB GRP:  3  0.079
1983 LEPS:   7.026 PROB GRP:  1  0.465 PROB GRP:  2  0.535 OBSERVED CAT:  2 MAXL:        0.18 SD:        2.05 AV:        4.82 SN:  PROB GRP:  1  0.301 PROB GRP:  2  0.332 PROB GRP:  3  0.367
1984 LEPS:  14.654 PROB GRP:  1  0.427 PROB GRP:  2  0.573 OBSERVED CAT:  2 MAXL:        0.38 SD:        2.05 AV:        4.82 SN:  PROB GRP:  1  0.269 PROB GRP:  2  0.328 PROB GRP:  3  0.403
1985 LEPS:  13.819 PROB GRP:  1  0.431 PROB GRP:  2  0.569 OBSERVED CAT:  2 MAXL:        0.36 SD:        2.05 AV:        4.82 SN:  PROB GRP:  1  0.272 PROB GRP:  2  0.329 PROB GRP:  3  0.399
1986 LEPS:  13.853 PROB GRP:  1  0.569 PROB GRP:  2  0.431 OBSERVED CAT:  1 MAXL:       -0.36 SD:        2.05 AV:        4.82 SN:  PROB GRP:  1  0.400 PROB GRP:  2  0.328 PROB GRP:  3  0.272
1987 LEPS:  49.915 PROB GRP:  1  0.750 PROB GRP:  2  0.250 OBSERVED CAT:  1 MAXL:       -1.38 SD:        2.05 AV:        4.82 SN:  PROB GRP:  1  0.596 PROB GRP:  2  0.269 PROB GRP:  3  0.135
1988 LEPS: -60.499 PROB GRP:  1  0.197 PROB GRP:  2  0.803 OBSERVED CAT:  1 MAXL:        1.74 SD:        2.05 AV:        4.82 SN:  PROB GRP:  1  0.100 PROB GRP:  2  0.237 PROB GRP:  3  0.663
1989 LEPS: -11.161 PROB GRP:  1  0.444 PROB GRP:  2  0.556 OBSERVED CAT:  1 MAXL:        0.29 SD:        2.05 AV:        4.82 SN:  PROB GRP:  1  0.283 PROB GRP:  2  0.330 PROB GRP:  3  0.386
1990 LEPS:   9.516 PROB GRP:  1  0.547 PROB GRP:  2  0.453 OBSERVED CAT:  1 MAXL:       -0.25 SD:        2.05 AV:        4.82 SN:  PROB GRP:  1  0.378 PROB GRP:  2  0.331 PROB GRP:  3  0.291
1991 LEPS:  31.666 PROB GRP:  1  0.658 PROB GRP:  2  0.342 OBSERVED CAT:  1 MAXL:       -0.84 SD:        2.05 AV:        4.82 SN:  PROB GRP:  1  0.492 PROB GRP:  2  0.308 PROB GRP:  3  0.200
1992 LEPS:   6.492 PROB GRP:  1  0.532 PROB GRP:  2  0.468 OBSERVED CAT:  1 MAXL:       -0.17 SD:        2.05 AV:        4.82 SN:  PROB GRP:  1  0.364 PROB GRP:  2  0.332 PROB GRP:  3  0.304
1993 LEPS: -53.634 PROB GRP:  1  0.768 PROB GRP:  2  0.232 OBSERVED CAT:  2 MAXL:       -1.50 SD:        2.05 AV:        4.82 SN:  PROB GRP:  1  0.619 PROB GRP:  2  0.259 PROB GRP:  3  0.122
1994 LEPS:  57.652 PROB GRP:  1  0.788 PROB GRP:  2  0.212 OBSERVED CAT:  1 MAXL:       -1.64 SD:        2.05 AV:        4.82 SN:  PROB GRP:  1  0.644 PROB GRP:  2  0.247 PROB GRP:  3  0.109
1995 LEPS:  16.808 PROB GRP:  1  0.416 PROB GRP:  2  0.584 OBSERVED CAT:  2 MAXL:        0.44 SD:        2.05 AV:        4.82 SN:  PROB GRP:  1  0.260 PROB GRP:  2  0.326 PROB GRP:  3  0.414
1996 LEPS:  32.651 PROB GRP:  1  0.337 PROB GRP:  2  0.663 OBSERVED CAT:  2 MAXL:        0.86 SD:        2.05 AV:        4.82 SN:  PROB GRP:  1  0.197 PROB GRP:  2  0.307 PROB GRP:  3  0.497
1997 LEPS:  50.196 PROB GRP:  1  0.751 PROB GRP:  2  0.249 OBSERVED CAT:  1 MAXL:       -1.39 SD:        2.05 AV:        4.82 SN:  PROB GRP:  1  0.598 PROB GRP:  2  0.268 PROB GRP:  3  0.133
1998 LEPS:  55.392 PROB GRP:  1  0.223 PROB GRP:  2  0.777 OBSERVED CAT:  2 MAXL:        1.56 SD:        2.05 AV:        4.82 SN:  PROB GRP:  1  0.116 PROB GRP:  2  0.254 PROB GRP:  3  0.630
1999 LEPS:  13.986 PROB GRP:  1  0.430 PROB GRP:  2  0.570 OBSERVED CAT:  2 MAXL:        0.36 SD:        2.05 AV:        4.82 SN:  PROB GRP:  1  0.272 PROB GRP:  2  0.328 PROB GRP:  3  0.400
2000 LEPS:  22.166 PROB GRP:  1  0.389 PROB GRP:  2  0.611 OBSERVED CAT:  2 MAXL:        0.58 SD:        2.05 AV:        4.82 SN:  PROB GRP:  1  0.238 PROB GRP:  2  0.321 PROB GRP:  3  0.441
2001 LEPS:  13.730 PROB GRP:  1  0.569 PROB GRP:  2  0.431 OBSERVED CAT:  1 MAXL:       -0.36 SD:        2.05 AV:        4.82 SN:  PROB GRP:  1  0.399 PROB GRP:  2  0.329 PROB GRP:  3  0.272
2002 LEPS: -50.457 PROB GRP:  1  0.752 PROB GRP:  2  0.248 OBSERVED CAT:  2 MAXL:       -1.40 SD:        2.05 AV:        4.82 SN:  PROB GRP:  1  0.600 PROB GRP:  2  0.268 PROB GRP:  3  0.133
2003 LEPS:   1.884 PROB GRP:  1  0.509 PROB GRP:  2  0.491 OBSERVED CAT:  1 MAXL:       -0.05 SD:        2.05 AV:        4.82 SN:  PROB GRP:  1  0.342 PROB GRP:  2  0.333 PROB GRP:  3  0.324
2004 LEPS: -28.055 PROB GRP:  1  0.640 PROB GRP:  2  0.360 OBSERVED CAT:  2 MAXL:       -0.74 SD:        2.05 AV:        4.82 SN:  PROB GRP:  1  0.472 PROB GRP:  2  0.313 PROB GRP:  3  0.214
2005 LEPS:  -0.824 PROB GRP:  1  0.504 PROB GRP:  2  0.496 OBSERVED CAT:  2 MAXL:       -0.02 SD:        2.05 AV:        4.82 SN:  PROB GRP:  1  0.338 PROB GRP:  2  0.333 PROB GRP:  3  0.329
2006 LEPS:  35.354 PROB GRP:  1  0.677 PROB GRP:  2  0.323 OBSERVED CAT:  1 MAXL:       -0.94 SD:        2.05 AV:        4.82 SN:  PROB GRP:  1  0.512 PROB GRP:  2  0.302 PROB GRP:  3  0.186
2007 LEPS:   1.288 PROB GRP:  1  0.494 PROB GRP:  2  0.506 OBSERVED CAT:  2 MAXL:        0.04 SD:        2.05 AV:        4.82 SN:  PROB GRP:  1  0.327 PROB GRP:  2  0.333 PROB GRP:  3  0.340
2008 LEPS:  41.906 PROB GRP:  1  0.291 PROB GRP:  2  0.709 OBSERVED CAT:  2 MAXL:        1.13 SD:        2.05 AV:        4.82 SN:  PROB GRP:  1  0.162 PROB GRP:  2  0.289 PROB GRP:  3  0.549
2009 LEPS:  -0.189 PROB GRP:  1  0.499 PROB GRP:  2  0.501 OBSERVED CAT:  1 MAXL:        0.01 SD:        2.05 AV:        4.82 SN:  PROB GRP:  1  0.332 PROB GRP:  2  0.333 PROB GRP:  3  0.335
2010 LEPS:  81.111 PROB GRP:  1  0.094 PROB GRP:  2  0.906 OBSERVED CAT:  2 MAXL:        2.69 SD:        2.05 AV:        4.82 SN:  PROB GRP:  1  0.040 PROB GRP:  2  0.148 PROB GRP:  3  0.812
2011 LEPS:  41.496 PROB GRP:  1  0.293 PROB GRP:  2  0.707 OBSERVED CAT:  2 MAXL:        1.12 SD:        2.05 AV:        4.82 SN:  PROB GRP:  1  0.164 PROB GRP:  2  0.290 PROB GRP:  3  0.546
2012 LEPS:   5.730 PROB GRP:  1  0.529 PROB GRP:  2  0.471 OBSERVED CAT:  1 MAXL:       -0.15 SD:        2.05 AV:        4.82 SN:  PROB GRP:  1  0.360 PROB GRP:  2  0.332 PROB GRP:  3  0.307
2013 LEPS: -14.790 PROB GRP:  1  0.426 PROB GRP:  2  0.574 OBSERVED CAT:  1 MAXL:        0.38 SD:        2.05 AV:        4.82 SN:  PROB GRP:  1  0.268 PROB GRP:  2  0.328 PROB GRP:  3  0.404
2014 LEPS:  27.312 PROB GRP:  1  0.636 PROB GRP:  2  0.364 OBSERVED CAT:  1 MAXL:       -0.72 SD:        2.05 AV:        4.82 SN:  PROB GRP:  1  0.468 PROB GRP:  2  0.315 PROB GRP:  3  0.217
2015 LEPS:  57.566 PROB GRP:  1  0.788 PROB GRP:  2  0.212 OBSERVED CAT:  1 MAXL:       -1.64 SD:        2.05 AV:        4.82 SN:  PROB GRP:  1  0.644 PROB GRP:  2  0.247 PROB GRP:  3  0.109
2016 LEPS:  39.422 PROB GRP:  1  0.303 PROB GRP:  2  0.697 OBSERVED CAT:  2 MAXL:        1.06 SD:        2.05 AV:        4.82 SN:  PROB GRP:  1  0.172 PROB GRP:  2  0.294 PROB GRP:  3  0.534
2017 LEPS:  32.651 PROB GRP:  1  0.337 PROB GRP:  2  0.663 OBSERVED CAT:  2 MAXL:        0.86 SD:        2.05 AV:        4.82 SN:  PROB GRP:  1  0.197 PROB GRP:  2  0.307 PROB GRP:  3  0.497
2018 LEPS:  19.530 PROB GRP:  1  0.598 PROB GRP:  2  0.402 OBSERVED CAT:  1 MAXL:       -0.51 SD:        2.05 AV:        4.82 SN:  PROB GRP:  1  0.428 PROB GRP:  2  0.324 PROB GRP:  3  0.249
2019 LEPS:  27.765 PROB GRP:  1  0.639 PROB GRP:  2  0.361 OBSERVED CAT:  1 MAXL:       -0.73 SD:        2.05 AV:        4.82 SN:  PROB GRP:  1  0.471 PROB GRP:  2  0.314 PROB GRP:  3  0.215
2020 LEPS: -32.415 PROB GRP:  1  0.338 PROB GRP:  2  0.662 OBSERVED CAT:  1 MAXL:        0.86 SD:        2.05 AV:        4.82 SN:  PROB GRP:  1  0.198 PROB GRP:  2  0.307 PROB GRP:  3  0.495
2021 LEPS:   0.000 PROB GRP:  1  0.321 PROB GRP:  2  0.679 OBSERVED CAT:  0 MAXL:        0.96 SD:        2.05 AV:        4.82 SN:  PROB GRP:  1  0.185 PROB GRP:  2  0.301 PROB GRP:  3  0.515
