 PREDICTAND GROUPS BY YEAR
197019711972197319741975197619771978197919801981198219831984198519861987198819891990199119921993199419951996199719981999200020012002200320042005200620072008200920102011201220132014201520162017201820192020
  2.  1.  2.  2.  2.  2.  1.  1.  1.  2.  2.  2.  2.  2.  2.  2.  1.  1.  2.  2.  1.  1.  1.  2.  1.  2.  2.  1.  2.  2.  2.  1.  1.  2.  2.  2.  1.  2.  1.  1.  1.  1.  1.  1.  1.  1.  1.  2.  1.  1.  1.
 TERCILE BOUNDARIES:    5.0000000       8.0000000      MEDIAN:    6.0000000    

FCST PERIOD: 1970 TO 2020

PREDICTOR BASE MONTH : 07
GROUP DATA BASE MONTH: 07

PREDICTAND - STATION:   1
1970 LEPS:  11.686 PROB GRP:  1  0.442 PROB GRP:  2  0.558 OBSERVED CAT:  2 MAXL:        0.37 SD:        2.48 AV:        6.63 SN:  PROB GRP:  1  0.281 PROB GRP:  2  0.330 PROB GRP:  3  0.389
1971 LEPS: -35.564 PROB GRP:  1  0.322 PROB GRP:  2  0.678 OBSERVED CAT:  1 MAXL:        1.15 SD:        2.48 AV:        6.63 SN:  PROB GRP:  1  0.186 PROB GRP:  2  0.301 PROB GRP:  3  0.513
1972 LEPS: -43.499 PROB GRP:  1  0.718 PROB GRP:  2  0.282 OBSERVED CAT:  2 MAXL:       -1.43 SD:        2.48 AV:        6.63 SN:  PROB GRP:  1  0.558 PROB GRP:  2  0.285 PROB GRP:  3  0.157
1973 LEPS:  28.765 PROB GRP:  1  0.356 PROB GRP:  2  0.644 OBSERVED CAT:  2 MAXL:        0.92 SD:        2.48 AV:        6.63 SN:  PROB GRP:  1  0.212 PROB GRP:  2  0.313 PROB GRP:  3  0.476
1974 LEPS:  27.988 PROB GRP:  1  0.360 PROB GRP:  2  0.640 OBSERVED CAT:  2 MAXL:        0.89 SD:        2.48 AV:        6.63 SN:  PROB GRP:  1  0.215 PROB GRP:  2  0.314 PROB GRP:  3  0.472
1975 LEPS:  51.553 PROB GRP:  1  0.242 PROB GRP:  2  0.758 OBSERVED CAT:  2 MAXL:        1.74 SD:        2.48 AV:        6.63 SN:  PROB GRP:  1  0.129 PROB GRP:  2  0.265 PROB GRP:  3  0.606
1976 LEPS:  31.187 PROB GRP:  1  0.656 PROB GRP:  2  0.344 OBSERVED CAT:  1 MAXL:       -1.00 SD:        2.48 AV:        6.63 SN:  PROB GRP:  1  0.489 PROB GRP:  2  0.309 PROB GRP:  3  0.202
1977 LEPS:  29.880 PROB GRP:  1  0.649 PROB GRP:  2  0.351 OBSERVED CAT:  1 MAXL:       -0.96 SD:        2.48 AV:        6.63 SN:  PROB GRP:  1  0.482 PROB GRP:  2  0.311 PROB GRP:  3  0.207
1978 LEPS:  -9.792 PROB GRP:  1  0.451 PROB GRP:  2  0.549 OBSERVED CAT:  1 MAXL:        0.31 SD:        2.48 AV:        6.63 SN:  PROB GRP:  1  0.289 PROB GRP:  2  0.331 PROB GRP:  3  0.380
1979 LEPS: -10.390 PROB GRP:  1  0.552 PROB GRP:  2  0.448 OBSERVED CAT:  2 MAXL:       -0.33 SD:        2.48 AV:        6.63 SN:  PROB GRP:  1  0.383 PROB GRP:  2  0.331 PROB GRP:  3  0.287
1980 LEPS:  -4.057 PROB GRP:  1  0.520 PROB GRP:  2  0.480 OBSERVED CAT:  2 MAXL:       -0.13 SD:        2.48 AV:        6.63 SN:  PROB GRP:  1  0.353 PROB GRP:  2  0.333 PROB GRP:  3  0.314
1981 LEPS:  21.507 PROB GRP:  1  0.393 PROB GRP:  2  0.607 OBSERVED CAT:  2 MAXL:        0.68 SD:        2.48 AV:        6.63 SN:  PROB GRP:  1  0.241 PROB GRP:  2  0.322 PROB GRP:  3  0.438
1982 LEPS: -67.208 PROB GRP:  1  0.836 PROB GRP:  2  0.164 OBSERVED CAT:  2 MAXL:       -2.43 SD:        2.48 AV:        6.63 SN:  PROB GRP:  1  0.708 PROB GRP:  2  0.212 PROB GRP:  3  0.079
1983 LEPS:   3.556 PROB GRP:  1  0.482 PROB GRP:  2  0.518 OBSERVED CAT:  2 MAXL:        0.11 SD:        2.48 AV:        6.63 SN:  PROB GRP:  1  0.317 PROB GRP:  2  0.333 PROB GRP:  3  0.350
1984 LEPS:   7.726 PROB GRP:  1  0.461 PROB GRP:  2  0.539 OBSERVED CAT:  2 MAXL:        0.24 SD:        2.48 AV:        6.63 SN:  PROB GRP:  1  0.298 PROB GRP:  2  0.332 PROB GRP:  3  0.370
1985 LEPS:   7.269 PROB GRP:  1  0.464 PROB GRP:  2  0.536 OBSERVED CAT:  2 MAXL:        0.23 SD:        2.48 AV:        6.63 SN:  PROB GRP:  1  0.300 PROB GRP:  2  0.332 PROB GRP:  3  0.368
1986 LEPS:   8.413 PROB GRP:  1  0.542 PROB GRP:  2  0.458 OBSERVED CAT:  1 MAXL:       -0.26 SD:        2.48 AV:        6.63 SN:  PROB GRP:  1  0.373 PROB GRP:  2  0.332 PROB GRP:  3  0.295
1987 LEPS:  35.618 PROB GRP:  1  0.678 PROB GRP:  2  0.322 OBSERVED CAT:  1 MAXL:       -1.15 SD:        2.48 AV:        6.63 SN:  PROB GRP:  1  0.513 PROB GRP:  2  0.301 PROB GRP:  3  0.186
1988 LEPS:  39.425 PROB GRP:  1  0.303 PROB GRP:  2  0.697 OBSERVED CAT:  2 MAXL:        1.28 SD:        2.48 AV:        6.63 SN:  PROB GRP:  1  0.172 PROB GRP:  2  0.294 PROB GRP:  3  0.534
1989 LEPS:   9.450 PROB GRP:  1  0.453 PROB GRP:  2  0.547 OBSERVED CAT:  2 MAXL:        0.30 SD:        2.48 AV:        6.63 SN:  PROB GRP:  1  0.291 PROB GRP:  2  0.331 PROB GRP:  3  0.378
1990 LEPS:   5.196 PROB GRP:  1  0.526 PROB GRP:  2  0.474 OBSERVED CAT:  1 MAXL:       -0.16 SD:        2.48 AV:        6.63 SN:  PROB GRP:  1  0.358 PROB GRP:  2  0.333 PROB GRP:  3  0.310
1991 LEPS:  21.662 PROB GRP:  1  0.608 PROB GRP:  2  0.392 OBSERVED CAT:  1 MAXL:       -0.69 SD:        2.48 AV:        6.63 SN:  PROB GRP:  1  0.439 PROB GRP:  2  0.322 PROB GRP:  3  0.240
1992 LEPS:   2.950 PROB GRP:  1  0.515 PROB GRP:  2  0.485 OBSERVED CAT:  1 MAXL:       -0.09 SD:        2.48 AV:        6.63 SN:  PROB GRP:  1  0.347 PROB GRP:  2  0.333 PROB GRP:  3  0.320
1993 LEPS: -32.458 PROB GRP:  1  0.662 PROB GRP:  2  0.338 OBSERVED CAT:  2 MAXL:       -1.04 SD:        2.48 AV:        6.63 SN:  PROB GRP:  1  0.496 PROB GRP:  2  0.307 PROB GRP:  3  0.197
1994 LEPS:  41.808 PROB GRP:  1  0.709 PROB GRP:  2  0.291 OBSERVED CAT:  1 MAXL:       -1.37 SD:        2.48 AV:        6.63 SN:  PROB GRP:  1  0.548 PROB GRP:  2  0.289 PROB GRP:  3  0.163
1995 LEPS:   8.908 PROB GRP:  1  0.456 PROB GRP:  2  0.544 OBSERVED CAT:  2 MAXL:        0.28 SD:        2.48 AV:        6.63 SN:  PROB GRP:  1  0.294 PROB GRP:  2  0.331 PROB GRP:  3  0.375
1996 LEPS:  17.753 PROB GRP:  1  0.411 PROB GRP:  2  0.589 OBSERVED CAT:  2 MAXL:        0.56 SD:        2.48 AV:        6.63 SN:  PROB GRP:  1  0.256 PROB GRP:  2  0.325 PROB GRP:  3  0.419
1997 LEPS:  35.839 PROB GRP:  1  0.679 PROB GRP:  2  0.321 OBSERVED CAT:  1 MAXL:       -1.16 SD:        2.48 AV:        6.63 SN:  PROB GRP:  1  0.514 PROB GRP:  2  0.301 PROB GRP:  3  0.185
1998 LEPS:  31.520 PROB GRP:  1  0.342 PROB GRP:  2  0.658 OBSERVED CAT:  2 MAXL:        1.01 SD:        2.48 AV:        6.63 SN:  PROB GRP:  1  0.201 PROB GRP:  2  0.308 PROB GRP:  3  0.490
1999 LEPS:   7.360 PROB GRP:  1  0.463 PROB GRP:  2  0.537 OBSERVED CAT:  2 MAXL:        0.23 SD:        2.48 AV:        6.63 SN:  PROB GRP:  1  0.300 PROB GRP:  2  0.332 PROB GRP:  3  0.368
2000 LEPS:  11.863 PROB GRP:  1  0.441 PROB GRP:  2  0.559 OBSERVED CAT:  2 MAXL:        0.37 SD:        2.48 AV:        6.63 SN:  PROB GRP:  1  0.281 PROB GRP:  2  0.330 PROB GRP:  3  0.390
2001 LEPS:   8.322 PROB GRP:  1  0.542 PROB GRP:  2  0.458 OBSERVED CAT:  1 MAXL:       -0.26 SD:        2.48 AV:        6.63 SN:  PROB GRP:  1  0.372 PROB GRP:  2  0.332 PROB GRP:  3  0.296
2002 LEPS:  25.318 PROB GRP:  1  0.627 PROB GRP:  2  0.373 OBSERVED CAT:  1 MAXL:       -0.81 SD:        2.48 AV:        6.63 SN:  PROB GRP:  1  0.458 PROB GRP:  2  0.317 PROB GRP:  3  0.225
2003 LEPS:   0.230 PROB GRP:  1  0.499 PROB GRP:  2  0.501 OBSERVED CAT:  2 MAXL:        0.01 SD:        2.48 AV:        6.63 SN:  PROB GRP:  1  0.332 PROB GRP:  2  0.333 PROB GRP:  3  0.335
2004 LEPS: -16.096 PROB GRP:  1  0.581 PROB GRP:  2  0.419 OBSERVED CAT:  2 MAXL:       -0.51 SD:        2.48 AV:        6.63 SN:  PROB GRP:  1  0.410 PROB GRP:  2  0.327 PROB GRP:  3  0.263
2005 LEPS:  -0.734 PROB GRP:  1  0.504 PROB GRP:  2  0.496 OBSERVED CAT:  2 MAXL:       -0.03 SD:        2.48 AV:        6.63 SN:  PROB GRP:  1  0.337 PROB GRP:  2  0.333 PROB GRP:  3  0.329
2006 LEPS:  24.434 PROB GRP:  1  0.622 PROB GRP:  2  0.378 OBSERVED CAT:  1 MAXL:       -0.77 SD:        2.48 AV:        6.63 SN:  PROB GRP:  1  0.453 PROB GRP:  2  0.318 PROB GRP:  3  0.229
2007 LEPS:   0.422 PROB GRP:  1  0.498 PROB GRP:  2  0.502 OBSERVED CAT:  2 MAXL:        0.02 SD:        2.48 AV:        6.63 SN:  PROB GRP:  1  0.331 PROB GRP:  2  0.333 PROB GRP:  3  0.336
2008 LEPS: -27.210 PROB GRP:  1  0.364 PROB GRP:  2  0.636 OBSERVED CAT:  1 MAXL:        0.87 SD:        2.48 AV:        6.63 SN:  PROB GRP:  1  0.217 PROB GRP:  2  0.315 PROB GRP:  3  0.468
2009 LEPS:  -2.032 PROB GRP:  1  0.490 PROB GRP:  2  0.510 OBSERVED CAT:  1 MAXL:        0.07 SD:        2.48 AV:        6.63 SN:  PROB GRP:  1  0.323 PROB GRP:  2  0.333 PROB GRP:  3  0.343
2010 LEPS: -69.671 PROB GRP:  1  0.152 PROB GRP:  2  0.848 OBSERVED CAT:  1 MAXL:        2.56 SD:        2.48 AV:        6.63 SN:  PROB GRP:  1  0.072 PROB GRP:  2  0.202 PROB GRP:  3  0.726
2011 LEPS: -26.883 PROB GRP:  1  0.366 PROB GRP:  2  0.634 OBSERVED CAT:  1 MAXL:        0.86 SD:        2.48 AV:        6.63 SN:  PROB GRP:  1  0.219 PROB GRP:  2  0.315 PROB GRP:  3  0.466
2012 LEPS:   2.383 PROB GRP:  1  0.512 PROB GRP:  2  0.488 OBSERVED CAT:  1 MAXL:       -0.08 SD:        2.48 AV:        6.63 SN:  PROB GRP:  1  0.344 PROB GRP:  2  0.333 PROB GRP:  3  0.322
2013 LEPS: -13.071 PROB GRP:  1  0.435 PROB GRP:  2  0.565 OBSERVED CAT:  1 MAXL:        0.41 SD:        2.48 AV:        6.63 SN:  PROB GRP:  1  0.275 PROB GRP:  2  0.329 PROB GRP:  3  0.396
2014 LEPS:  18.407 PROB GRP:  1  0.592 PROB GRP:  2  0.408 OBSERVED CAT:  1 MAXL:       -0.58 SD:        2.48 AV:        6.63 SN:  PROB GRP:  1  0.422 PROB GRP:  2  0.325 PROB GRP:  3  0.253
2015 LEPS:  41.737 PROB GRP:  1  0.709 PROB GRP:  2  0.291 OBSERVED CAT:  1 MAXL:       -1.37 SD:        2.48 AV:        6.63 SN:  PROB GRP:  1  0.548 PROB GRP:  2  0.289 PROB GRP:  3  0.163
2016 LEPS: -25.254 PROB GRP:  1  0.374 PROB GRP:  2  0.626 OBSERVED CAT:  1 MAXL:        0.80 SD:        2.48 AV:        6.63 SN:  PROB GRP:  1  0.225 PROB GRP:  2  0.317 PROB GRP:  3  0.457
2017 LEPS:  17.753 PROB GRP:  1  0.411 PROB GRP:  2  0.589 OBSERVED CAT:  2 MAXL:        0.56 SD:        2.48 AV:        6.63 SN:  PROB GRP:  1  0.256 PROB GRP:  2  0.325 PROB GRP:  3  0.419
2018 LEPS:  12.622 PROB GRP:  1  0.563 PROB GRP:  2  0.437 OBSERVED CAT:  1 MAXL:       -0.40 SD:        2.48 AV:        6.63 SN:  PROB GRP:  1  0.394 PROB GRP:  2  0.329 PROB GRP:  3  0.277
2019 LEPS:  18.745 PROB GRP:  1  0.594 PROB GRP:  2  0.406 OBSERVED CAT:  1 MAXL:       -0.59 SD:        2.48 AV:        6.63 SN:  PROB GRP:  1  0.424 PROB GRP:  2  0.325 PROB GRP:  3  0.252
2020 LEPS: -26.883 PROB GRP:  1  0.366 PROB GRP:  2  0.634 OBSERVED CAT:  1 MAXL:        0.86 SD:        2.48 AV:        6.63 SN:  PROB GRP:  1  0.219 PROB GRP:  2  0.315 PROB GRP:  3  0.466
2021 LEPS:   0.000 PROB GRP:  1  0.357 PROB GRP:  2  0.643 OBSERVED CAT:  0 MAXL:        0.91 SD:        2.48 AV:        6.63 SN:  PROB GRP:  1  0.212 PROB GRP:  2  0.313 PROB GRP:  3  0.475
