 PREDICTAND GROUPS BY YEAR
197019711972197319741975197619771978197919801981198219831984198519861987198819891990199119921993199419951996199719981999200020012002200320042005200620072008200920102011201220132014201520162017201820192020
  2.  2.  2.  2.  2.  2.  2.  1.  2.  2.  1.  2.  1.  2.  2.  1.  2.  1.  1.  2.  1.  1.  1.  1.  1.  2.  1.  2.  1.  1.  2.  2.  1.  2.  2.  1.  1.  1.  1.  1.  1.  1.  1.  2.  1.  1.  2.  2.  2.  1.  1.
 TERCILE BOUNDARIES:    2.0000000       3.0000000      MEDIAN:    2.0000000    

FCST PERIOD: 1970 TO 2020

PREDICTOR BASE MONTH : 07
GROUP DATA BASE MONTH: 07

PREDICTAND - STATION:   1
1970 LEPS:   8.076 PROB GRP:  1  0.460 PROB GRP:  2  0.540 OBSERVED CAT:  2 MAXL:        0.14 SD:        1.34 AV:        2.63 SN:  PROB GRP:  1  0.297 PROB GRP:  2  0.332 PROB GRP:  3  0.371
1971 LEPS:  20.004 PROB GRP:  1  0.400 PROB GRP:  2  0.600 OBSERVED CAT:  2 MAXL:        0.34 SD:        1.34 AV:        2.63 SN:  PROB GRP:  1  0.246 PROB GRP:  2  0.323 PROB GRP:  3  0.430
1972 LEPS: -32.942 PROB GRP:  1  0.665 PROB GRP:  2  0.335 OBSERVED CAT:  2 MAXL:       -0.57 SD:        1.34 AV:        2.63 SN:  PROB GRP:  1  0.498 PROB GRP:  2  0.306 PROB GRP:  3  0.196
1973 LEPS:  19.743 PROB GRP:  1  0.401 PROB GRP:  2  0.599 OBSERVED CAT:  2 MAXL:        0.34 SD:        1.34 AV:        2.63 SN:  PROB GRP:  1  0.248 PROB GRP:  2  0.324 PROB GRP:  3  0.429
1974 LEPS:  19.217 PROB GRP:  1  0.404 PROB GRP:  2  0.596 OBSERVED CAT:  2 MAXL:        0.33 SD:        1.34 AV:        2.63 SN:  PROB GRP:  1  0.250 PROB GRP:  2  0.324 PROB GRP:  3  0.426
1975 LEPS:  35.087 PROB GRP:  1  0.325 PROB GRP:  2  0.675 OBSERVED CAT:  2 MAXL:        0.61 SD:        1.34 AV:        2.63 SN:  PROB GRP:  1  0.188 PROB GRP:  2  0.302 PROB GRP:  3  0.510
1976 LEPS: -28.941 PROB GRP:  1  0.645 PROB GRP:  2  0.355 OBSERVED CAT:  2 MAXL:       -0.50 SD:        1.34 AV:        2.63 SN:  PROB GRP:  1  0.477 PROB GRP:  2  0.312 PROB GRP:  3  0.211
1977 LEPS:  20.888 PROB GRP:  1  0.604 PROB GRP:  2  0.396 OBSERVED CAT:  1 MAXL:       -0.36 SD:        1.34 AV:        2.63 SN:  PROB GRP:  1  0.435 PROB GRP:  2  0.322 PROB GRP:  3  0.243
1978 LEPS:   6.213 PROB GRP:  1  0.469 PROB GRP:  2  0.531 OBSERVED CAT:  2 MAXL:        0.11 SD:        1.34 AV:        2.63 SN:  PROB GRP:  1  0.305 PROB GRP:  2  0.332 PROB GRP:  3  0.362
1979 LEPS:  -7.523 PROB GRP:  1  0.538 PROB GRP:  2  0.462 OBSERVED CAT:  2 MAXL:       -0.13 SD:        1.34 AV:        2.63 SN:  PROB GRP:  1  0.369 PROB GRP:  2  0.332 PROB GRP:  3  0.299
1980 LEPS:   2.750 PROB GRP:  1  0.514 PROB GRP:  2  0.486 OBSERVED CAT:  1 MAXL:       -0.05 SD:        1.34 AV:        2.63 SN:  PROB GRP:  1  0.347 PROB GRP:  2  0.333 PROB GRP:  3  0.320
1981 LEPS:  14.815 PROB GRP:  1  0.426 PROB GRP:  2  0.574 OBSERVED CAT:  2 MAXL:        0.25 SD:        1.34 AV:        2.63 SN:  PROB GRP:  1  0.268 PROB GRP:  2  0.328 PROB GRP:  3  0.404
1982 LEPS:  34.918 PROB GRP:  1  0.675 PROB GRP:  2  0.325 OBSERVED CAT:  1 MAXL:       -0.61 SD:        1.34 AV:        2.63 SN:  PROB GRP:  1  0.509 PROB GRP:  2  0.303 PROB GRP:  3  0.188
1983 LEPS:   2.415 PROB GRP:  1  0.488 PROB GRP:  2  0.512 OBSERVED CAT:  2 MAXL:        0.04 SD:        1.34 AV:        2.63 SN:  PROB GRP:  1  0.322 PROB GRP:  2  0.333 PROB GRP:  3  0.345
1984 LEPS:   5.329 PROB GRP:  1  0.473 PROB GRP:  2  0.527 OBSERVED CAT:  2 MAXL:        0.09 SD:        1.34 AV:        2.63 SN:  PROB GRP:  1  0.309 PROB GRP:  2  0.333 PROB GRP:  3  0.359
1985 LEPS:  -5.411 PROB GRP:  1  0.473 PROB GRP:  2  0.527 OBSERVED CAT:  1 MAXL:        0.09 SD:        1.34 AV:        2.63 SN:  PROB GRP:  1  0.308 PROB GRP:  2  0.333 PROB GRP:  3  0.359
1986 LEPS:  -6.637 PROB GRP:  1  0.533 PROB GRP:  2  0.467 OBSERVED CAT:  2 MAXL:       -0.11 SD:        1.34 AV:        2.63 SN:  PROB GRP:  1  0.365 PROB GRP:  2  0.332 PROB GRP:  3  0.303
1987 LEPS:  24.867 PROB GRP:  1  0.624 PROB GRP:  2  0.376 OBSERVED CAT:  1 MAXL:       -0.43 SD:        1.34 AV:        2.63 SN:  PROB GRP:  1  0.455 PROB GRP:  2  0.318 PROB GRP:  3  0.227
1988 LEPS: -38.304 PROB GRP:  1  0.308 PROB GRP:  2  0.692 OBSERVED CAT:  1 MAXL:        0.67 SD:        1.34 AV:        2.63 SN:  PROB GRP:  1  0.176 PROB GRP:  2  0.296 PROB GRP:  3  0.528
1989 LEPS:   6.527 PROB GRP:  1  0.467 PROB GRP:  2  0.533 OBSERVED CAT:  2 MAXL:        0.11 SD:        1.34 AV:        2.63 SN:  PROB GRP:  1  0.304 PROB GRP:  2  0.332 PROB GRP:  3  0.364
1990 LEPS:   3.793 PROB GRP:  1  0.519 PROB GRP:  2  0.481 OBSERVED CAT:  1 MAXL:       -0.07 SD:        1.34 AV:        2.63 SN:  PROB GRP:  1  0.351 PROB GRP:  2  0.333 PROB GRP:  3  0.316
1991 LEPS:  15.208 PROB GRP:  1  0.576 PROB GRP:  2  0.424 OBSERVED CAT:  1 MAXL:       -0.26 SD:        1.34 AV:        2.63 SN:  PROB GRP:  1  0.406 PROB GRP:  2  0.328 PROB GRP:  3  0.266
1992 LEPS:   2.223 PROB GRP:  1  0.511 PROB GRP:  2  0.489 OBSERVED CAT:  1 MAXL:       -0.04 SD:        1.34 AV:        2.63 SN:  PROB GRP:  1  0.344 PROB GRP:  2  0.333 PROB GRP:  3  0.323
1993 LEPS:  18.834 PROB GRP:  1  0.594 PROB GRP:  2  0.406 OBSERVED CAT:  1 MAXL:       -0.32 SD:        1.34 AV:        2.63 SN:  PROB GRP:  1  0.424 PROB GRP:  2  0.324 PROB GRP:  3  0.251
1994 LEPS:  29.188 PROB GRP:  1  0.646 PROB GRP:  2  0.354 OBSERVED CAT:  1 MAXL:       -0.50 SD:        1.34 AV:        2.63 SN:  PROB GRP:  1  0.478 PROB GRP:  2  0.312 PROB GRP:  3  0.210
1995 LEPS:   6.151 PROB GRP:  1  0.469 PROB GRP:  2  0.531 OBSERVED CAT:  2 MAXL:        0.11 SD:        1.34 AV:        2.63 SN:  PROB GRP:  1  0.305 PROB GRP:  2  0.332 PROB GRP:  3  0.362
1996 LEPS: -14.321 PROB GRP:  1  0.428 PROB GRP:  2  0.572 OBSERVED CAT:  1 MAXL:        0.24 SD:        1.34 AV:        2.63 SN:  PROB GRP:  1  0.270 PROB GRP:  2  0.328 PROB GRP:  3  0.402
1997 LEPS: -34.607 PROB GRP:  1  0.673 PROB GRP:  2  0.327 OBSERVED CAT:  2 MAXL:       -0.60 SD:        1.34 AV:        2.63 SN:  PROB GRP:  1  0.508 PROB GRP:  2  0.303 PROB GRP:  3  0.189
1998 LEPS: -28.579 PROB GRP:  1  0.357 PROB GRP:  2  0.643 OBSERVED CAT:  1 MAXL:        0.49 SD:        1.34 AV:        2.63 SN:  PROB GRP:  1  0.212 PROB GRP:  2  0.313 PROB GRP:  3  0.475
1999 LEPS:  -5.483 PROB GRP:  1  0.472 PROB GRP:  2  0.528 OBSERVED CAT:  1 MAXL:        0.09 SD:        1.34 AV:        2.63 SN:  PROB GRP:  1  0.308 PROB GRP:  2  0.333 PROB GRP:  3  0.359
2000 LEPS:   8.198 PROB GRP:  1  0.459 PROB GRP:  2  0.541 OBSERVED CAT:  2 MAXL:        0.14 SD:        1.34 AV:        2.63 SN:  PROB GRP:  1  0.296 PROB GRP:  2  0.332 PROB GRP:  3  0.372
2001 LEPS:  -6.564 PROB GRP:  1  0.533 PROB GRP:  2  0.467 OBSERVED CAT:  2 MAXL:       -0.11 SD:        1.34 AV:        2.63 SN:  PROB GRP:  1  0.364 PROB GRP:  2  0.332 PROB GRP:  3  0.303
2002 LEPS:  17.734 PROB GRP:  1  0.589 PROB GRP:  2  0.411 OBSERVED CAT:  1 MAXL:       -0.30 SD:        1.34 AV:        2.63 SN:  PROB GRP:  1  0.419 PROB GRP:  2  0.325 PROB GRP:  3  0.256
2003 LEPS:   0.073 PROB GRP:  1  0.500 PROB GRP:  2  0.500 OBSERVED CAT:  2 MAXL:        0.00 SD:        1.34 AV:        2.63 SN:  PROB GRP:  1  0.333 PROB GRP:  2  0.333 PROB GRP:  3  0.333
2004 LEPS: -11.692 PROB GRP:  1  0.559 PROB GRP:  2  0.441 OBSERVED CAT:  2 MAXL:       -0.20 SD:        1.34 AV:        2.63 SN:  PROB GRP:  1  0.389 PROB GRP:  2  0.330 PROB GRP:  3  0.281
2005 LEPS:   0.491 PROB GRP:  1  0.502 PROB GRP:  2  0.498 OBSERVED CAT:  1 MAXL:       -0.01 SD:        1.34 AV:        2.63 SN:  PROB GRP:  1  0.336 PROB GRP:  2  0.333 PROB GRP:  3  0.331
2006 LEPS:  17.123 PROB GRP:  1  0.586 PROB GRP:  2  0.414 OBSERVED CAT:  1 MAXL:       -0.29 SD:        1.34 AV:        2.63 SN:  PROB GRP:  1  0.415 PROB GRP:  2  0.326 PROB GRP:  3  0.259
2007 LEPS:  -0.319 PROB GRP:  1  0.498 PROB GRP:  2  0.502 OBSERVED CAT:  1 MAXL:        0.01 SD:        1.34 AV:        2.63 SN:  PROB GRP:  1  0.331 PROB GRP:  2  0.333 PROB GRP:  3  0.336
2008 LEPS: -19.519 PROB GRP:  1  0.402 PROB GRP:  2  0.598 OBSERVED CAT:  1 MAXL:        0.33 SD:        1.34 AV:        2.63 SN:  PROB GRP:  1  0.249 PROB GRP:  2  0.324 PROB GRP:  3  0.428
2009 LEPS:  -1.275 PROB GRP:  1  0.494 PROB GRP:  2  0.506 OBSERVED CAT:  1 MAXL:        0.02 SD:        1.34 AV:        2.63 SN:  PROB GRP:  1  0.327 PROB GRP:  2  0.333 PROB GRP:  3  0.340
2010 LEPS: -55.270 PROB GRP:  1  0.224 PROB GRP:  2  0.776 OBSERVED CAT:  1 MAXL:        1.02 SD:        1.34 AV:        2.63 SN:  PROB GRP:  1  0.117 PROB GRP:  2  0.254 PROB GRP:  3  0.630
2011 LEPS: -19.274 PROB GRP:  1  0.404 PROB GRP:  2  0.596 OBSERVED CAT:  1 MAXL:        0.33 SD:        1.34 AV:        2.63 SN:  PROB GRP:  1  0.249 PROB GRP:  2  0.324 PROB GRP:  3  0.426
2012 LEPS:   1.827 PROB GRP:  1  0.509 PROB GRP:  2  0.491 OBSERVED CAT:  1 MAXL:       -0.03 SD:        1.34 AV:        2.63 SN:  PROB GRP:  1  0.342 PROB GRP:  2  0.333 PROB GRP:  3  0.324
2013 LEPS:   8.198 PROB GRP:  1  0.459 PROB GRP:  2  0.541 OBSERVED CAT:  2 MAXL:        0.14 SD:        1.34 AV:        2.63 SN:  PROB GRP:  1  0.296 PROB GRP:  2  0.332 PROB GRP:  3  0.372
2014 LEPS:  12.959 PROB GRP:  1  0.565 PROB GRP:  2  0.435 OBSERVED CAT:  1 MAXL:       -0.22 SD:        1.34 AV:        2.63 SN:  PROB GRP:  1  0.395 PROB GRP:  2  0.329 PROB GRP:  3  0.276
2015 LEPS:  29.139 PROB GRP:  1  0.646 PROB GRP:  2  0.354 OBSERVED CAT:  1 MAXL:       -0.50 SD:        1.34 AV:        2.63 SN:  PROB GRP:  1  0.478 PROB GRP:  2  0.312 PROB GRP:  3  0.210
2016 LEPS:  14.927 PROB GRP:  1  0.425 PROB GRP:  2  0.575 OBSERVED CAT:  2 MAXL:        0.25 SD:        1.34 AV:        2.63 SN:  PROB GRP:  1  0.268 PROB GRP:  2  0.328 PROB GRP:  3  0.404
2017 LEPS:  12.250 PROB GRP:  1  0.439 PROB GRP:  2  0.561 OBSERVED CAT:  2 MAXL:        0.21 SD:        1.34 AV:        2.63 SN:  PROB GRP:  1  0.279 PROB GRP:  2  0.330 PROB GRP:  3  0.391
2018 LEPS: -10.155 PROB GRP:  1  0.551 PROB GRP:  2  0.449 OBSERVED CAT:  2 MAXL:       -0.17 SD:        1.34 AV:        2.63 SN:  PROB GRP:  1  0.382 PROB GRP:  2  0.331 PROB GRP:  3  0.288
2019 LEPS:  13.193 PROB GRP:  1  0.566 PROB GRP:  2  0.434 OBSERVED CAT:  1 MAXL:       -0.22 SD:        1.34 AV:        2.63 SN:  PROB GRP:  1  0.396 PROB GRP:  2  0.329 PROB GRP:  3  0.275
2020 LEPS: -19.274 PROB GRP:  1  0.404 PROB GRP:  2  0.596 OBSERVED CAT:  1 MAXL:        0.33 SD:        1.34 AV:        2.63 SN:  PROB GRP:  1  0.249 PROB GRP:  2  0.324 PROB GRP:  3  0.426
2021 LEPS:   0.000 PROB GRP:  1  0.398 PROB GRP:  2  0.602 OBSERVED CAT:  0 MAXL:        0.35 SD:        1.34 AV:        2.63 SN:  PROB GRP:  1  0.245 PROB GRP:  2  0.323 PROB GRP:  3  0.432
