 PREDICTAND GROUPS BY YEAR
197019711972197319741975197619771978197919801981198219831984198519861987198819891990199119921993199419951996199719981999200020012002200320042005200620072008200920102011201220132014201520162017201820192020
  2.  2.  1.  2.  1.  2.  2.  1.  1.  1.  1.  2.  1.  2.  2.  2.  2.  1.  2.  1.  1.  2.  2.  1.  1.  2.  2.  2.  2.  1.  1.  1.  1.  1.  1.  2.  1.  1.  1.  1.  1.  1.  2.  2.  1.  1.  1.  1.  2.  1.  1.
 TERCILE BOUNDARIES:    3.0000000       5.0000000      MEDIAN:    4.0000000    

FCST PERIOD: 1970 TO 2020

PREDICTOR BASE MONTH : 07
GROUP DATA BASE MONTH: 07

PREDICTAND - STATION:   1
1970 LEPS:  10.616 PROB GRP:  1  0.447 PROB GRP:  2  0.553 OBSERVED CAT:  2 MAXL:        0.26 SD:        1.95 AV:        4.37 SN:  PROB GRP:  1  0.286 PROB GRP:  2  0.330 PROB GRP:  3  0.384
1971 LEPS:  27.921 PROB GRP:  1  0.360 PROB GRP:  2  0.640 OBSERVED CAT:  2 MAXL:        0.70 SD:        1.95 AV:        4.37 SN:  PROB GRP:  1  0.215 PROB GRP:  2  0.314 PROB GRP:  3  0.471
1972 LEPS:  35.756 PROB GRP:  1  0.679 PROB GRP:  2  0.321 OBSERVED CAT:  1 MAXL:       -0.91 SD:        1.95 AV:        4.37 SN:  PROB GRP:  1  0.514 PROB GRP:  2  0.301 PROB GRP:  3  0.185
1973 LEPS:  27.543 PROB GRP:  1  0.362 PROB GRP:  2  0.638 OBSERVED CAT:  2 MAXL:        0.69 SD:        1.95 AV:        4.37 SN:  PROB GRP:  1  0.216 PROB GRP:  2  0.314 PROB GRP:  3  0.470
1974 LEPS: -32.088 PROB GRP:  1  0.339 PROB GRP:  2  0.661 OBSERVED CAT:  1 MAXL:        0.81 SD:        1.95 AV:        4.37 SN:  PROB GRP:  1  0.199 PROB GRP:  2  0.307 PROB GRP:  3  0.494
1975 LEPS:  49.410 PROB GRP:  1  0.253 PROB GRP:  2  0.747 OBSERVED CAT:  2 MAXL:        1.30 SD:        1.95 AV:        4.37 SN:  PROB GRP:  1  0.136 PROB GRP:  2  0.270 PROB GRP:  3  0.593
1976 LEPS: -40.874 PROB GRP:  1  0.704 PROB GRP:  2  0.296 OBSERVED CAT:  2 MAXL:       -1.05 SD:        1.95 AV:        4.37 SN:  PROB GRP:  1  0.543 PROB GRP:  2  0.291 PROB GRP:  3  0.166
1977 LEPS:  31.052 PROB GRP:  1  0.655 PROB GRP:  2  0.345 OBSERVED CAT:  1 MAXL:       -0.78 SD:        1.95 AV:        4.37 SN:  PROB GRP:  1  0.488 PROB GRP:  2  0.309 PROB GRP:  3  0.203
1978 LEPS:  -8.494 PROB GRP:  1  0.457 PROB GRP:  2  0.543 OBSERVED CAT:  1 MAXL:        0.21 SD:        1.95 AV:        4.37 SN:  PROB GRP:  1  0.295 PROB GRP:  2  0.331 PROB GRP:  3  0.374
1979 LEPS:  10.574 PROB GRP:  1  0.553 PROB GRP:  2  0.447 OBSERVED CAT:  1 MAXL:       -0.26 SD:        1.95 AV:        4.37 SN:  PROB GRP:  1  0.383 PROB GRP:  2  0.331 PROB GRP:  3  0.286
1980 LEPS:   4.817 PROB GRP:  1  0.524 PROB GRP:  2  0.476 OBSERVED CAT:  1 MAXL:       -0.12 SD:        1.95 AV:        4.37 SN:  PROB GRP:  1  0.356 PROB GRP:  2  0.333 PROB GRP:  3  0.311
1981 LEPS:  20.403 PROB GRP:  1  0.398 PROB GRP:  2  0.602 OBSERVED CAT:  2 MAXL:        0.51 SD:        1.95 AV:        4.37 SN:  PROB GRP:  1  0.245 PROB GRP:  2  0.323 PROB GRP:  3  0.432
1982 LEPS:  51.562 PROB GRP:  1  0.758 PROB GRP:  2  0.242 OBSERVED CAT:  1 MAXL:       -1.37 SD:        1.95 AV:        4.37 SN:  PROB GRP:  1  0.606 PROB GRP:  2  0.265 PROB GRP:  3  0.129
1983 LEPS:   2.419 PROB GRP:  1  0.488 PROB GRP:  2  0.512 OBSERVED CAT:  2 MAXL:        0.06 SD:        1.95 AV:        4.37 SN:  PROB GRP:  1  0.322 PROB GRP:  2  0.333 PROB GRP:  3  0.345
1984 LEPS:   6.633 PROB GRP:  1  0.467 PROB GRP:  2  0.533 OBSERVED CAT:  2 MAXL:        0.16 SD:        1.95 AV:        4.37 SN:  PROB GRP:  1  0.303 PROB GRP:  2  0.332 PROB GRP:  3  0.364
1985 LEPS:   6.172 PROB GRP:  1  0.469 PROB GRP:  2  0.531 OBSERVED CAT:  2 MAXL:        0.15 SD:        1.95 AV:        4.37 SN:  PROB GRP:  1  0.305 PROB GRP:  2  0.332 PROB GRP:  3  0.362
1986 LEPS: -10.550 PROB GRP:  1  0.553 PROB GRP:  2  0.447 OBSERVED CAT:  2 MAXL:       -0.26 SD:        1.95 AV:        4.37 SN:  PROB GRP:  1  0.383 PROB GRP:  2  0.331 PROB GRP:  3  0.286
1987 LEPS:  36.890 PROB GRP:  1  0.684 PROB GRP:  2  0.316 OBSERVED CAT:  1 MAXL:       -0.94 SD:        1.95 AV:        4.37 SN:  PROB GRP:  1  0.520 PROB GRP:  2  0.299 PROB GRP:  3  0.181
1988 LEPS:  37.875 PROB GRP:  1  0.311 PROB GRP:  2  0.689 OBSERVED CAT:  2 MAXL:        0.97 SD:        1.95 AV:        4.37 SN:  PROB GRP:  1  0.177 PROB GRP:  2  0.297 PROB GRP:  3  0.526
1989 LEPS:  -8.993 PROB GRP:  1  0.455 PROB GRP:  2  0.545 OBSERVED CAT:  1 MAXL:        0.22 SD:        1.95 AV:        4.37 SN:  PROB GRP:  1  0.293 PROB GRP:  2  0.331 PROB GRP:  3  0.376
1990 LEPS:   6.298 PROB GRP:  1  0.531 PROB GRP:  2  0.469 OBSERVED CAT:  1 MAXL:       -0.16 SD:        1.95 AV:        4.37 SN:  PROB GRP:  1  0.363 PROB GRP:  2  0.332 PROB GRP:  3  0.305
1991 LEPS: -27.168 PROB GRP:  1  0.636 PROB GRP:  2  0.364 OBSERVED CAT:  2 MAXL:       -0.68 SD:        1.95 AV:        4.37 SN:  PROB GRP:  1  0.467 PROB GRP:  2  0.315 PROB GRP:  3  0.218
1992 LEPS:  -4.520 PROB GRP:  1  0.523 PROB GRP:  2  0.477 OBSERVED CAT:  2 MAXL:       -0.11 SD:        1.95 AV:        4.37 SN:  PROB GRP:  1  0.355 PROB GRP:  2  0.333 PROB GRP:  3  0.312
1993 LEPS:  28.042 PROB GRP:  1  0.640 PROB GRP:  2  0.360 OBSERVED CAT:  1 MAXL:       -0.70 SD:        1.95 AV:        4.37 SN:  PROB GRP:  1  0.472 PROB GRP:  2  0.314 PROB GRP:  3  0.215
1994 LEPS:  43.225 PROB GRP:  1  0.716 PROB GRP:  2  0.284 OBSERVED CAT:  1 MAXL:       -1.12 SD:        1.95 AV:        4.37 SN:  PROB GRP:  1  0.556 PROB GRP:  2  0.286 PROB GRP:  3  0.158
1995 LEPS:   7.824 PROB GRP:  1  0.461 PROB GRP:  2  0.539 OBSERVED CAT:  2 MAXL:        0.19 SD:        1.95 AV:        4.37 SN:  PROB GRP:  1  0.298 PROB GRP:  2  0.332 PROB GRP:  3  0.370
1996 LEPS:  16.678 PROB GRP:  1  0.417 PROB GRP:  2  0.583 OBSERVED CAT:  2 MAXL:        0.41 SD:        1.95 AV:        4.37 SN:  PROB GRP:  1  0.260 PROB GRP:  2  0.326 PROB GRP:  3  0.413
1997 LEPS: -48.010 PROB GRP:  1  0.740 PROB GRP:  2  0.260 OBSERVED CAT:  2 MAXL:       -1.26 SD:        1.95 AV:        4.37 SN:  PROB GRP:  1  0.585 PROB GRP:  2  0.274 PROB GRP:  3  0.141
1998 LEPS:  30.231 PROB GRP:  1  0.349 PROB GRP:  2  0.651 OBSERVED CAT:  2 MAXL:        0.76 SD:        1.95 AV:        4.37 SN:  PROB GRP:  1  0.206 PROB GRP:  2  0.310 PROB GRP:  3  0.484
1999 LEPS:  -6.704 PROB GRP:  1  0.466 PROB GRP:  2  0.534 OBSERVED CAT:  1 MAXL:        0.17 SD:        1.95 AV:        4.37 SN:  PROB GRP:  1  0.303 PROB GRP:  2  0.332 PROB GRP:  3  0.365
2000 LEPS: -11.712 PROB GRP:  1  0.441 PROB GRP:  2  0.559 OBSERVED CAT:  1 MAXL:        0.29 SD:        1.95 AV:        4.37 SN:  PROB GRP:  1  0.281 PROB GRP:  2  0.330 PROB GRP:  3  0.389
2001 LEPS:   9.403 PROB GRP:  1  0.547 PROB GRP:  2  0.453 OBSERVED CAT:  1 MAXL:       -0.23 SD:        1.95 AV:        4.37 SN:  PROB GRP:  1  0.378 PROB GRP:  2  0.331 PROB GRP:  3  0.291
2002 LEPS:  26.433 PROB GRP:  1  0.632 PROB GRP:  2  0.368 OBSERVED CAT:  1 MAXL:       -0.66 SD:        1.95 AV:        4.37 SN:  PROB GRP:  1  0.463 PROB GRP:  2  0.316 PROB GRP:  3  0.221
2003 LEPS:   0.677 PROB GRP:  1  0.503 PROB GRP:  2  0.497 OBSERVED CAT:  1 MAXL:       -0.02 SD:        1.95 AV:        4.37 SN:  PROB GRP:  1  0.337 PROB GRP:  2  0.333 PROB GRP:  3  0.330
2004 LEPS:  15.438 PROB GRP:  1  0.577 PROB GRP:  2  0.423 OBSERVED CAT:  1 MAXL:       -0.38 SD:        1.95 AV:        4.37 SN:  PROB GRP:  1  0.407 PROB GRP:  2  0.327 PROB GRP:  3  0.265
2005 LEPS:  -1.938 PROB GRP:  1  0.510 PROB GRP:  2  0.490 OBSERVED CAT:  2 MAXL:       -0.05 SD:        1.95 AV:        4.37 SN:  PROB GRP:  1  0.343 PROB GRP:  2  0.333 PROB GRP:  3  0.324
2006 LEPS:  25.541 PROB GRP:  1  0.628 PROB GRP:  2  0.372 OBSERVED CAT:  1 MAXL:       -0.64 SD:        1.95 AV:        4.37 SN:  PROB GRP:  1  0.459 PROB GRP:  2  0.317 PROB GRP:  3  0.224
2007 LEPS:   0.487 PROB GRP:  1  0.502 PROB GRP:  2  0.498 OBSERVED CAT:  1 MAXL:       -0.02 SD:        1.95 AV:        4.37 SN:  PROB GRP:  1  0.336 PROB GRP:  2  0.333 PROB GRP:  3  0.331
2008 LEPS: -25.548 PROB GRP:  1  0.372 PROB GRP:  2  0.628 OBSERVED CAT:  1 MAXL:        0.64 SD:        1.95 AV:        4.37 SN:  PROB GRP:  1  0.224 PROB GRP:  2  0.317 PROB GRP:  3  0.459
2009 LEPS:  -0.853 PROB GRP:  1  0.496 PROB GRP:  2  0.504 OBSERVED CAT:  1 MAXL:        0.02 SD:        1.95 AV:        4.37 SN:  PROB GRP:  1  0.329 PROB GRP:  2  0.333 PROB GRP:  3  0.338
2010 LEPS: -67.315 PROB GRP:  1  0.163 PROB GRP:  2  0.837 OBSERVED CAT:  1 MAXL:        1.92 SD:        1.95 AV:        4.37 SN:  PROB GRP:  1  0.079 PROB GRP:  2  0.212 PROB GRP:  3  0.709
2011 LEPS: -25.229 PROB GRP:  1  0.374 PROB GRP:  2  0.626 OBSERVED CAT:  1 MAXL:        0.63 SD:        1.95 AV:        4.37 SN:  PROB GRP:  1  0.225 PROB GRP:  2  0.317 PROB GRP:  3  0.457
2012 LEPS:  -3.920 PROB GRP:  1  0.520 PROB GRP:  2  0.480 OBSERVED CAT:  2 MAXL:       -0.10 SD:        1.95 AV:        4.37 SN:  PROB GRP:  1  0.352 PROB GRP:  2  0.333 PROB GRP:  3  0.315
2013 LEPS:  10.794 PROB GRP:  1  0.446 PROB GRP:  2  0.554 OBSERVED CAT:  2 MAXL:        0.27 SD:        1.95 AV:        4.37 SN:  PROB GRP:  1  0.285 PROB GRP:  2  0.330 PROB GRP:  3  0.384
2014 LEPS:  19.476 PROB GRP:  1  0.597 PROB GRP:  2  0.403 OBSERVED CAT:  1 MAXL:       -0.48 SD:        1.95 AV:        4.37 SN:  PROB GRP:  1  0.428 PROB GRP:  2  0.324 PROB GRP:  3  0.249
2015 LEPS:  43.153 PROB GRP:  1  0.716 PROB GRP:  2  0.284 OBSERVED CAT:  1 MAXL:       -1.12 SD:        1.95 AV:        4.37 SN:  PROB GRP:  1  0.556 PROB GRP:  2  0.286 PROB GRP:  3  0.158
2016 LEPS: -23.638 PROB GRP:  1  0.382 PROB GRP:  2  0.618 OBSERVED CAT:  1 MAXL:        0.59 SD:        1.95 AV:        4.37 SN:  PROB GRP:  1  0.232 PROB GRP:  2  0.319 PROB GRP:  3  0.449
2017 LEPS: -18.701 PROB GRP:  1  0.406 PROB GRP:  2  0.594 OBSERVED CAT:  1 MAXL:        0.46 SD:        1.95 AV:        4.37 SN:  PROB GRP:  1  0.252 PROB GRP:  2  0.325 PROB GRP:  3  0.424
2018 LEPS: -15.514 PROB GRP:  1  0.578 PROB GRP:  2  0.422 OBSERVED CAT:  2 MAXL:       -0.38 SD:        1.95 AV:        4.37 SN:  PROB GRP:  1  0.408 PROB GRP:  2  0.327 PROB GRP:  3  0.265
2019 LEPS:  19.815 PROB GRP:  1  0.599 PROB GRP:  2  0.401 OBSERVED CAT:  1 MAXL:       -0.49 SD:        1.95 AV:        4.37 SN:  PROB GRP:  1  0.429 PROB GRP:  2  0.323 PROB GRP:  3  0.247
2020 LEPS: -25.229 PROB GRP:  1  0.374 PROB GRP:  2  0.626 OBSERVED CAT:  1 MAXL:        0.63 SD:        1.95 AV:        4.37 SN:  PROB GRP:  1  0.225 PROB GRP:  2  0.317 PROB GRP:  3  0.457
2021 LEPS:   0.000 PROB GRP:  1  0.362 PROB GRP:  2  0.638 OBSERVED CAT:  0 MAXL:        0.69 SD:        1.95 AV:        4.37 SN:  PROB GRP:  1  0.216 PROB GRP:  2  0.314 PROB GRP:  3  0.470
