 PREDICTAND GROUPS BY YEAR
197019711972197319741975197619771978197919801981198219831984198519861987198819891990199119921993199419951996199719981999200020012002200320042005200620072008200920102011201220132014201520162017201820192020
  1.  2.  2.  2.  1.  1.  2.  2.  1.  2.  2.  1.  2.  1.  2.  1.  2.  1.  2.  1.  1.  2.  2.  1.  1.  1.  2.  2.  2.  2.  1.  1.  2.  1.  2.  1.  1.  1.  1.  2.  2.  1.  1.  2.  1.  2.  1.  1.  1.  1.  2.
 TERCILE BOUNDARIES:    4.0000000       8.0000000      MEDIAN:    6.0000000    

FCST PERIOD: 1970 TO 2020

PREDICTOR BASE MONTH : 07
GROUP DATA BASE MONTH: 07

PREDICTAND - STATION:   1
1970 LEPS:   3.654 PROB GRP:  1  0.518 PROB GRP:  2  0.482 OBSERVED CAT:  1 MAXL:       -0.15 SD:        3.19 AV:        6.43 SN:  PROB GRP:  1  0.351 PROB GRP:  2  0.333 PROB GRP:  3  0.316
1971 LEPS: -10.541 PROB GRP:  1  0.553 PROB GRP:  2  0.447 OBSERVED CAT:  2 MAXL:       -0.43 SD:        3.19 AV:        6.43 SN:  PROB GRP:  1  0.383 PROB GRP:  2  0.331 PROB GRP:  3  0.286
1972 LEPS:   5.429 PROB GRP:  1  0.473 PROB GRP:  2  0.527 OBSERVED CAT:  2 MAXL:        0.22 SD:        3.19 AV:        6.43 SN:  PROB GRP:  1  0.309 PROB GRP:  2  0.333 PROB GRP:  3  0.359
1973 LEPS: -10.338 PROB GRP:  1  0.552 PROB GRP:  2  0.448 OBSERVED CAT:  2 MAXL:       -0.42 SD:        3.19 AV:        6.43 SN:  PROB GRP:  1  0.383 PROB GRP:  2  0.331 PROB GRP:  3  0.287
1974 LEPS:   7.830 PROB GRP:  1  0.539 PROB GRP:  2  0.461 OBSERVED CAT:  1 MAXL:       -0.32 SD:        3.19 AV:        6.43 SN:  PROB GRP:  1  0.370 PROB GRP:  2  0.332 PROB GRP:  3  0.298
1975 LEPS:  11.679 PROB GRP:  1  0.558 PROB GRP:  2  0.442 OBSERVED CAT:  1 MAXL:       -0.47 SD:        3.19 AV:        6.43 SN:  PROB GRP:  1  0.389 PROB GRP:  2  0.330 PROB GRP:  3  0.281
1976 LEPS:   5.186 PROB GRP:  1  0.474 PROB GRP:  2  0.526 OBSERVED CAT:  2 MAXL:        0.21 SD:        3.19 AV:        6.43 SN:  PROB GRP:  1  0.310 PROB GRP:  2  0.333 PROB GRP:  3  0.358
1977 LEPS:   5.070 PROB GRP:  1  0.475 PROB GRP:  2  0.525 OBSERVED CAT:  2 MAXL:        0.21 SD:        3.19 AV:        6.43 SN:  PROB GRP:  1  0.310 PROB GRP:  2  0.333 PROB GRP:  3  0.357
1978 LEPS:  -2.426 PROB GRP:  1  0.512 PROB GRP:  2  0.488 OBSERVED CAT:  2 MAXL:       -0.10 SD:        3.19 AV:        6.43 SN:  PROB GRP:  1  0.345 PROB GRP:  2  0.333 PROB GRP:  3  0.322
1979 LEPS:   2.048 PROB GRP:  1  0.490 PROB GRP:  2  0.510 OBSERVED CAT:  2 MAXL:        0.08 SD:        3.19 AV:        6.43 SN:  PROB GRP:  1  0.324 PROB GRP:  2  0.333 PROB GRP:  3  0.343
1980 LEPS:   0.848 PROB GRP:  1  0.496 PROB GRP:  2  0.504 OBSERVED CAT:  2 MAXL:        0.04 SD:        3.19 AV:        6.43 SN:  PROB GRP:  1  0.329 PROB GRP:  2  0.333 PROB GRP:  3  0.338
1981 LEPS:   6.283 PROB GRP:  1  0.531 PROB GRP:  2  0.469 OBSERVED CAT:  1 MAXL:       -0.25 SD:        3.19 AV:        6.43 SN:  PROB GRP:  1  0.363 PROB GRP:  2  0.332 PROB GRP:  3  0.305
1982 LEPS:   5.331 PROB GRP:  1  0.473 PROB GRP:  2  0.527 OBSERVED CAT:  2 MAXL:        0.22 SD:        3.19 AV:        6.43 SN:  PROB GRP:  1  0.309 PROB GRP:  2  0.333 PROB GRP:  3  0.359
1983 LEPS:   1.250 PROB GRP:  1  0.506 PROB GRP:  2  0.494 OBSERVED CAT:  1 MAXL:       -0.05 SD:        3.19 AV:        6.43 SN:  PROB GRP:  1  0.339 PROB GRP:  2  0.333 PROB GRP:  3  0.327
1984 LEPS:  -2.052 PROB GRP:  1  0.510 PROB GRP:  2  0.490 OBSERVED CAT:  2 MAXL:       -0.09 SD:        3.19 AV:        6.43 SN:  PROB GRP:  1  0.343 PROB GRP:  2  0.333 PROB GRP:  3  0.323
1985 LEPS:  -1.920 PROB GRP:  1  0.510 PROB GRP:  2  0.490 OBSERVED CAT:  2 MAXL:       -0.08 SD:        3.19 AV:        6.43 SN:  PROB GRP:  1  0.343 PROB GRP:  2  0.333 PROB GRP:  3  0.324
1986 LEPS:   1.833 PROB GRP:  1  0.491 PROB GRP:  2  0.509 OBSERVED CAT:  2 MAXL:        0.08 SD:        3.19 AV:        6.43 SN:  PROB GRP:  1  0.324 PROB GRP:  2  0.333 PROB GRP:  3  0.342
1987 LEPS: -17.582 PROB GRP:  1  0.412 PROB GRP:  2  0.588 OBSERVED CAT:  1 MAXL:        0.71 SD:        3.19 AV:        6.43 SN:  PROB GRP:  1  0.256 PROB GRP:  2  0.326 PROB GRP:  3  0.418
1988 LEPS: -16.863 PROB GRP:  1  0.584 PROB GRP:  2  0.416 OBSERVED CAT:  2 MAXL:       -0.68 SD:        3.19 AV:        6.43 SN:  PROB GRP:  1  0.414 PROB GRP:  2  0.326 PROB GRP:  3  0.259
1989 LEPS:   3.013 PROB GRP:  1  0.515 PROB GRP:  2  0.485 OBSERVED CAT:  1 MAXL:       -0.12 SD:        3.19 AV:        6.43 SN:  PROB GRP:  1  0.348 PROB GRP:  2  0.333 PROB GRP:  3  0.319
1990 LEPS:  -1.701 PROB GRP:  1  0.491 PROB GRP:  2  0.509 OBSERVED CAT:  1 MAXL:        0.07 SD:        3.19 AV:        6.43 SN:  PROB GRP:  1  0.325 PROB GRP:  2  0.333 PROB GRP:  3  0.342
1991 LEPS:   4.104 PROB GRP:  1  0.480 PROB GRP:  2  0.520 OBSERVED CAT:  2 MAXL:        0.17 SD:        3.19 AV:        6.43 SN:  PROB GRP:  1  0.314 PROB GRP:  2  0.333 PROB GRP:  3  0.353
1992 LEPS:   0.683 PROB GRP:  1  0.497 PROB GRP:  2  0.503 OBSERVED CAT:  2 MAXL:        0.03 SD:        3.19 AV:        6.43 SN:  PROB GRP:  1  0.330 PROB GRP:  2  0.333 PROB GRP:  3  0.337
1993 LEPS: -11.795 PROB GRP:  1  0.441 PROB GRP:  2  0.559 OBSERVED CAT:  1 MAXL:        0.48 SD:        3.19 AV:        6.43 SN:  PROB GRP:  1  0.281 PROB GRP:  2  0.330 PROB GRP:  3  0.390
1994 LEPS: -22.537 PROB GRP:  1  0.387 PROB GRP:  2  0.613 OBSERVED CAT:  1 MAXL:        0.92 SD:        3.19 AV:        6.43 SN:  PROB GRP:  1  0.236 PROB GRP:  2  0.321 PROB GRP:  3  0.443
1995 LEPS:   2.855 PROB GRP:  1  0.514 PROB GRP:  2  0.486 OBSERVED CAT:  1 MAXL:       -0.12 SD:        3.19 AV:        6.43 SN:  PROB GRP:  1  0.347 PROB GRP:  2  0.333 PROB GRP:  3  0.320
1996 LEPS:  -5.396 PROB GRP:  1  0.527 PROB GRP:  2  0.473 OBSERVED CAT:  2 MAXL:       -0.22 SD:        3.19 AV:        6.43 SN:  PROB GRP:  1  0.359 PROB GRP:  2  0.333 PROB GRP:  3  0.308
1997 LEPS:   5.504 PROB GRP:  1  0.473 PROB GRP:  2  0.527 OBSERVED CAT:  2 MAXL:        0.22 SD:        3.19 AV:        6.43 SN:  PROB GRP:  1  0.308 PROB GRP:  2  0.333 PROB GRP:  3  0.359
1998 LEPS: -11.837 PROB GRP:  1  0.559 PROB GRP:  2  0.441 OBSERVED CAT:  2 MAXL:       -0.48 SD:        3.19 AV:        6.43 SN:  PROB GRP:  1  0.390 PROB GRP:  2  0.330 PROB GRP:  3  0.281
1999 LEPS:  -1.947 PROB GRP:  1  0.510 PROB GRP:  2  0.490 OBSERVED CAT:  2 MAXL:       -0.08 SD:        3.19 AV:        6.43 SN:  PROB GRP:  1  0.343 PROB GRP:  2  0.333 PROB GRP:  3  0.324
2000 LEPS:   3.704 PROB GRP:  1  0.518 PROB GRP:  2  0.482 OBSERVED CAT:  1 MAXL:       -0.15 SD:        3.19 AV:        6.43 SN:  PROB GRP:  1  0.351 PROB GRP:  2  0.333 PROB GRP:  3  0.316
2001 LEPS:  -2.861 PROB GRP:  1  0.486 PROB GRP:  2  0.514 OBSERVED CAT:  1 MAXL:        0.12 SD:        3.19 AV:        6.43 SN:  PROB GRP:  1  0.320 PROB GRP:  2  0.333 PROB GRP:  3  0.347
2002 LEPS:   4.581 PROB GRP:  1  0.477 PROB GRP:  2  0.523 OBSERVED CAT:  2 MAXL:        0.19 SD:        3.19 AV:        6.43 SN:  PROB GRP:  1  0.312 PROB GRP:  2  0.333 PROB GRP:  3  0.355
2003 LEPS:   0.211 PROB GRP:  1  0.501 PROB GRP:  2  0.499 OBSERVED CAT:  1 MAXL:        0.00 SD:        3.19 AV:        6.43 SN:  PROB GRP:  1  0.333 PROB GRP:  2  0.333 PROB GRP:  3  0.333
2004 LEPS:   2.952 PROB GRP:  1  0.485 PROB GRP:  2  0.515 OBSERVED CAT:  2 MAXL:        0.12 SD:        3.19 AV:        6.43 SN:  PROB GRP:  1  0.320 PROB GRP:  2  0.333 PROB GRP:  3  0.347
2005 LEPS:  -0.096 PROB GRP:  1  0.499 PROB GRP:  2  0.501 OBSERVED CAT:  1 MAXL:        0.00 SD:        3.19 AV:        6.43 SN:  PROB GRP:  1  0.333 PROB GRP:  2  0.333 PROB GRP:  3  0.333
2006 LEPS: -10.364 PROB GRP:  1  0.448 PROB GRP:  2  0.552 OBSERVED CAT:  1 MAXL:        0.42 SD:        3.19 AV:        6.43 SN:  PROB GRP:  1  0.287 PROB GRP:  2  0.331 PROB GRP:  3  0.383
2007 LEPS:   0.272 PROB GRP:  1  0.501 PROB GRP:  2  0.499 OBSERVED CAT:  1 MAXL:       -0.02 SD:        3.19 AV:        6.43 SN:  PROB GRP:  1  0.335 PROB GRP:  2  0.333 PROB GRP:  3  0.332
2008 LEPS:   6.688 PROB GRP:  1  0.533 PROB GRP:  2  0.467 OBSERVED CAT:  1 MAXL:       -0.27 SD:        3.19 AV:        6.43 SN:  PROB GRP:  1  0.365 PROB GRP:  2  0.332 PROB GRP:  3  0.303
2009 LEPS:  -0.463 PROB GRP:  1  0.502 PROB GRP:  2  0.498 OBSERVED CAT:  2 MAXL:       -0.02 SD:        3.19 AV:        6.43 SN:  PROB GRP:  1  0.336 PROB GRP:  2  0.333 PROB GRP:  3  0.331
2010 LEPS: -27.147 PROB GRP:  1  0.636 PROB GRP:  2  0.364 OBSERVED CAT:  2 MAXL:       -1.11 SD:        3.19 AV:        6.43 SN:  PROB GRP:  1  0.467 PROB GRP:  2  0.315 PROB GRP:  3  0.218
2011 LEPS:   6.628 PROB GRP:  1  0.533 PROB GRP:  2  0.467 OBSERVED CAT:  1 MAXL:       -0.27 SD:        3.19 AV:        6.43 SN:  PROB GRP:  1  0.364 PROB GRP:  2  0.332 PROB GRP:  3  0.303
2012 LEPS:  -0.724 PROB GRP:  1  0.496 PROB GRP:  2  0.504 OBSERVED CAT:  1 MAXL:        0.03 SD:        3.19 AV:        6.43 SN:  PROB GRP:  1  0.329 PROB GRP:  2  0.333 PROB GRP:  3  0.337
2013 LEPS:  -3.319 PROB GRP:  1  0.517 PROB GRP:  2  0.483 OBSERVED CAT:  2 MAXL:       -0.14 SD:        3.19 AV:        6.43 SN:  PROB GRP:  1  0.349 PROB GRP:  2  0.333 PROB GRP:  3  0.318
2014 LEPS:  -7.220 PROB GRP:  1  0.464 PROB GRP:  2  0.536 OBSERVED CAT:  1 MAXL:        0.30 SD:        3.19 AV:        6.43 SN:  PROB GRP:  1  0.300 PROB GRP:  2  0.332 PROB GRP:  3  0.368
2015 LEPS:   5.664 PROB GRP:  1  0.472 PROB GRP:  2  0.528 OBSERVED CAT:  2 MAXL:        0.23 SD:        3.19 AV:        6.43 SN:  PROB GRP:  1  0.307 PROB GRP:  2  0.332 PROB GRP:  3  0.360
2016 LEPS:   6.324 PROB GRP:  1  0.532 PROB GRP:  2  0.468 OBSERVED CAT:  1 MAXL:       -0.25 SD:        3.19 AV:        6.43 SN:  PROB GRP:  1  0.363 PROB GRP:  2  0.332 PROB GRP:  3  0.305
2017 LEPS:   5.316 PROB GRP:  1  0.526 PROB GRP:  2  0.474 OBSERVED CAT:  1 MAXL:       -0.21 SD:        3.19 AV:        6.43 SN:  PROB GRP:  1  0.358 PROB GRP:  2  0.333 PROB GRP:  3  0.309
2018 LEPS:  -4.596 PROB GRP:  1  0.477 PROB GRP:  2  0.523 OBSERVED CAT:  1 MAXL:        0.19 SD:        3.19 AV:        6.43 SN:  PROB GRP:  1  0.312 PROB GRP:  2  0.333 PROB GRP:  3  0.355
2019 LEPS:  -7.385 PROB GRP:  1  0.463 PROB GRP:  2  0.537 OBSERVED CAT:  1 MAXL:        0.30 SD:        3.19 AV:        6.43 SN:  PROB GRP:  1  0.300 PROB GRP:  2  0.332 PROB GRP:  3  0.368
2020 LEPS:  -7.513 PROB GRP:  1  0.538 PROB GRP:  2  0.462 OBSERVED CAT:  2 MAXL:       -0.30 SD:        3.19 AV:        6.43 SN:  PROB GRP:  1  0.369 PROB GRP:  2  0.332 PROB GRP:  3  0.299
2021 LEPS:   0.000 PROB GRP:  1  0.548 PROB GRP:  2  0.452 OBSERVED CAT:  0 MAXL:       -0.39 SD:        3.19 AV:        6.43 SN:  PROB GRP:  1  0.378 PROB GRP:  2  0.331 PROB GRP:  3  0.291
